Archive member included because of file (symbol)

C:\Users\Rohit\AppData\Local\arduino15\packages\arduino\hardware\sam\1.6.11\variants\arduino_due_x/libsam_sam3x8e_gcc_rel.a(pio.o)
                              E:\documents\ARDUINO\buildfolder\powerSupply\arduino_due_x_dbg\Debug\variant\variant.cpp.o (PIO_Configure)
C:\Users\Rohit\AppData\Local\arduino15\packages\arduino\hardware\sam\1.6.11\variants\arduino_due_x/libsam_sam3x8e_gcc_rel.a(pmc.o)
                              E:\documents\ARDUINO\buildfolder\powerSupply\arduino_due_x_dbg\Debug\variant\variant.cpp.o (pmc_enable_periph_clk)
C:\Users\Rohit\AppData\Local\arduino15\packages\arduino\hardware\sam\1.6.11\variants\arduino_due_x/libsam_sam3x8e_gcc_rel.a(system_sam3xa.o)
                              E:\documents\ARDUINO\buildfolder\powerSupply\arduino_due_x_dbg\Debug\variant\variant.cpp.o (SystemInit)
C:\Users\Rohit\AppData\Local\arduino15\packages\arduino\hardware\sam\1.6.11\variants\arduino_due_x/libsam_sam3x8e_gcc_rel.a(startup_sam3xa.o)
                              (Reset_Handler)
C:\Users\Rohit\AppData\Local\arduino15\packages\arduino\hardware\sam\1.6.11\variants\arduino_due_x/libsam_sam3x8e_gcc_rel.a(adc.o)
                              E:\documents\ARDUINO\buildfolder\powerSupply\arduino_due_x_dbg\Debug\variant\variant.cpp.o (adc_init)
C:\Users\Rohit\AppData\Local\arduino15\packages\arduino\hardware\sam\1.6.11\variants\arduino_due_x/libsam_sam3x8e_gcc_rel.a(uotghs.o)
                              C:\Users\Rohit\AppData\Local\arduino15\packages\arduino\hardware\sam\1.6.11\variants\arduino_due_x/libsam_sam3x8e_gcc_rel.a(startup_sam3xa.o) (UOTGHS_Handler)
E:\documents\ARDUINO\buildfolder\powerSupply\arduino_due_x_dbg\Debug/core.a(cortex_handlers.c.o)
                              C:\Users\Rohit\AppData\Local\arduino15\packages\arduino\hardware\sam\1.6.11\variants\arduino_due_x/libsam_sam3x8e_gcc_rel.a(startup_sam3xa.o) (NMI_Handler)
E:\documents\ARDUINO\buildfolder\powerSupply\arduino_due_x_dbg\Debug/core.a(hooks.c.o)
                              E:\documents\ARDUINO\buildfolder\powerSupply\arduino_due_x_dbg\Debug/core.a(cortex_handlers.c.o) (sysTickHook)
E:\documents\ARDUINO\buildfolder\powerSupply\arduino_due_x_dbg\Debug/core.a(syscalls_sam3.c.o)
                              (_sbrk)
E:\documents\ARDUINO\buildfolder\powerSupply\arduino_due_x_dbg\Debug/core.a(wiring.c.o)
                              E:\documents\ARDUINO\buildfolder\powerSupply\arduino_due_x_dbg\Debug\Keypad\Keypad.cpp.o (millis)
E:\documents\ARDUINO\buildfolder\powerSupply\arduino_due_x_dbg\Debug/core.a(wiring_analog.c.o)
                              E:\documents\ARDUINO\buildfolder\powerSupply\arduino_due_x_dbg\Debug\variant\variant.cpp.o (analogOutputInit)
E:\documents\ARDUINO\buildfolder\powerSupply\arduino_due_x_dbg\Debug/core.a(wiring_digital.c.o)
                              E:\documents\ARDUINO\buildfolder\powerSupply\arduino_due_x_dbg\Debug\powerSupply.cpp.o (pinMode)
E:\documents\ARDUINO\buildfolder\powerSupply\arduino_due_x_dbg\Debug/core.a(main.cpp.o)
                              c:/users/rohit/appdata/local/arduino15/packages/arduino/tools/arm-none-eabi-gcc/4.8.3-2014q1/bin/../lib/gcc/arm-none-eabi/4.8.3/../../../../arm-none-eabi/lib/armv7-m/crt0.o (main)
E:\documents\ARDUINO\buildfolder\powerSupply\arduino_due_x_dbg\Debug/core.a(Print.cpp.o)
                              E:\documents\ARDUINO\buildfolder\powerSupply\arduino_due_x_dbg\Debug\LiquidCrystal\LiquidCrystal.cpp.o (Print::write(unsigned char const*, unsigned int))
E:\documents\ARDUINO\buildfolder\powerSupply\arduino_due_x_dbg\Debug/core.a(Reset.cpp.o)
                              E:\documents\ARDUINO\buildfolder\powerSupply\arduino_due_x_dbg\Debug/core.a(cortex_handlers.c.o) (tickReset)
E:\documents\ARDUINO\buildfolder\powerSupply\arduino_due_x_dbg\Debug/core.a(RingBuffer.cpp.o)
                              E:\documents\ARDUINO\buildfolder\powerSupply\arduino_due_x_dbg\Debug\variant\variant.cpp.o (RingBuffer::RingBuffer())
E:\documents\ARDUINO\buildfolder\powerSupply\arduino_due_x_dbg\Debug/core.a(UARTClass.cpp.o)
                              E:\documents\ARDUINO\buildfolder\powerSupply\arduino_due_x_dbg\Debug\variant\variant.cpp.o (UARTClass::available())
E:\documents\ARDUINO\buildfolder\powerSupply\arduino_due_x_dbg\Debug/core.a(USARTClass.cpp.o)
                              E:\documents\ARDUINO\buildfolder\powerSupply\arduino_due_x_dbg\Debug\variant\variant.cpp.o (USARTClass::USARTClass(Usart*, IRQn, unsigned long, RingBuffer*, RingBuffer*))
E:\documents\ARDUINO\buildfolder\powerSupply\arduino_due_x_dbg\Debug/core.a(watchdog.cpp.o)
                              E:\documents\ARDUINO\buildfolder\powerSupply\arduino_due_x_dbg\Debug/core.a(main.cpp.o) (watchdogSetup())
E:\documents\ARDUINO\buildfolder\powerSupply\arduino_due_x_dbg\Debug/core.a(USBCore.cpp.o)
                              E:\documents\ARDUINO\buildfolder\powerSupply\arduino_due_x_dbg\Debug/core.a(main.cpp.o) (USBDevice_::attach())
[...]
Memory Configuration

Name             Origin             Length             Attributes
rom              0x00080000         0x00080000         xr
sram0            0x20000000         0x00010000         xrw
sram1            0x20080000         0x00008000         xrw
ram              0x20070000         0x00018000         xrw
*default*        0x00000000         0xffffffff

Linker script and memory map

LOAD c:/users/rohit/appdata/local/arduino15/packages/arduino/tools/arm-none-eabi-gcc/4.8.3-2014q1/bin/../lib/gcc/arm-none-eabi/4.8.3/armv7-m/crti.o
LOAD c:/users/rohit/appdata/local/arduino15/packages/arduino/tools/arm-none-eabi-gcc/4.8.3-2014q1/bin/../lib/gcc/arm-none-eabi/4.8.3/armv7-m/crtbegin.o
LOAD c:/users/rohit/appdata/local/arduino15/packages/arduino/tools/arm-none-eabi-gcc/4.8.3-2014q1/bin/../lib/gcc/arm-none-eabi/4.8.3/../../../../arm-none-eabi/lib/armv7-m/crt0.o
START GROUP
LOAD E:\documents\ARDUINO\buildfolder\powerSupply\arduino_due_x_dbg\Debug\powerSupply.cpp.o
LOAD E:\documents\ARDUINO\buildfolder\powerSupply\arduino_due_x_dbg\Debug\LiquidCrystal\LiquidCrystal.cpp.o
LOAD E:\documents\ARDUINO\buildfolder\powerSupply\arduino_due_x_dbg\Debug\Keypad\Key.cpp.o
LOAD E:\documents\ARDUINO\buildfolder\powerSupply\arduino_due_x_dbg\Debug\Keypad\Keypad.cpp.o
LOAD E:\documents\ARDUINO\buildfolder\powerSupply\arduino_due_x_dbg\Debug\variant\variant.cpp.o
LOAD C:\Users\Rohit\AppData\Local\arduino15\packages\arduino\hardware\sam\1.6.11\variants\arduino_due_x/libsam_sam3x8e_gcc_rel.a
LOAD E:\documents\ARDUINO\buildfolder\powerSupply\arduino_due_x_dbg\Debug/core.a
END GROUP
LOAD c:/users/rohit/appdata/local/arduino15/packages/arduino/tools/arm-none-eabi-gcc/4.8.3-2014q1/bin/../lib/gcc/arm-none-eabi/4.8.3/../../../../arm-none-eabi/lib/armv7-m\libm.a
START GROUP
LOAD c:/users/rohit/appdata/local/arduino15/packages/arduino/tools/arm-none-eabi-gcc/4.8.3-2014q1/bin/../lib/gcc/arm-none-eabi/4.8.3/armv7-m\libgcc.a
LOAD c:/users/rohit/appdata/local/arduino15/packages/arduino/tools/arm-none-eabi-gcc/4.8.3-2014q1/bin/../lib/gcc/arm-none-eabi/4.8.3/../../../../arm-none-eabi/lib/armv7-m\libg.a
LOAD c:/users/rohit/appdata/local/arduino15/packages/arduino/tools/arm-none-eabi-gcc/4.8.3-2014q1/bin/../lib/gcc/arm-none-eabi/4.8.3/../../../../arm-none-eabi/lib/armv7-m\libc.a
END GROUP
LOAD c:/users/rohit/appdata/local/arduino15/packages/arduino/tools/arm-none-eabi-gcc/4.8.3-2014q1/bin/../lib/gcc/arm-none-eabi/4.8.3/armv7-m/crtend.o
LOAD c:/users/rohit/appdata/local/arduino15/packages/arduino/tools/arm-none-eabi-gcc/4.8.3-2014q1/bin/../lib/gcc/arm-none-eabi/4.8.3/armv7-m/crtn.o

.text           0x00080000     0x5c78
                0x00080000                . = ALIGN (0x4)
                0x00080000                _sfixed = .
 *(.vectors .vectors.*)
 .vectors       0x00080000       0xf4 C:\Users\Rohit\AppData\Local\arduino15\packages\arduino\hardware\sam\1.6.11\variants\arduino_due_x/libsam_sam3x8e_gcc_rel.a(startup_sam3xa.o)
                0x00080000                exception_table
 *(.text .text.* .gnu.linkonce.t.*)
 .text          0x000800f4       0x54 c:/users/rohit/appdata/local/arduino15/packages/arduino/tools/arm-none-eabi-gcc/4.8.3-2014q1/bin/../lib/gcc/arm-none-eabi/4.8.3/armv7-m/crtbegin.o
 .text.loop     0x00080148       0x20 E:\documents\ARDUINO\buildfolder\powerSupply\arduino_due_x_dbg\Debug\powerSupply.cpp.o
                0x00080148                loop
 .text.startup._GLOBAL__sub_I_lcd
                0x00080168       0x44 E:\documents\ARDUINO\buildfolder\powerSupply\arduino_due_x_dbg\Debug\powerSupply.cpp.o
 .text.setup    0x000801ac       0x50 E:\documents\ARDUINO\buildfolder\powerSupply\arduino_due_x_dbg\Debug\powerSupply.cpp.o
                0x000801ac                setup
 .text._ZN13LiquidCrystal11pulseEnableEv
                0x000801fc       0x38 E:\documents\ARDUINO\buildfolder\powerSupply\arduino_due_x_dbg\Debug\LiquidCrystal\LiquidCrystal.cpp.o
                0x000801fc                LiquidCrystal::pulseEnable()
 .text._ZN13LiquidCrystal10write4bitsEh
                0x00080234       0x28 E:\documents\ARDUINO\buildfolder\powerSupply\arduino_due_x_dbg\Debug\LiquidCrystal\LiquidCrystal.cpp.o
                0x00080234                LiquidCrystal::write4bits(unsigned char)
 .text._ZN13LiquidCrystal10write8bitsEh
                0x0008025c       0x28 E:\documents\ARDUINO\buildfolder\powerSupply\arduino_due_x_dbg\Debug\LiquidCrystal\LiquidCrystal.cpp.o
                0x0008025c                LiquidCrystal::write8bits(unsigned char)
 .text._ZN13LiquidCrystal4sendEhh
                0x00080284       0x3e E:\documents\ARDUINO\buildfolder\powerSupply\arduino_due_x_dbg\Debug\LiquidCrystal\LiquidCrystal.cpp.o
                0x00080284                LiquidCrystal::send(unsigned char, unsigned char)
 .text._ZN13LiquidCrystal7commandEh
                0x000802c2        0x6 E:\documents\ARDUINO\buildfolder\powerSupply\arduino_due_x_dbg\Debug\LiquidCrystal\LiquidCrystal.cpp.o
                0x000802c2                LiquidCrystal::command(unsigned char)
 .text._ZN13LiquidCrystal5clearEv
                0x000802c8       0x14 E:\documents\ARDUINO\buildfolder\powerSupply\arduino_due_x_dbg\Debug\LiquidCrystal\LiquidCrystal.cpp.o
                0x000802c8                LiquidCrystal::clear()
 .text._ZN13LiquidCrystal7displayEv
                0x000802dc       0x14 E:\documents\ARDUINO\buildfolder\powerSupply\arduino_due_x_dbg\Debug\LiquidCrystal\LiquidCrystal.cpp.o
                0x000802dc                LiquidCrystal::display()
 .text._ZN13LiquidCrystal5beginEhhh
                0x000802f0      0x134 E:\documents\ARDUINO\buildfolder\powerSupply\arduino_due_x_dbg\Debug\LiquidCrystal\LiquidCrystal.cpp.o
                0x000802f0                LiquidCrystal::begin(unsigned char, unsigned char, unsigned char)
 .text._ZN13LiquidCrystalC2Ehhhhhh
                0x00080424       0x44 E:\documents\ARDUINO\buildfolder\powerSupply\arduino_due_x_dbg\Debug\LiquidCrystal\LiquidCrystal.cpp.o
                0x00080424                LiquidCrystal::LiquidCrystal(unsigned char, unsigned char, unsigned char, unsigned char, unsigned char, unsigned char)
                0x00080424                LiquidCrystal::LiquidCrystal(unsigned char, unsigned char, unsigned char, unsigned char, unsigned char, unsigned char)
 .text._ZN13LiquidCrystal5writeEh
                0x00080468        0xc E:\documents\ARDUINO\buildfolder\powerSupply\arduino_due_x_dbg\Debug\LiquidCrystal\LiquidCrystal.cpp.o
                0x00080468                LiquidCrystal::write(unsigned char)
 .text._ZN3KeyC2Ev
                0x00080474        0xa E:\documents\ARDUINO\buildfolder\powerSupply\arduino_due_x_dbg\Debug\Keypad\Key.cpp.o
                0x00080474                Key::Key()
                0x00080474                Key::Key()
 .text._ZN6Keypad8pin_modeEhh
                0x0008047e        0x8 E:\documents\ARDUINO\buildfolder\powerSupply\arduino_due_x_dbg\Debug\Keypad\Keypad.cpp.o
                0x0008047e                Keypad::pin_mode(unsigned char, unsigned char)
 .text._ZN6Keypad9pin_writeEhb
                0x00080486        0x8 E:\documents\ARDUINO\buildfolder\powerSupply\arduino_due_x_dbg\Debug\Keypad\Keypad.cpp.o
                0x00080486                Keypad::pin_write(unsigned char, bool)
 .text._ZN6Keypad8pin_readEh
                0x0008048e        0x6 E:\documents\ARDUINO\buildfolder\powerSupply\arduino_due_x_dbg\Debug\Keypad\Keypad.cpp.o
                0x0008048e                Keypad::pin_read(unsigned char)
 .text._ZN6KeypadC2EPcPhS1_hh
                0x00080494       0x6c E:\documents\ARDUINO\buildfolder\powerSupply\arduino_due_x_dbg\Debug\Keypad\Keypad.cpp.o
                0x00080494                Keypad::Keypad(char*, unsigned char*, unsigned char*, unsigned char, unsigned char)
                0x00080494                Keypad::Keypad(char*, unsigned char*, unsigned char*, unsigned char, unsigned char)
 .text._ZN6Keypad8scanKeysEv
                0x00080500       0xbe E:\documents\ARDUINO\buildfolder\powerSupply\arduino_due_x_dbg\Debug\Keypad\Keypad.cpp.o
                0x00080500                Keypad::scanKeys()
 .text._ZN6Keypad10findInListEi
                0x000805be       0x1e E:\documents\ARDUINO\buildfolder\powerSupply\arduino_due_x_dbg\Debug\Keypad\Keypad.cpp.o
                0x000805be                Keypad::findInList(int)
 .text._ZN6Keypad12transitionToEh8KeyState
                0x000805dc       0x30 E:\documents\ARDUINO\buildfolder\powerSupply\arduino_due_x_dbg\Debug\Keypad\Keypad.cpp.o
                0x000805dc                Keypad::transitionTo(unsigned char, KeyState)
 .text._ZN6Keypad12nextKeyStateEhb
                0x0008060c       0x6c E:\documents\ARDUINO\buildfolder\powerSupply\arduino_due_x_dbg\Debug\Keypad\Keypad.cpp.o
                0x0008060c                Keypad::nextKeyState(unsigned char, bool)
 .text._ZN6Keypad10updateListEv
                0x00080678       0xc6 E:\documents\ARDUINO\buildfolder\powerSupply\arduino_due_x_dbg\Debug\Keypad\Keypad.cpp.o
                0x00080678                Keypad::updateList()
 .text._ZN6Keypad7getKeysEv
                0x0008073e       0x34 E:\documents\ARDUINO\buildfolder\powerSupply\arduino_due_x_dbg\Debug\Keypad\Keypad.cpp.o
                0x0008073e                Keypad::getKeys()
 .text._ZN6Keypad6getKeyEv
                0x00080772       0x2c E:\documents\ARDUINO\buildfolder\powerSupply\arduino_due_x_dbg\Debug\Keypad\Keypad.cpp.o
                0x00080772                Keypad::getKey()
 .text._Z11serialEventv
                0x0008079e        0x2 E:\documents\ARDUINO\buildfolder\powerSupply\arduino_due_x_dbg\Debug\variant\variant.cpp.o
                0x0008079e                serialEvent()
 .text.UART_Handler
                0x000807a0        0xc E:\documents\ARDUINO\buildfolder\powerSupply\arduino_due_x_dbg\Debug\variant\variant.cpp.o
                0x000807a0                UART_Handler
 .text._Z12serialEvent1v
                0x000807ac        0x2 E:\documents\ARDUINO\buildfolder\powerSupply\arduino_due_x_dbg\Debug\variant\variant.cpp.o
                0x000807ac                serialEvent1()
 .text._Z12serialEvent2v
                0x000807ae        0x2 E:\documents\ARDUINO\buildfolder\powerSupply\arduino_due_x_dbg\Debug\variant\variant.cpp.o
                0x000807ae                serialEvent2()
 .text._Z12serialEvent3v
                0x000807b0        0x2 E:\documents\ARDUINO\buildfolder\powerSupply\arduino_due_x_dbg\Debug\variant\variant.cpp.o
                0x000807b0                serialEvent3()
 *fill*         0x000807b2        0x2 
 .text.USART0_Handler
                0x000807b4        0xc E:\documents\ARDUINO\buildfolder\powerSupply\arduino_due_x_dbg\Debug\variant\variant.cpp.o
                0x000807b4                USART0_Handler
 .text.USART1_Handler
                0x000807c0        0xc E:\documents\ARDUINO\buildfolder\powerSupply\arduino_due_x_dbg\Debug\variant\variant.cpp.o
                0x000807c0                USART1_Handler
 .text.USART3_Handler
                0x000807cc        0xc E:\documents\ARDUINO\buildfolder\powerSupply\arduino_due_x_dbg\Debug\variant\variant.cpp.o
                0x000807cc                USART3_Handler
 .text.init     0x000807d8      0x128 E:\documents\ARDUINO\buildfolder\powerSupply\arduino_due_x_dbg\Debug\variant\variant.cpp.o
                0x000807d8                init
 .text.startup._GLOBAL__sub_I_g_APinDescription
                0x00080900       0xd4 E:\documents\ARDUINO\buildfolder\powerSupply\arduino_due_x_dbg\Debug\variant\variant.cpp.o
 .text._Z14serialEventRunv
                0x000809d4       0x44 E:\documents\ARDUINO\buildfolder\powerSupply\arduino_due_x_dbg\Debug\variant\variant.cpp.o
                0x000809d4                serialEventRun()
 .text.PIO_PullUp
                0x00080a18        0xa C:\Users\Rohit\AppData\Local\arduino15\packages\arduino\hardware\sam\1.6.11\variants\arduino_due_x/libsam_sam3x8e_gcc_rel.a(pio.o)
                0x00080a18                PIO_PullUp
 .text.PIO_Get  0x00080a22       0x14 C:\Users\Rohit\AppData\Local\arduino15\packages\arduino\hardware\sam\1.6.11\variants\arduino_due_x/libsam_sam3x8e_gcc_rel.a(pio.o)
                0x00080a22                PIO_Get
 .text.PIO_SetPeripheral
                0x00080a36       0x26 C:\Users\Rohit\AppData\Local\arduino15\packages\arduino\hardware\sam\1.6.11\variants\arduino_due_x/libsam_sam3x8e_gcc_rel.a(pio.o)
                0x00080a36                PIO_SetPeripheral
 .text.PIO_SetInput
                0x00080a5c       0x26 C:\Users\Rohit\AppData\Local\arduino15\packages\arduino\hardware\sam\1.6.11\variants\arduino_due_x/libsam_sam3x8e_gcc_rel.a(pio.o)
                0x00080a5c                PIO_SetInput
 .text.PIO_SetOutput
                0x00080a82       0x24 C:\Users\Rohit\AppData\Local\arduino15\packages\arduino\hardware\sam\1.6.11\variants\arduino_due_x/libsam_sam3x8e_gcc_rel.a(pio.o)
                0x00080a82                PIO_SetOutput
 *fill*         0x00080aa6        0x2 
 .text.PIO_Configure
                0x00080aa8       0x64 C:\Users\Rohit\AppData\Local\arduino15\packages\arduino\hardware\sam\1.6.11\variants\arduino_due_x/libsam_sam3x8e_gcc_rel.a(pio.o)
                0x00080aa8                PIO_Configure
 .text.PIO_GetOutputDataStatus
                0x00080b0c       0x14 C:\Users\Rohit\AppData\Local\arduino15\packages\arduino\hardware\sam\1.6.11\variants\arduino_due_x/libsam_sam3x8e_gcc_rel.a(pio.o)
                0x00080b0c                PIO_GetOutputDataStatus
 .text.pmc_enable_upll_clock
                0x00080b20       0x14 C:\Users\Rohit\AppData\Local\arduino15\packages\arduino\hardware\sam\1.6.11\variants\arduino_due_x/libsam_sam3x8e_gcc_rel.a(pmc.o)
                0x00080b20                pmc_enable_upll_clock
 .text.pmc_enable_periph_clk
                0x00080b34       0x44 C:\Users\Rohit\AppData\Local\arduino15\packages\arduino\hardware\sam\1.6.11\variants\arduino_due_x/libsam_sam3x8e_gcc_rel.a(pmc.o)
                0x00080b34                pmc_enable_periph_clk
 .text.pmc_disable_periph_clk
                0x00080b78       0x40 C:\Users\Rohit\AppData\Local\arduino15\packages\arduino\hardware\sam\1.6.11\variants\arduino_due_x/libsam_sam3x8e_gcc_rel.a(pmc.o)
                0x00080b78                pmc_disable_periph_clk
 .text.pmc_switch_udpck_to_upllck
                0x00080bb8       0x14 C:\Users\Rohit\AppData\Local\arduino15\packages\arduino\hardware\sam\1.6.11\variants\arduino_due_x/libsam_sam3x8e_gcc_rel.a(pmc.o)
                0x00080bb8                pmc_switch_udpck_to_upllck
 .text.pmc_enable_udpck
                0x00080bcc        0xc C:\Users\Rohit\AppData\Local\arduino15\packages\arduino\hardware\sam\1.6.11\variants\arduino_due_x/libsam_sam3x8e_gcc_rel.a(pmc.o)
                0x00080bcc                pmc_enable_udpck
 .text.SystemInit
                0x00080bd8       0x88 C:\Users\Rohit\AppData\Local\arduino15\packages\arduino\hardware\sam\1.6.11\variants\arduino_due_x/libsam_sam3x8e_gcc_rel.a(system_sam3xa.o)
                0x00080bd8                SystemInit
 .text.Reset_Handler
                0x00080c60       0x78 C:\Users\Rohit\AppData\Local\arduino15\packages\arduino\hardware\sam\1.6.11\variants\arduino_due_x/libsam_sam3x8e_gcc_rel.a(startup_sam3xa.o)
                0x00080c60                Reset_Handler
 .text.adc_init
                0x00080cd8       0x98 C:\Users\Rohit\AppData\Local\arduino15\packages\arduino\hardware\sam\1.6.11\variants\arduino_due_x/libsam_sam3x8e_gcc_rel.a(adc.o)
                0x00080cd8                adc_init
 .text.adc_configure_trigger
                0x00080d70        0xe C:\Users\Rohit\AppData\Local\arduino15\packages\arduino\hardware\sam\1.6.11\variants\arduino_due_x/libsam_sam3x8e_gcc_rel.a(adc.o)
                0x00080d70                adc_configure_trigger
 .text.adc_configure_timing
                0x00080d7e       0x1a C:\Users\Rohit\AppData\Local\arduino15\packages\arduino\hardware\sam\1.6.11\variants\arduino_due_x/libsam_sam3x8e_gcc_rel.a(adc.o)
                0x00080d7e                adc_configure_timing
 .text.adc_disable_channel
                0x00080d98        0xa C:\Users\Rohit\AppData\Local\arduino15\packages\arduino\hardware\sam\1.6.11\variants\arduino_due_x/libsam_sam3x8e_gcc_rel.a(adc.o)
                0x00080d98                adc_disable_channel
 .text.adc_disable_all_channel
                0x00080da2        0x8 C:\Users\Rohit\AppData\Local\arduino15\packages\arduino\hardware\sam\1.6.11\variants\arduino_due_x/libsam_sam3x8e_gcc_rel.a(adc.o)
                0x00080da2                adc_disable_all_channel
 .text.adc_disable_interrupt
                0x00080daa        0x4 C:\Users\Rohit\AppData\Local\arduino15\packages\arduino\hardware\sam\1.6.11\variants\arduino_due_x/libsam_sam3x8e_gcc_rel.a(adc.o)
                0x00080daa                adc_disable_interrupt
 *fill*         0x00080dae        0x2 
 .text.UOTGHS_Handler
                0x00080db0       0x10 C:\Users\Rohit\AppData\Local\arduino15\packages\arduino\hardware\sam\1.6.11\variants\arduino_due_x/libsam_sam3x8e_gcc_rel.a(uotghs.o)
                0x00080db0                UOTGHS_Handler
 .text.__halt   0x00080dc0        0x2 E:\documents\ARDUINO\buildfolder\powerSupply\arduino_due_x_dbg\Debug/core.a(cortex_handlers.c.o)
                0x00080dc0                DACC_Handler
                0x00080dc0                DebugMon_Handler
                0x00080dc0                DMAC_Handler
                0x00080dc0                TRNG_Handler
                0x00080dc0                HardFault_Handler
                0x00080dc0                TC2_Handler
                0x00080dc0                TWI1_Handler
                0x00080dc0                NMI_Handler
                0x00080dc0                TC7_Handler
                0x00080dc0                ADC_Handler
                0x00080dc0                SMC_Handler
                0x00080dc0                RTT_Handler
                0x00080dc0                EFC1_Handler
                0x00080dc0                PIOB_Handler
                0x00080dc0                RTC_Handler
                0x00080dc0                UsageFault_Handler
                0x00080dc0                TC6_Handler
                0x00080dc0                WDT_Handler
                0x00080dc0                CAN0_Handler
                0x00080dc0                TC4_Handler
                0x00080dc0                TC1_Handler
                0x00080dc0                HSMCI_Handler
                0x00080dc0                TC3_Handler
                0x00080dc0                TWI0_Handler
                0x00080dc0                PIOA_Handler
                0x00080dc0                SSC_Handler
                0x00080dc0                EFC0_Handler
                0x00080dc0                PMC_Handler
                0x00080dc0                PWM_Handler
                0x00080dc0                CAN1_Handler
                0x00080dc0                MemManage_Handler
                0x00080dc0                SUPC_Handler
                0x00080dc0                TC8_Handler
                0x00080dc0                USART2_Handler
                0x00080dc0                PIOD_Handler
                0x00080dc0                EMAC_Handler
                0x00080dc0                PIOC_Handler
                0x00080dc0                BusFault_Handler
                0x00080dc0                RSTC_Handler
                0x00080dc0                TC0_Handler
                0x00080dc0                TC5_Handler
                0x00080dc0                SPI0_Handler
 .text.SVC_Handler
                0x00080dc2        0x4 E:\documents\ARDUINO\buildfolder\powerSupply\arduino_due_x_dbg\Debug/core.a(cortex_handlers.c.o)
                0x00080dc2                SVC_Handler
 .text.PendSV_Handler
                0x00080dc6        0x4 E:\documents\ARDUINO\buildfolder\powerSupply\arduino_due_x_dbg\Debug/core.a(cortex_handlers.c.o)
                0x00080dc6                PendSV_Handler
 .text.SysTick_Handler
                0x00080dca       0x16 E:\documents\ARDUINO\buildfolder\powerSupply\arduino_due_x_dbg\Debug/core.a(cortex_handlers.c.o)
                0x00080dca                SysTick_Handler
 .text.__empty  0x00080de0        0x2 E:\documents\ARDUINO\buildfolder\powerSupply\arduino_due_x_dbg\Debug/core.a(hooks.c.o)
                0x00080de0                yield
 .text.__false  0x00080de2        0x4 E:\documents\ARDUINO\buildfolder\powerSupply\arduino_due_x_dbg\Debug/core.a(hooks.c.o)
                0x00080de2                sysTickHook
 .text.__halt   0x00080de6        0x2 E:\documents\ARDUINO\buildfolder\powerSupply\arduino_due_x_dbg\Debug/core.a(hooks.c.o)
                0x00080de6                svcHook
                0x00080de6                pendSVHook
 .text._sbrk    0x00080de8       0x1c E:\documents\ARDUINO\buildfolder\powerSupply\arduino_due_x_dbg\Debug/core.a(syscalls_sam3.c.o)
                0x00080de8                _sbrk
 .text.link     0x00080e04        0x6 E:\documents\ARDUINO\buildfolder\powerSupply\arduino_due_x_dbg\Debug/core.a(syscalls_sam3.c.o)
                0x00080e04                link
 .text._close   0x00080e0a        0x6 E:\documents\ARDUINO\buildfolder\powerSupply\arduino_due_x_dbg\Debug/core.a(syscalls_sam3.c.o)
                0x00080e0a                _close
 .text._fstat   0x00080e10        0xa E:\documents\ARDUINO\buildfolder\powerSupply\arduino_due_x_dbg\Debug/core.a(syscalls_sam3.c.o)
                0x00080e10                _fstat
 .text._isatty  0x00080e1a        0x4 E:\documents\ARDUINO\buildfolder\powerSupply\arduino_due_x_dbg\Debug/core.a(syscalls_sam3.c.o)
                0x00080e1a                _isatty
 .text._lseek   0x00080e1e        0x4 E:\documents\ARDUINO\buildfolder\powerSupply\arduino_due_x_dbg\Debug/core.a(syscalls_sam3.c.o)
                0x00080e1e                _lseek
 .text._read    0x00080e22        0x4 E:\documents\ARDUINO\buildfolder\powerSupply\arduino_due_x_dbg\Debug/core.a(syscalls_sam3.c.o)
                0x00080e22                _read
 *fill*         0x00080e26        0x2 
 .text._write   0x00080e28       0x24 E:\documents\ARDUINO\buildfolder\powerSupply\arduino_due_x_dbg\Debug/core.a(syscalls_sam3.c.o)
                0x00080e28                _write
 .text._exit    0x00080e4c       0x10 E:\documents\ARDUINO\buildfolder\powerSupply\arduino_due_x_dbg\Debug/core.a(syscalls_sam3.c.o)
                0x00080e4c                _exit
 .text._kill    0x00080e5c        0x2 E:\documents\ARDUINO\buildfolder\powerSupply\arduino_due_x_dbg\Debug/core.a(syscalls_sam3.c.o)
                0x00080e5c                _kill
 .text._getpid  0x00080e5e        0x6 E:\documents\ARDUINO\buildfolder\powerSupply\arduino_due_x_dbg\Debug/core.a(syscalls_sam3.c.o)
                0x00080e5e                _getpid
 .text.millis   0x00080e64        0x4 E:\documents\ARDUINO\buildfolder\powerSupply\arduino_due_x_dbg\Debug/core.a(wiring.c.o)
                0x00080e64                millis
 .text.delay    0x00080e68       0x1c E:\documents\ARDUINO\buildfolder\powerSupply\arduino_due_x_dbg\Debug/core.a(wiring.c.o)
                0x00080e68                delay
 .text.analogOutputInit
                0x00080e84        0x2 E:\documents\ARDUINO\buildfolder\powerSupply\arduino_due_x_dbg\Debug/core.a(wiring_analog.c.o)
                0x00080e84                analogOutputInit
 *fill*         0x00080e86        0x2 
 .text.pinMode  0x00080e88      0x108 E:\documents\ARDUINO\buildfolder\powerSupply\arduino_due_x_dbg\Debug/core.a(wiring_digital.c.o)
                0x00080e88                pinMode
 .text.digitalWrite
                0x00080f90       0x70 E:\documents\ARDUINO\buildfolder\powerSupply\arduino_due_x_dbg\Debug/core.a(wiring_digital.c.o)
                0x00080f90                digitalWrite
 .text.digitalRead
                0x00081000       0x44 E:\documents\ARDUINO\buildfolder\powerSupply\arduino_due_x_dbg\Debug/core.a(wiring_digital.c.o)
                0x00081000                digitalRead
 .text.initVariant
                0x00081044        0x2 E:\documents\ARDUINO\buildfolder\powerSupply\arduino_due_x_dbg\Debug/core.a(main.cpp.o)
                0x00081044                initVariant
 *fill*         0x00081046        0x2 
 .text.startup.main
                0x00081048       0x38 E:\documents\ARDUINO\buildfolder\powerSupply\arduino_due_x_dbg\Debug/core.a(main.cpp.o)
                0x00081048                main
 .text._ZN5Print5writeEPKhj
                0x00081080       0x22 E:\documents\ARDUINO\buildfolder\powerSupply\arduino_due_x_dbg\Debug/core.a(Print.cpp.o)
                0x00081080                Print::write(unsigned char const*, unsigned int)
 .text._ZN5Print5writeEPKc
                0x000810a2       0x1e E:\documents\ARDUINO\buildfolder\powerSupply\arduino_due_x_dbg\Debug/core.a(Print.cpp.o)
                0x000810a2                Print::write(char const*)
 .text._ZN5Print5printEPKc
                0x000810c0        0x8 E:\documents\ARDUINO\buildfolder\powerSupply\arduino_due_x_dbg\Debug/core.a(Print.cpp.o)
                0x000810c0                Print::print(char const*)
 .text._ZN5Print5printEc
                0x000810c8        0xa E:\documents\ARDUINO\buildfolder\powerSupply\arduino_due_x_dbg\Debug/core.a(Print.cpp.o)
                0x000810c8                Print::print(char)
 *fill*         0x000810d2        0x2 
 .text.initiateReset
                0x000810d4        0xc E:\documents\ARDUINO\buildfolder\powerSupply\arduino_due_x_dbg\Debug/core.a(Reset.cpp.o)
                0x000810d4                initiateReset
 .text.cancelReset
                0x000810e0       0x10 E:\documents\ARDUINO\buildfolder\powerSupply\arduino_due_x_dbg\Debug/core.a(Reset.cpp.o)
                0x000810e0                cancelReset
 .text.tickReset
                0x000810f0       0x20 E:\documents\ARDUINO\buildfolder\powerSupply\arduino_due_x_dbg\Debug/core.a(Reset.cpp.o)
                0x000810f0                tickReset
 .text._ZN10RingBufferC2Ev
                0x00081110       0x1a E:\documents\ARDUINO\buildfolder\powerSupply\arduino_due_x_dbg\Debug/core.a(RingBuffer.cpp.o)
                0x00081110                RingBuffer::RingBuffer()
                0x00081110                RingBuffer::RingBuffer()
 .text._ZN10RingBuffer10store_charEh
                0x0008112a       0x1e E:\documents\ARDUINO\buildfolder\powerSupply\arduino_due_x_dbg\Debug/core.a(RingBuffer.cpp.o)
                0x0008112a                RingBuffer::store_char(unsigned char)
 .text._ZN9UARTClasscvbEv
                0x00081148        0x4 E:\documents\ARDUINO\buildfolder\powerSupply\arduino_due_x_dbg\Debug/core.a(UARTClass.cpp.o)
                0x00081148                UARTClass::operator bool()
 .text._ZN9UARTClass9availableEv
                0x0008114c       0x12 E:\documents\ARDUINO\buildfolder\powerSupply\arduino_due_x_dbg\Debug/core.a(UARTClass.cpp.o)
                0x0008114c                UARTClass::available()
 .text._ZN9UARTClass4peekEv
                0x0008115e       0x1c E:\documents\ARDUINO\buildfolder\powerSupply\arduino_due_x_dbg\Debug/core.a(UARTClass.cpp.o)
                0x0008115e                UARTClass::peek()
 .text._ZN9UARTClass4readEv
                0x0008117a       0x2a E:\documents\ARDUINO\buildfolder\powerSupply\arduino_due_x_dbg\Debug/core.a(UARTClass.cpp.o)
                0x0008117a                UARTClass::read()
 .text._ZN9UARTClass5flushEv
                0x000811a4       0x18 E:\documents\ARDUINO\buildfolder\powerSupply\arduino_due_x_dbg\Debug/core.a(UARTClass.cpp.o)
                0x000811a4                UARTClass::flush()
 .text._ZN9UARTClass5writeEh
                0x000811bc       0x54 E:\documents\ARDUINO\buildfolder\powerSupply\arduino_due_x_dbg\Debug/core.a(UARTClass.cpp.o)
                0x000811bc                UARTClass::write(unsigned char)
 .text._ZN9UARTClass3endEv
                0x00081210       0x3c E:\documents\ARDUINO\buildfolder\powerSupply\arduino_due_x_dbg\Debug/core.a(UARTClass.cpp.o)
                0x00081210                UARTClass::end()
 .text._ZN9UARTClassC2EP4Uart4IRQnmP10RingBufferS4_
                0x0008124c       0x24 E:\documents\ARDUINO\buildfolder\powerSupply\arduino_due_x_dbg\Debug/core.a(UARTClass.cpp.o)
                0x0008124c                UARTClass::UARTClass(Uart*, IRQn, unsigned long, RingBuffer*, RingBuffer*)
                0x0008124c                UARTClass::UARTClass(Uart*, IRQn, unsigned long, RingBuffer*, RingBuffer*)
 .text._ZN9UARTClass4initEmm
                0x00081270       0x70 E:\documents\ARDUINO\buildfolder\powerSupply\arduino_due_x_dbg\Debug/core.a(UARTClass.cpp.o)
                0x00081270                UARTClass::init(unsigned long, unsigned long)
 .text._ZN9UARTClass5beginEm
                0x000812e0        0x8 E:\documents\ARDUINO\buildfolder\powerSupply\arduino_due_x_dbg\Debug/core.a(UARTClass.cpp.o)
                0x000812e0                UARTClass::begin(unsigned long)
 .text._ZN9UARTClass10IrqHandlerEv
                0x000812e8       0x5a E:\documents\ARDUINO\buildfolder\powerSupply\arduino_due_x_dbg\Debug/core.a(UARTClass.cpp.o)
                0x000812e8                UARTClass::IrqHandler()
 .text._ZN10USARTClass5beginEm
                0x00081342        0x8 E:\documents\ARDUINO\buildfolder\powerSupply\arduino_due_x_dbg\Debug/core.a(USARTClass.cpp.o)
                0x00081342                USARTClass::begin(unsigned long)
 *fill*         0x0008134a        0x2 
 .text._ZN10USARTClassC2EP5Usart4IRQnmP10RingBufferS4_
                0x0008134c       0x24 E:\documents\ARDUINO\buildfolder\powerSupply\arduino_due_x_dbg\Debug/core.a(USARTClass.cpp.o)
                0x0008134c                USARTClass::USARTClass(Usart*, IRQn, unsigned long, RingBuffer*, RingBuffer*)
                0x0008134c                USARTClass::USARTClass(Usart*, IRQn, unsigned long, RingBuffer*, RingBuffer*)
 .text._watchdogDefaultSetup
                0x00081370        0xc E:\documents\ARDUINO\buildfolder\powerSupply\arduino_due_x_dbg\Debug/core.a(watchdog.cpp.o)
                0x00081370                _watchdogDefaultSetup
                0x00081370                watchdogSetup()
 .text.unlikely._ZL11USB_SendZlpv
                0x0008137c       0x20 E:\documents\ARDUINO\buildfolder\powerSupply\arduino_due_x_dbg\Debug/core.a(USBCore.cpp.o)
 .text._Z14USBD_Availablem
                0x0008139c       0x2c E:\documents\ARDUINO\buildfolder\powerSupply\arduino_due_x_dbg\Debug/core.a(USBCore.cpp.o)
                0x0008139c                USBD_Available(unsigned long)
 .text._Z9USBD_RecvmPvm
                0x000813c8       0x7c E:\documents\ARDUINO\buildfolder\powerSupply\arduino_due_x_dbg\Debug/core.a(USBCore.cpp.o)
                0x000813c8                USBD_Recv(unsigned long, void*, unsigned long)
 .text._Z9USBD_Recvm
                0x00081444       0x22 E:\documents\ARDUINO\buildfolder\powerSupply\arduino_due_x_dbg\Debug/core.a(USBCore.cpp.o)
                0x00081444                USBD_Recv(unsigned long)
 *fill*         0x00081466        0x2 
 .text._Z9USBD_SendmPKvm
                0x00081468       0x4c E:\documents\ARDUINO\buildfolder\powerSupply\arduino_due_x_dbg\Debug/core.a(USBCore.cpp.o)
                0x00081468                USBD_Send(unsigned long, void const*, unsigned long)
 .text._Z16USBD_SendControlhPKvm
                0x000814b4       0x40 E:\documents\ARDUINO\buildfolder\powerSupply\arduino_due_x_dbg\Debug/core.a(USBCore.cpp.o)
                0x000814b4                USBD_SendControl(unsigned char, void const*, unsigned long)
 .text.unlikely._ZL24USB_SendStringDescriptorPKhi
                0x000814f4       0x64 E:\documents\ARDUINO\buildfolder\powerSupply\arduino_due_x_dbg\Debug/core.a(USBCore.cpp.o)
 .text._Z16USBD_RecvControlPvm
                0x00081558       0x1c E:\documents\ARDUINO\buildfolder\powerSupply\arduino_due_x_dbg\Debug/core.a(USBCore.cpp.o)
                0x00081558                USBD_RecvControl(void*, unsigned long)
 .text._Z26USBD_ClassInterfaceRequestR8USBSetup
                0x00081574       0x1e E:\documents\ARDUINO\buildfolder\powerSupply\arduino_due_x_dbg\Debug/core.a(USBCore.cpp.o)
                0x00081574                USBD_ClassInterfaceRequest(USBSetup&)
 .text._Z19USBD_SendInterfacesv
                0x00081592       0x22 E:\documents\ARDUINO\buildfolder\powerSupply\arduino_due_x_dbg\Debug/core.a(USBCore.cpp.o)
                0x00081592                USBD_SendInterfaces()
 .text._Z24USBD_SendOtherInterfacesv
                0x000815b4       0x22 E:\documents\ARDUINO\buildfolder\powerSupply\arduino_due_x_dbg\Debug/core.a(USBCore.cpp.o)
                0x000815b4                USBD_SendOtherInterfaces()
 .text._Z10USBD_Flushm
                0x000815d6       0x16 E:\documents\ARDUINO\buildfolder\powerSupply\arduino_due_x_dbg\Debug/core.a(USBCore.cpp.o)
                0x000815d6                USBD_Flush(unsigned long)
 .text._ZN10USBDevice_C2Ev
                0x000815ec       0x24 E:\documents\ARDUINO\buildfolder\powerSupply\arduino_due_x_dbg\Debug/core.a(USBCore.cpp.o)
                0x000815ec                USBDevice_::USBDevice_()
                0x000815ec                USBDevice_::USBDevice_()
 .text._ZN10USBDevice_6attachEv
                0x00081610       0x20 E:\documents\ARDUINO\buildfolder\powerSupply\arduino_due_x_dbg\Debug/core.a(USBCore.cpp.o)
                0x00081610                USBDevice_::attach()
 .text.startup._GLOBAL__sub_I_EndPoints
                0x00081630        0xc E:\documents\ARDUINO\buildfolder\powerSupply\arduino_due_x_dbg\Debug/core.a(USBCore.cpp.o)
 .text._ZL7USB_ISRv
                0x0008163c      0x454 E:\documents\ARDUINO\buildfolder\powerSupply\arduino_due_x_dbg\Debug/core.a(USBCore.cpp.o)
 .text._ZN7Serial_9availableEv
                0x00081a90       0x18 E:\documents\ARDUINO\buildfolder\powerSupply\arduino_due_x_dbg\Debug/core.a(CDC.cpp.o)
                0x00081a90                Serial_::available()
 .text._ZN7Serial_17availableForWriteEv
                0x00081aa8        0x6 E:\documents\ARDUINO\buildfolder\powerSupply\arduino_due_x_dbg\Debug/core.a(CDC.cpp.o)
                0x00081aa8                Serial_::availableForWrite()
 *fill*         0x00081aae        0x2 
 .text._ZN7Serial_4peekEv
                0x00081ab0       0x20 E:\documents\ARDUINO\buildfolder\powerSupply\arduino_due_x_dbg\Debug/core.a(CDC.cpp.o)
                0x00081ab0                Serial_::peek()
 .text._ZN7Serial_5writeEh
                0x00081ad0       0x16 E:\documents\ARDUINO\buildfolder\powerSupply\arduino_due_x_dbg\Debug/core.a(CDC.cpp.o)
                0x00081ad0                Serial_::write(unsigned char)
 *fill*         0x00081ae6        0x2 
 .text._ZN7Serial_4readEv
                0x00081ae8       0x44 E:\documents\ARDUINO\buildfolder\powerSupply\arduino_due_x_dbg\Debug/core.a(CDC.cpp.o)
                0x00081ae8                Serial_::read()
 .text._ZN7Serial_5flushEv
                0x00081b2c        0x6 E:\documents\ARDUINO\buildfolder\powerSupply\arduino_due_x_dbg\Debug/core.a(CDC.cpp.o)
                0x00081b2c                Serial_::flush()
 *fill*         0x00081b32        0x2 
 .text._ZN7Serial_6acceptEv
                0x00081b34       0x70 E:\documents\ARDUINO\buildfolder\powerSupply\arduino_due_x_dbg\Debug/core.a(CDC.cpp.o)
                0x00081b34                Serial_::accept()
 .text._ZN7Serial_5writeEPKhj
                0x00081ba4       0x2c E:\documents\ARDUINO\buildfolder\powerSupply\arduino_due_x_dbg\Debug/core.a(CDC.cpp.o)
                0x00081ba4                Serial_::write(unsigned char const*, unsigned int)
 .text._Z16CDC_GetInterfacePh
                0x00081bd0       0x14 E:\documents\ARDUINO\buildfolder\powerSupply\arduino_due_x_dbg\Debug/core.a(CDC.cpp.o)
                0x00081bd0                CDC_GetInterface(unsigned char*)
 .text._Z21CDC_GetOtherInterfacePh
                0x00081be4       0x14 E:\documents\ARDUINO\buildfolder\powerSupply\arduino_due_x_dbg\Debug/core.a(CDC.cpp.o)
                0x00081be4                CDC_GetOtherInterface(unsigned char*)
 .text._Z9CDC_SetupR8USBSetup
                0x00081bf8       0x78 E:\documents\ARDUINO\buildfolder\powerSupply\arduino_due_x_dbg\Debug/core.a(CDC.cpp.o)
                0x00081bf8                CDC_Setup(USBSetup&)
 .text.startup._GLOBAL__sub_I_cdc_rx_buffer
                0x00081c70       0x1c E:\documents\ARDUINO\buildfolder\powerSupply\arduino_due_x_dbg\Debug/core.a(CDC.cpp.o)
 .text._ZN13PluggableUSB_12getInterfaceEPh
                0x00081c8c       0x28 E:\documents\ARDUINO\buildfolder\powerSupply\arduino_due_x_dbg\Debug/core.a(PluggableUSB.cpp.o)
                0x00081c8c                PluggableUSB_::getInterface(unsigned char*)
 .text._ZN13PluggableUSB_13getDescriptorER8USBSetup
                0x00081cb4       0x1c E:\documents\ARDUINO\buildfolder\powerSupply\arduino_due_x_dbg\Debug/core.a(PluggableUSB.cpp.o)
                0x00081cb4                PluggableUSB_::getDescriptor(USBSetup&)
 .text._ZN13PluggableUSB_12getShortNameEPc
                0x00081cd0       0x1c E:\documents\ARDUINO\buildfolder\powerSupply\arduino_due_x_dbg\Debug/core.a(PluggableUSB.cpp.o)
                0x00081cd0                PluggableUSB_::getShortName(char*)
 .text._ZN13PluggableUSB_5setupER8USBSetup
                0x00081cec       0x20 E:\documents\ARDUINO\buildfolder\powerSupply\arduino_due_x_dbg\Debug/core.a(PluggableUSB.cpp.o)
                0x00081cec                PluggableUSB_::setup(USBSetup&)
 .text._Z12PluggableUSBv
                0x00081d0c       0x28 E:\documents\ARDUINO\buildfolder\powerSupply\arduino_due_x_dbg\Debug/core.a(PluggableUSB.cpp.o)
                0x00081d0c                PluggableUSB()
 .text.TimeTick_Increment
                0x00081d34       0x10 C:\Users\Rohit\AppData\Local\arduino15\packages\arduino\hardware\sam\1.6.11\variants\arduino_due_x/libsam_sam3x8e_gcc_rel.a(timetick.o)
                0x00081d34                TimeTick_Increment
 .text.GetTickCount
                0x00081d44        0xc C:\Users\Rohit\AppData\Local\arduino15\packages\arduino\hardware\sam\1.6.11\variants\arduino_due_x/libsam_sam3x8e_gcc_rel.a(timetick.o)
                0x00081d44                GetTickCount
 .text.WDT_Disable
                0x00081d50        0x8 C:\Users\Rohit\AppData\Local\arduino15\packages\arduino\hardware\sam\1.6.11\variants\arduino_due_x/libsam_sam3x8e_gcc_rel.a(wdt.o)
                0x00081d50                WDT_Disable
 .text.UDD_SetStack
                0x00081d58        0xc C:\Users\Rohit\AppData\Local\arduino15\packages\arduino\hardware\sam\1.6.11\variants\arduino_due_x/libsam_sam3x8e_gcc_rel.a(uotghs_device.o)
                0x00081d58                UDD_SetStack
 .text.UDD_Init
                0x00081d64       0xd0 C:\Users\Rohit\AppData\Local\arduino15\packages\arduino\hardware\sam\1.6.11\variants\arduino_due_x/libsam_sam3x8e_gcc_rel.a(uotghs_device.o)
                0x00081d64                UDD_Init
 .text.UDD_Attach
                0x00081e34       0x50 C:\Users\Rohit\AppData\Local\arduino15\packages\arduino\hardware\sam\1.6.11\variants\arduino_due_x/libsam_sam3x8e_gcc_rel.a(uotghs_device.o)
                0x00081e34                UDD_Attach
 .text.UDD_InitEP
                0x00081e84       0x2c C:\Users\Rohit\AppData\Local\arduino15\packages\arduino\hardware\sam\1.6.11\variants\arduino_due_x/libsam_sam3x8e_gcc_rel.a(uotghs_device.o)
                0x00081e84                UDD_InitEP
 .text.UDD_InitEndpoints
                0x00081eb0       0x3c C:\Users\Rohit\AppData\Local\arduino15\packages\arduino\hardware\sam\1.6.11\variants\arduino_due_x/libsam_sam3x8e_gcc_rel.a(uotghs_device.o)
                0x00081eb0                UDD_InitEndpoints
 .text.UDD_WaitIN
                0x00081eec       0x10 C:\Users\Rohit\AppData\Local\arduino15\packages\arduino\hardware\sam\1.6.11\variants\arduino_due_x/libsam_sam3x8e_gcc_rel.a(uotghs_device.o)
                0x00081eec                UDD_WaitIN
 .text.UDD_WaitOUT
                0x00081efc       0x10 C:\Users\Rohit\AppData\Local\arduino15\packages\arduino\hardware\sam\1.6.11\variants\arduino_due_x/libsam_sam3x8e_gcc_rel.a(uotghs_device.o)
                0x00081efc                UDD_WaitOUT
 .text.UDD_ClearIN
                0x00081f0c       0x18 C:\Users\Rohit\AppData\Local\arduino15\packages\arduino\hardware\sam\1.6.11\variants\arduino_due_x/libsam_sam3x8e_gcc_rel.a(uotghs_device.o)
                0x00081f0c                UDD_ClearIN
 .text.UDD_ClearOUT
                0x00081f24       0x18 C:\Users\Rohit\AppData\Local\arduino15\packages\arduino\hardware\sam\1.6.11\variants\arduino_due_x/libsam_sam3x8e_gcc_rel.a(uotghs_device.o)
                0x00081f24                UDD_ClearOUT
 .text.UDD_ReceivedSetupInt
                0x00081f3c       0x10 C:\Users\Rohit\AppData\Local\arduino15\packages\arduino\hardware\sam\1.6.11\variants\arduino_due_x/libsam_sam3x8e_gcc_rel.a(uotghs_device.o)
                0x00081f3c                UDD_ReceivedSetupInt
 .text.UDD_ClearSetupInt
                0x00081f4c       0x10 C:\Users\Rohit\AppData\Local\arduino15\packages\arduino\hardware\sam\1.6.11\variants\arduino_due_x/libsam_sam3x8e_gcc_rel.a(uotghs_device.o)
                0x00081f4c                UDD_ClearSetupInt
 .text.UDD_Send
                0x00081f5c       0x88 C:\Users\Rohit\AppData\Local\arduino15\packages\arduino\hardware\sam\1.6.11\variants\arduino_due_x/libsam_sam3x8e_gcc_rel.a(uotghs_device.o)
                0x00081f5c                UDD_Send
 .text.UDD_Send8
                0x00081fe4       0x24 C:\Users\Rohit\AppData\Local\arduino15\packages\arduino\hardware\sam\1.6.11\variants\arduino_due_x/libsam_sam3x8e_gcc_rel.a(uotghs_device.o)
                0x00081fe4                UDD_Send8
 .text.UDD_Recv8
                0x00082008       0x28 C:\Users\Rohit\AppData\Local\arduino15\packages\arduino\hardware\sam\1.6.11\variants\arduino_due_x/libsam_sam3x8e_gcc_rel.a(uotghs_device.o)
                0x00082008                UDD_Recv8
 .text.UDD_Recv
                0x00082030       0x34 C:\Users\Rohit\AppData\Local\arduino15\packages\arduino\hardware\sam\1.6.11\variants\arduino_due_x/libsam_sam3x8e_gcc_rel.a(uotghs_device.o)
                0x00082030                UDD_Recv
 .text.UDD_Stall
                0x00082064       0x14 C:\Users\Rohit\AppData\Local\arduino15\packages\arduino\hardware\sam\1.6.11\variants\arduino_due_x/libsam_sam3x8e_gcc_rel.a(uotghs_device.o)
                0x00082064                UDD_Stall
 .text.UDD_FifoByteCount
                0x00082078       0x14 C:\Users\Rohit\AppData\Local\arduino15\packages\arduino\hardware\sam\1.6.11\variants\arduino_due_x/libsam_sam3x8e_gcc_rel.a(uotghs_device.o)
                0x00082078                UDD_FifoByteCount
 .text.UDD_ReleaseRX
                0x0008208c       0x28 C:\Users\Rohit\AppData\Local\arduino15\packages\arduino\hardware\sam\1.6.11\variants\arduino_due_x/libsam_sam3x8e_gcc_rel.a(uotghs_device.o)
                0x0008208c                UDD_ReleaseRX
 .text.UDD_ReleaseTX
                0x000820b4       0x28 C:\Users\Rohit\AppData\Local\arduino15\packages\arduino\hardware\sam\1.6.11\variants\arduino_due_x/libsam_sam3x8e_gcc_rel.a(uotghs_device.o)
                0x000820b4                UDD_ReleaseTX
 .text.UDD_SetAddress
                0x000820dc       0x20 C:\Users\Rohit\AppData\Local\arduino15\packages\arduino\hardware\sam\1.6.11\variants\arduino_due_x/libsam_sam3x8e_gcc_rel.a(uotghs_device.o)
                0x000820dc                UDD_SetAddress
 .text.__libc_init_array
                0x000820fc       0x50 c:/users/rohit/appdata/local/arduino15/packages/arduino/tools/arm-none-eabi-gcc/4.8.3-2014q1/bin/../lib/gcc/arm-none-eabi/4.8.3/../../../../arm-none-eabi/lib/armv7-m\libg.a(lib_a-init.o)
                0x000820fc                __libc_init_array
 .text.iprintf  0x0008214c       0x28 c:/users/rohit/appdata/local/arduino15/packages/arduino/tools/arm-none-eabi-gcc/4.8.3-2014q1/bin/../lib/gcc/arm-none-eabi/4.8.3/../../../../arm-none-eabi/lib/armv7-m\libg.a(lib_a-iprintf.o)
                0x0008214c                iprintf
 .text.memset   0x00082174       0x94 c:/users/rohit/appdata/local/arduino15/packages/arduino/tools/arm-none-eabi-gcc/4.8.3-2014q1/bin/../lib/gcc/arm-none-eabi/4.8.3/../../../../arm-none-eabi/lib/armv7-m\libg.a(lib_a-memset.o)
                0x00082174                memset
 .text.strlen   0x00082208       0x60 c:/users/rohit/appdata/local/arduino15/packages/arduino/tools/arm-none-eabi-gcc/4.8.3-2014q1/bin/../lib/gcc/arm-none-eabi/4.8.3/../../../../arm-none-eabi/lib/armv7-m\libg.a(lib_a-strlen.o)
                0x00082208                strlen
 .text.kill     0x00082268       0x10 c:/users/rohit/appdata/local/arduino15/packages/arduino/tools/arm-none-eabi-gcc/4.8.3-2014q1/bin/../lib/gcc/arm-none-eabi/4.8.3/../../../../arm-none-eabi/lib/armv7-m\libg.a(lib_a-syskill.o)
                0x00082268                kill
 .text.__sprint_r.part.0
                0x00082278       0x78 c:/users/rohit/appdata/local/arduino15/packages/arduino/tools/arm-none-eabi-gcc/4.8.3-2014q1/bin/../lib/gcc/arm-none-eabi/4.8.3/../../../../arm-none-eabi/lib/armv7-m\libg.a(lib_a-vfiprintf.o)
 .text._vfiprintf_r
                0x000822f0      0xc54 c:/users/rohit/appdata/local/arduino15/packages/arduino/tools/arm-none-eabi-gcc/4.8.3-2014q1/bin/../lib/gcc/arm-none-eabi/4.8.3/../../../../arm-none-eabi/lib/armv7-m\libg.a(lib_a-vfiprintf.o)
                0x000822f0                _vfiprintf_r
 .text.__sbprintf
                0x00082f44       0x7c c:/users/rohit/appdata/local/arduino15/packages/arduino/tools/arm-none-eabi-gcc/4.8.3-2014q1/bin/../lib/gcc/arm-none-eabi/4.8.3/../../../../arm-none-eabi/lib/armv7-m\libg.a(lib_a-vfiprintf.o)
 .text.__swsetup_r
                0x00082fc0       0xc4 c:/users/rohit/appdata/local/arduino15/packages/arduino/tools/arm-none-eabi-gcc/4.8.3-2014q1/bin/../lib/gcc/arm-none-eabi/4.8.3/../../../../arm-none-eabi/lib/armv7-m\libg.a(lib_a-wsetup.o)
                0x00082fc0                __swsetup_r
 .text.startup.register_fini
                0x00083084       0x14 c:/users/rohit/appdata/local/arduino15/packages/arduino/tools/arm-none-eabi-gcc/4.8.3-2014q1/bin/../lib/gcc/arm-none-eabi/4.8.3/../../../../arm-none-eabi/lib/armv7-m\libg.a(lib_a-__call_atexit.o)
 .text.atexit   0x00083098        0xc c:/users/rohit/appdata/local/arduino15/packages/arduino/tools/arm-none-eabi-gcc/4.8.3-2014q1/bin/../lib/gcc/arm-none-eabi/4.8.3/../../../../arm-none-eabi/lib/armv7-m\libg.a(lib_a-atexit.o)
                0x00083098                atexit
 .text.__sflush_r
                0x000830a4      0x148 c:/users/rohit/appdata/local/arduino15/packages/arduino/tools/arm-none-eabi-gcc/4.8.3-2014q1/bin/../lib/gcc/arm-none-eabi/4.8.3/../../../../arm-none-eabi/lib/armv7-m\libg.a(lib_a-fflush.o)
                0x000830a4                __sflush_r
 .text._fflush_r
                0x000831ec       0x2c c:/users/rohit/appdata/local/arduino15/packages/arduino/tools/arm-none-eabi-gcc/4.8.3-2014q1/bin/../lib/gcc/arm-none-eabi/4.8.3/../../../../arm-none-eabi/lib/armv7-m\libg.a(lib_a-fflush.o)
                0x000831ec                _fflush_r
 .text._cleanup_r
                0x00083218        0xc c:/users/rohit/appdata/local/arduino15/packages/arduino/tools/arm-none-eabi-gcc/4.8.3-2014q1/bin/../lib/gcc/arm-none-eabi/4.8.3/../../../../arm-none-eabi/lib/armv7-m\libg.a(lib_a-findfp.o)
                0x00083218                _cleanup_r
 .text.__sinit  0x00083224       0xf4 c:/users/rohit/appdata/local/arduino15/packages/arduino/tools/arm-none-eabi-gcc/4.8.3-2014q1/bin/../lib/gcc/arm-none-eabi/4.8.3/../../../../arm-none-eabi/lib/armv7-m\libg.a(lib_a-findfp.o)
                0x00083224                __sinit
 .text.__sfp_lock_acquire
                0x00083318        0x4 c:/users/rohit/appdata/local/arduino15/packages/arduino/tools/arm-none-eabi-gcc/4.8.3-2014q1/bin/../lib/gcc/arm-none-eabi/4.8.3/../../../../arm-none-eabi/lib/armv7-m\libg.a(lib_a-findfp.o)
                0x00083318                __sfp_lock_acquire
 .text.__sfp_lock_release
                0x0008331c        0x4 c:/users/rohit/appdata/local/arduino15/packages/arduino/tools/arm-none-eabi-gcc/4.8.3-2014q1/bin/../lib/gcc/arm-none-eabi/4.8.3/../../../../arm-none-eabi/lib/armv7-m\libg.a(lib_a-findfp.o)
                0x0008331c                __sfp_lock_release
 .text.__libc_fini_array
                0x00083320       0x30 c:/users/rohit/appdata/local/arduino15/packages/arduino/tools/arm-none-eabi-gcc/4.8.3-2014q1/bin/../lib/gcc/arm-none-eabi/4.8.3/../../../../arm-none-eabi/lib/armv7-m\libg.a(lib_a-fini.o)
                0x00083320                __libc_fini_array
 .text._fputwc_r
                0x00083350       0xc0 c:/users/rohit/appdata/local/arduino15/packages/arduino/tools/arm-none-eabi-gcc/4.8.3-2014q1/bin/../lib/gcc/arm-none-eabi/4.8.3/../../../../arm-none-eabi/lib/armv7-m\libg.a(lib_a-fputwc.o)
                0x00083350                _fputwc_r
 .text._malloc_trim_r
                0x00083410       0x9c c:/users/rohit/appdata/local/arduino15/packages/arduino/tools/arm-none-eabi-gcc/4.8.3-2014q1/bin/../lib/gcc/arm-none-eabi/4.8.3/../../../../arm-none-eabi/lib/armv7-m\libg.a(lib_a-freer.o)
                0x00083410                _malloc_trim_r
 .text._free_r  0x000834ac      0x198 c:/users/rohit/appdata/local/arduino15/packages/arduino/tools/arm-none-eabi-gcc/4.8.3-2014q1/bin/../lib/gcc/arm-none-eabi/4.8.3/../../../../arm-none-eabi/lib/armv7-m\libg.a(lib_a-freer.o)
                0x000834ac                _free_r
 .text.__sfvwrite_r
                0x00083644      0x314 c:/users/rohit/appdata/local/arduino15/packages/arduino/tools/arm-none-eabi-gcc/4.8.3-2014q1/bin/../lib/gcc/arm-none-eabi/4.8.3/../../../../arm-none-eabi/lib/armv7-m\libg.a(lib_a-fvwrite.o)
                0x00083644                __sfvwrite_r
 .text._fwalk   0x00083958       0x48 c:/users/rohit/appdata/local/arduino15/packages/arduino/tools/arm-none-eabi-gcc/4.8.3-2014q1/bin/../lib/gcc/arm-none-eabi/4.8.3/../../../../arm-none-eabi/lib/armv7-m\libg.a(lib_a-fwalk.o)
                0x00083958                _fwalk
 .text.__locale_charset
                0x000839a0        0x8 c:/users/rohit/appdata/local/arduino15/packages/arduino/tools/arm-none-eabi-gcc/4.8.3-2014q1/bin/../lib/gcc/arm-none-eabi/4.8.3/../../../../arm-none-eabi/lib/armv7-m\libg.a(lib_a-locale.o)
                0x000839a0                __locale_charset
 .text.__locale_mb_cur_max
                0x000839a8        0xc c:/users/rohit/appdata/local/arduino15/packages/arduino/tools/arm-none-eabi-gcc/4.8.3-2014q1/bin/../lib/gcc/arm-none-eabi/4.8.3/../../../../arm-none-eabi/lib/armv7-m\libg.a(lib_a-locale.o)
                0x000839a8                __locale_mb_cur_max
 .text.__smakebuf_r
                0x000839b4       0xe0 c:/users/rohit/appdata/local/arduino15/packages/arduino/tools/arm-none-eabi-gcc/4.8.3-2014q1/bin/../lib/gcc/arm-none-eabi/4.8.3/../../../../arm-none-eabi/lib/armv7-m\libg.a(lib_a-makebuf.o)
                0x000839b4                __smakebuf_r
 .text._malloc_r
                0x00083a94      0x538 c:/users/rohit/appdata/local/arduino15/packages/arduino/tools/arm-none-eabi-gcc/4.8.3-2014q1/bin/../lib/gcc/arm-none-eabi/4.8.3/../../../../arm-none-eabi/lib/armv7-m\libg.a(lib_a-mallocr.o)
                0x00083a94                _malloc_r
 .text.memchr   0x00083fcc       0x94 c:/users/rohit/appdata/local/arduino15/packages/arduino/tools/arm-none-eabi-gcc/4.8.3-2014q1/bin/../lib/gcc/arm-none-eabi/4.8.3/../../../../arm-none-eabi/lib/armv7-m\libg.a(lib_a-memchr-stub.o)
                0x00083fcc                memchr
 .text          0x00084060       0xec c:/users/rohit/appdata/local/arduino15/packages/arduino/tools/arm-none-eabi-gcc/4.8.3-2014q1/bin/../lib/gcc/arm-none-eabi/4.8.3/../../../../arm-none-eabi/lib/armv7-m\libg.a(lib_a-memcpy.o)
                0x00084060                memcpy
 .text.memmove  0x0008414c       0xcc c:/users/rohit/appdata/local/arduino15/packages/arduino/tools/arm-none-eabi-gcc/4.8.3-2014q1/bin/../lib/gcc/arm-none-eabi/4.8.3/../../../../arm-none-eabi/lib/armv7-m\libg.a(lib_a-memmove.o)
                0x0008414c                memmove
 .text.__malloc_lock
                0x00084218        0x4 c:/users/rohit/appdata/local/arduino15/packages/arduino/tools/arm-none-eabi-gcc/4.8.3-2014q1/bin/../lib/gcc/arm-none-eabi/4.8.3/../../../../arm-none-eabi/lib/armv7-m\libg.a(lib_a-mlock.o)
                0x00084218                __malloc_lock
 .text.__malloc_unlock
                0x0008421c        0x4 c:/users/rohit/appdata/local/arduino15/packages/arduino/tools/arm-none-eabi-gcc/4.8.3-2014q1/bin/../lib/gcc/arm-none-eabi/4.8.3/../../../../arm-none-eabi/lib/armv7-m\libg.a(lib_a-mlock.o)
                0x0008421c                __malloc_unlock
 .text._realloc_r
                0x00084220      0x3c0 c:/users/rohit/appdata/local/arduino15/packages/arduino/tools/arm-none-eabi-gcc/4.8.3-2014q1/bin/../lib/gcc/arm-none-eabi/4.8.3/../../../../arm-none-eabi/lib/armv7-m\libg.a(lib_a-reallocr.o)
                0x00084220                _realloc_r
 .text._sbrk_r  0x000845e0       0x24 c:/users/rohit/appdata/local/arduino15/packages/arduino/tools/arm-none-eabi-gcc/4.8.3-2014q1/bin/../lib/gcc/arm-none-eabi/4.8.3/../../../../arm-none-eabi/lib/armv7-m\libg.a(lib_a-sbrkr.o)
                0x000845e0                _sbrk_r
 .text._kill_r  0x00084604       0x28 c:/users/rohit/appdata/local/arduino15/packages/arduino/tools/arm-none-eabi-gcc/4.8.3-2014q1/bin/../lib/gcc/arm-none-eabi/4.8.3/../../../../arm-none-eabi/lib/armv7-m\libg.a(lib_a-signalr.o)
                0x00084604                _kill_r
 .text.__sread  0x0008462c       0x24 c:/users/rohit/appdata/local/arduino15/packages/arduino/tools/arm-none-eabi-gcc/4.8.3-2014q1/bin/../lib/gcc/arm-none-eabi/4.8.3/../../../../arm-none-eabi/lib/armv7-m\libg.a(lib_a-stdio.o)
                0x0008462c                __sread
 .text.__swrite
                0x00084650       0x38 c:/users/rohit/appdata/local/arduino15/packages/arduino/tools/arm-none-eabi-gcc/4.8.3-2014q1/bin/../lib/gcc/arm-none-eabi/4.8.3/../../../../arm-none-eabi/lib/armv7-m\libg.a(lib_a-stdio.o)
                0x00084650                __swrite
 .text.__sseek  0x00084688       0x20 c:/users/rohit/appdata/local/arduino15/packages/arduino/tools/arm-none-eabi-gcc/4.8.3-2014q1/bin/../lib/gcc/arm-none-eabi/4.8.3/../../../../arm-none-eabi/lib/armv7-m\libg.a(lib_a-stdio.o)
                0x00084688                __sseek
 .text.__sclose
                0x000846a8        0x8 c:/users/rohit/appdata/local/arduino15/packages/arduino/tools/arm-none-eabi-gcc/4.8.3-2014q1/bin/../lib/gcc/arm-none-eabi/4.8.3/../../../../arm-none-eabi/lib/armv7-m\libg.a(lib_a-stdio.o)
                0x000846a8                __sclose
 .text.__swbuf_r
                0x000846b0       0xa8 c:/users/rohit/appdata/local/arduino15/packages/arduino/tools/arm-none-eabi-gcc/4.8.3-2014q1/bin/../lib/gcc/arm-none-eabi/4.8.3/../../../../arm-none-eabi/lib/armv7-m\libg.a(lib_a-wbuf.o)
                0x000846b0                __swbuf_r
 .text._wcrtomb_r
                0x00084758       0x50 c:/users/rohit/appdata/local/arduino15/packages/arduino/tools/arm-none-eabi-gcc/4.8.3-2014q1/bin/../lib/gcc/arm-none-eabi/4.8.3/../../../../arm-none-eabi/lib/armv7-m\libg.a(lib_a-wcrtomb.o)
                0x00084758                _wcrtomb_r
 .text.__ascii_wctomb
                0x000847a8       0x1c c:/users/rohit/appdata/local/arduino15/packages/arduino/tools/arm-none-eabi-gcc/4.8.3-2014q1/bin/../lib/gcc/arm-none-eabi/4.8.3/../../../../arm-none-eabi/lib/armv7-m\libg.a(lib_a-wctomb_r.o)
                0x000847a8                __ascii_wctomb
 .text._write_r
                0x000847c4       0x28 c:/users/rohit/appdata/local/arduino15/packages/arduino/tools/arm-none-eabi-gcc/4.8.3-2014q1/bin/../lib/gcc/arm-none-eabi/4.8.3/../../../../arm-none-eabi/lib/armv7-m\libg.a(lib_a-writer.o)
                0x000847c4                _write_r
 .text.__register_exitproc
                0x000847ec       0xa8 c:/users/rohit/appdata/local/arduino15/packages/arduino/tools/arm-none-eabi-gcc/4.8.3-2014q1/bin/../lib/gcc/arm-none-eabi/4.8.3/../../../../arm-none-eabi/lib/armv7-m\libg.a(lib_a-__atexit.o)
                0x000847ec                __register_exitproc
 .text._close_r
                0x00084894       0x24 c:/users/rohit/appdata/local/arduino15/packages/arduino/tools/arm-none-eabi-gcc/4.8.3-2014q1/bin/../lib/gcc/arm-none-eabi/4.8.3/../../../../arm-none-eabi/lib/armv7-m\libg.a(lib_a-closer.o)
                0x00084894                _close_r
 .text._fclose_r
                0x000848b8       0x80 c:/users/rohit/appdata/local/arduino15/packages/arduino/tools/arm-none-eabi-gcc/4.8.3-2014q1/bin/../lib/gcc/arm-none-eabi/4.8.3/../../../../arm-none-eabi/lib/armv7-m\libg.a(lib_a-fclose.o)
                0x000848b8                _fclose_r
 .text.fclose   0x00084938       0x10 c:/users/rohit/appdata/local/arduino15/packages/arduino/tools/arm-none-eabi-gcc/4.8.3-2014q1/bin/../lib/gcc/arm-none-eabi/4.8.3/../../../../arm-none-eabi/lib/armv7-m\libg.a(lib_a-fclose.o)
                0x00084938                fclose
 .text._fstat_r
                0x00084948       0x28 c:/users/rohit/appdata/local/arduino15/packages/arduino/tools/arm-none-eabi-gcc/4.8.3-2014q1/bin/../lib/gcc/arm-none-eabi/4.8.3/../../../../arm-none-eabi/lib/armv7-m\libg.a(lib_a-fstatr.o)
                0x00084948                _fstat_r
 .text._isatty_r
                0x00084970       0x24 c:/users/rohit/appdata/local/arduino15/packages/arduino/tools/arm-none-eabi-gcc/4.8.3-2014q1/bin/../lib/gcc/arm-none-eabi/4.8.3/../../../../arm-none-eabi/lib/armv7-m\libg.a(lib_a-isattyr.o)
                0x00084970                _isatty_r
 .text._lseek_r
                0x00084994       0x28 c:/users/rohit/appdata/local/arduino15/packages/arduino/tools/arm-none-eabi-gcc/4.8.3-2014q1/bin/../lib/gcc/arm-none-eabi/4.8.3/../../../../arm-none-eabi/lib/armv7-m\libg.a(lib_a-lseekr.o)
                0x00084994                _lseek_r
 .text._read_r  0x000849bc       0x28 c:/users/rohit/appdata/local/arduino15/packages/arduino/tools/arm-none-eabi-gcc/4.8.3-2014q1/bin/../lib/gcc/arm-none-eabi/4.8.3/../../../../arm-none-eabi/lib/armv7-m\libg.a(lib_a-readr.o)
                0x000849bc                _read_r
 .text          0x000849e4       0x2c c:/users/rohit/appdata/local/arduino15/packages/arduino/tools/arm-none-eabi-gcc/4.8.3-2014q1/bin/../lib/gcc/arm-none-eabi/4.8.3/armv7-m\libgcc.a(_aeabi_uldivmod.o)
                0x000849e4                __aeabi_uldivmod
 .text          0x00084a10       0x60 c:/users/rohit/appdata/local/arduino15/packages/arduino/tools/arm-none-eabi-gcc/4.8.3-2014q1/bin/../lib/gcc/arm-none-eabi/4.8.3/armv7-m\libgcc.a(bpabi.o)
                0x00084a10                __gnu_ldivmod_helper
                0x00084a40                __gnu_uldivmod_helper
 .text          0x00084a70        0x4 c:/users/rohit/appdata/local/arduino15/packages/arduino/tools/arm-none-eabi-gcc/4.8.3-2014q1/bin/../lib/gcc/arm-none-eabi/4.8.3/armv7-m\libgcc.a(_dvmd_tls.o)
                0x00084a70                __aeabi_idiv0
                0x00084a70                __aeabi_ldiv0
 .text          0x00084a74      0x2a0 c:/users/rohit/appdata/local/arduino15/packages/arduino/tools/arm-none-eabi-gcc/4.8.3-2014q1/bin/../lib/gcc/arm-none-eabi/4.8.3/armv7-m\libgcc.a(_divdi3.o)
                0x00084a74                __divdi3
 .text          0x00084d14      0x290 c:/users/rohit/appdata/local/arduino15/packages/arduino/tools/arm-none-eabi-gcc/4.8.3-2014q1/bin/../lib/gcc/arm-none-eabi/4.8.3/armv7-m\libgcc.a(_udivdi3.o)
                0x00084d14                __udivdi3
 *(.glue_7t)
 .glue_7t       0x00000000        0x0 linker stubs
 *(.glue_7)
 .glue_7        0x00000000        0x0 linker stubs
 *(.rodata .rodata* .gnu.linkonce.r.*)
 .rodata.str1.1
                0x00084fa4        0x5 E:\documents\ARDUINO\buildfolder\powerSupply\arduino_due_x_dbg\Debug\powerSupply.cpp.o
 *fill*         0x00084fa9        0x7 
 .rodata._ZTV13LiquidCrystal
                0x00084fb0       0x10 E:\documents\ARDUINO\buildfolder\powerSupply\arduino_due_x_dbg\Debug\LiquidCrystal\LiquidCrystal.cpp.o
                0x00084fb0                vtable for LiquidCrystal
 .rodata._ZTV6Keypad
                0x00084fc0       0x18 E:\documents\ARDUINO\buildfolder\powerSupply\arduino_due_x_dbg\Debug\Keypad\Keypad.cpp.o
                0x00084fc0                vtable for Keypad
 .rodata.g_APinDescription
                0x00084fd8      0xa2c E:\documents\ARDUINO\buildfolder\powerSupply\arduino_due_x_dbg\Debug\variant\variant.cpp.o
                0x00084fd8                g_APinDescription
 .rodata        0x00085a04       0x40 C:\Users\Rohit\AppData\Local\arduino15\packages\arduino\hardware\sam\1.6.11\variants\arduino_due_x/libsam_sam3x8e_gcc_rel.a(adc.o)
 .rodata.str1.1
                0x00085a44       0x19 E:\documents\ARDUINO\buildfolder\powerSupply\arduino_due_x_dbg\Debug/core.a(syscalls_sam3.c.o)
 *fill*         0x00085a5d        0x3 
 .rodata._ZTV9UARTClass
                0x00085a60       0x30 E:\documents\ARDUINO\buildfolder\powerSupply\arduino_due_x_dbg\Debug/core.a(UARTClass.cpp.o)
                0x00085a60                vtable for UARTClass
 .rodata._ZTV10USARTClass
                0x00085a90       0x30 E:\documents\ARDUINO\buildfolder\powerSupply\arduino_due_x_dbg\Debug/core.a(USARTClass.cpp.o)
                0x00085a90                vtable for USARTClass
 .rodata.STRING_PRODUCT
                0x00085ac0        0xc E:\documents\ARDUINO\buildfolder\powerSupply\arduino_due_x_dbg\Debug/core.a(USBCore.cpp.o)
                0x00085ac0                STRING_PRODUCT
 .rodata.USB_DeviceDescriptor
                0x00085acc       0x12 E:\documents\ARDUINO\buildfolder\powerSupply\arduino_due_x_dbg\Debug/core.a(USBCore.cpp.o)
                0x00085acc                USB_DeviceDescriptor
 .rodata.STRING_LANGUAGE
                0x00085ade        0x4 E:\documents\ARDUINO\buildfolder\powerSupply\arduino_due_x_dbg\Debug/core.a(USBCore.cpp.o)
                0x00085ade                STRING_LANGUAGE
 .rodata._ZL18test_packet_buffer
                0x00085ae2       0x35 E:\documents\ARDUINO\buildfolder\powerSupply\arduino_due_x_dbg\Debug/core.a(USBCore.cpp.o)
 .rodata.STRING_MANUFACTURER
                0x00085b17        0xc E:\documents\ARDUINO\buildfolder\powerSupply\arduino_due_x_dbg\Debug/core.a(USBCore.cpp.o)
                0x00085b17                STRING_MANUFACTURER
 .rodata.USB_DeviceDescriptorA
                0x00085b23       0x12 E:\documents\ARDUINO\buildfolder\powerSupply\arduino_due_x_dbg\Debug/core.a(USBCore.cpp.o)
                0x00085b23                USB_DeviceDescriptorA
 .rodata._ZL19USB_DeviceQualifier
                0x00085b35        0x9 E:\documents\ARDUINO\buildfolder\powerSupply\arduino_due_x_dbg\Debug/core.a(USBCore.cpp.o)
 *fill*         0x00085b3e        0x2 
 .rodata._ZTV7Serial_
                0x00085b40       0x28 E:\documents\ARDUINO\buildfolder\powerSupply\arduino_due_x_dbg\Debug/core.a(CDC.cpp.o)
                0x00085b40                vtable for Serial_
 .rodata._ZL18_cdcOtherInterface
                0x00085b68       0x42 E:\documents\ARDUINO\buildfolder\powerSupply\arduino_due_x_dbg\Debug/core.a(CDC.cpp.o)
 .rodata._ZL13_cdcInterface
                0x00085baa       0x42 E:\documents\ARDUINO\buildfolder\powerSupply\arduino_due_x_dbg\Debug/core.a(CDC.cpp.o)
 .rodata.str1.4
                0x00085bec        0x2 c:/users/rohit/appdata/local/arduino15/packages/arduino/tools/arm-none-eabi-gcc/4.8.3-2014q1/bin/../lib/gcc/arm-none-eabi/4.8.3/../../../../arm-none-eabi/lib/armv7-m\libg.a(lib_a-impure.o)
                                  0x4 (size before relaxing)
 *fill*         0x00085bee        0x2 
 .rodata._global_impure_ptr
                0x00085bf0        0x4 c:/users/rohit/appdata/local/arduino15/packages/arduino/tools/arm-none-eabi-gcc/4.8.3-2014q1/bin/../lib/gcc/arm-none-eabi/4.8.3/../../../../arm-none-eabi/lib/armv7-m\libg.a(lib_a-impure.o)
                0x00085bf0                _global_impure_ptr
 .rodata.blanks.6717
                0x00085bf4       0x10 c:/users/rohit/appdata/local/arduino15/packages/arduino/tools/arm-none-eabi-gcc/4.8.3-2014q1/bin/../lib/gcc/arm-none-eabi/4.8.3/../../../../arm-none-eabi/lib/armv7-m\libg.a(lib_a-vfiprintf.o)
 .rodata.str1.4
                0x00085c04       0x30 c:/users/rohit/appdata/local/arduino15/packages/arduino/tools/arm-none-eabi-gcc/4.8.3-2014q1/bin/../lib/gcc/arm-none-eabi/4.8.3/../../../../arm-none-eabi/lib/armv7-m\libg.a(lib_a-vfiprintf.o)
 .rodata.zeroes.6718
                0x00085c34       0x10 c:/users/rohit/appdata/local/arduino15/packages/arduino/tools/arm-none-eabi-gcc/4.8.3-2014q1/bin/../lib/gcc/arm-none-eabi/4.8.3/../../../../arm-none-eabi/lib/armv7-m\libg.a(lib_a-vfiprintf.o)
 *(.ARM.extab* .gnu.linkonce.armextab.*)
                0x00085c44                . = ALIGN (0x4)
 *(.init)
 .init          0x00085c44        0x4 c:/users/rohit/appdata/local/arduino15/packages/arduino/tools/arm-none-eabi-gcc/4.8.3-2014q1/bin/../lib/gcc/arm-none-eabi/4.8.3/armv7-m/crti.o
                0x00085c44                _init
 .init          0x00085c48        0x8 c:/users/rohit/appdata/local/arduino15/packages/arduino/tools/arm-none-eabi-gcc/4.8.3-2014q1/bin/../lib/gcc/arm-none-eabi/4.8.3/armv7-m/crtn.o
                0x00085c50                . = ALIGN (0x4)
                0x00085c50                __preinit_array_start = .
 *(.preinit_array)
                0x00085c50                __preinit_array_end = .
                0x00085c50                . = ALIGN (0x4)
                0x00085c50                __init_array_start = .
 *(SORT(.init_array.*))
 .init_array.00000
                0x00085c50        0x4 c:/users/rohit/appdata/local/arduino15/packages/arduino/tools/arm-none-eabi-gcc/4.8.3-2014q1/bin/../lib/gcc/arm-none-eabi/4.8.3/../../../../arm-none-eabi/lib/armv7-m\libg.a(lib_a-__call_atexit.o)
 *(.init_array)
 .init_array    0x00085c54        0x4 c:/users/rohit/appdata/local/arduino15/packages/arduino/tools/arm-none-eabi-gcc/4.8.3-2014q1/bin/../lib/gcc/arm-none-eabi/4.8.3/armv7-m/crtbegin.o
 .init_array    0x00085c58        0x4 E:\documents\ARDUINO\buildfolder\powerSupply\arduino_due_x_dbg\Debug\powerSupply.cpp.o
 .init_array    0x00085c5c        0x4 E:\documents\ARDUINO\buildfolder\powerSupply\arduino_due_x_dbg\Debug\variant\variant.cpp.o
 .init_array    0x00085c60        0x4 E:\documents\ARDUINO\buildfolder\powerSupply\arduino_due_x_dbg\Debug/core.a(USBCore.cpp.o)
 .init_array    0x00085c64        0x4 E:\documents\ARDUINO\buildfolder\powerSupply\arduino_due_x_dbg\Debug/core.a(CDC.cpp.o)
                0x00085c68                __init_array_end = .
                0x00085c68                . = ALIGN (0x4)
 *crtbegin.o(.ctors)
 *(EXCLUDE_FILE(*crtend.o) .ctors)
 *(SORT(.ctors.*))
 *crtend.o(.ctors)
                0x00085c68                . = ALIGN (0x4)
 *(.fini)
 .fini          0x00085c68        0x4 c:/users/rohit/appdata/local/arduino15/packages/arduino/tools/arm-none-eabi-gcc/4.8.3-2014q1/bin/../lib/gcc/arm-none-eabi/4.8.3/armv7-m/crti.o
                0x00085c68                _fini
 .fini          0x00085c6c        0x8 c:/users/rohit/appdata/local/arduino15/packages/arduino/tools/arm-none-eabi-gcc/4.8.3-2014q1/bin/../lib/gcc/arm-none-eabi/4.8.3/armv7-m/crtn.o
                0x00085c74                . = ALIGN (0x4)
                0x00085c74                __fini_array_start = .
 *(.fini_array)
 .fini_array    0x00085c74        0x4 c:/users/rohit/appdata/local/arduino15/packages/arduino/tools/arm-none-eabi-gcc/4.8.3-2014q1/bin/../lib/gcc/arm-none-eabi/4.8.3/armv7-m/crtbegin.o
 *(SORT(.fini_array.*))
                0x00085c78                __fini_array_end = .
 *crtbegin.o(.dtors)
 *(EXCLUDE_FILE(*crtend.o) .dtors)
 *(SORT(.dtors.*))
 *crtend.o(.dtors)
                0x00085c78                . = ALIGN (0x4)
                0x00085c78                _efixed = .
                0x00085c78                PROVIDE (__exidx_start, .)

.vfp11_veneer   0x00085c78        0x0
 .vfp11_veneer  0x00000000        0x0 linker stubs

.v4_bx          0x00085c78        0x0
 .v4_bx         0x00000000        0x0 linker stubs

.iplt           0x00085c78        0x0
 .iplt          0x00000000        0x0 c:/users/rohit/appdata/local/arduino15/packages/arduino/tools/arm-none-eabi-gcc/4.8.3-2014q1/bin/../lib/gcc/arm-none-eabi/4.8.3/armv7-m/crtbegin.o

.ARM.exidx      0x00085c78        0x8
 *(.ARM.exidx* .gnu.linkonce.armexidx.*)
 .ARM.exidx     0x00085c78        0x8 c:/users/rohit/appdata/local/arduino15/packages/arduino/tools/arm-none-eabi-gcc/4.8.3-2014q1/bin/../lib/gcc/arm-none-eabi/4.8.3/armv7-m\libgcc.a(_divdi3.o)
 .ARM.exidx     0x00085c80        0x0 c:/users/rohit/appdata/local/arduino15/packages/arduino/tools/arm-none-eabi-gcc/4.8.3-2014q1/bin/../lib/gcc/arm-none-eabi/4.8.3/armv7-m\libgcc.a(_udivdi3.o)
                                  0x8 (size before relaxing)
                0x00085c80                PROVIDE (__exidx_end, .)

.eh_frame       0x00085c80        0x0
 .eh_frame      0x00085c80        0x0 c:/users/rohit/appdata/local/arduino15/packages/arduino/tools/arm-none-eabi-gcc/4.8.3-2014q1/bin/../lib/gcc/arm-none-eabi/4.8.3/armv7-m/crtbegin.o

.rel.dyn        0x00085c80        0x0
 .rel.iplt      0x00000000        0x0 c:/users/rohit/appdata/local/arduino15/packages/arduino/tools/arm-none-eabi-gcc/4.8.3-2014q1/bin/../lib/gcc/arm-none-eabi/4.8.3/armv7-m/crtbegin.o

.jcr            0x00085c80        0x0
 .jcr           0x00085c80        0x0 c:/users/rohit/appdata/local/arduino15/packages/arduino/tools/arm-none-eabi-gcc/4.8.3-2014q1/bin/../lib/gcc/arm-none-eabi/4.8.3/armv7-m/crtbegin.o

.igot.plt       0x00085c80        0x0
 .igot.plt      0x00000000        0x0 c:/users/rohit/appdata/local/arduino15/packages/arduino/tools/arm-none-eabi-gcc/4.8.3-2014q1/bin/../lib/gcc/arm-none-eabi/4.8.3/armv7-m/crtbegin.o
                0x00085c80                . = ALIGN (0x4)
                0x00085c80                _etext = .

.relocate       0x20070000      0x8ec load address 0x00085c80
                0x20070000                . = ALIGN (0x4)
                0x20070000                _srelocate = .
 *(.ramfunc .ramfunc.*)
 .ramfunc       0x20070000       0x2c E:\documents\ARDUINO\buildfolder\powerSupply\arduino_due_x_dbg\Debug/core.a(Reset.cpp.o)
                0x20070000                banzai
 *(.data .data.*)
 .data.colPins  0x2007002c        0x4 E:\documents\ARDUINO\buildfolder\powerSupply\arduino_due_x_dbg\Debug\powerSupply.cpp.o
                0x2007002c                colPins
 .data.keymap   0x20070030       0x10 E:\documents\ARDUINO\buildfolder\powerSupply\arduino_due_x_dbg\Debug\powerSupply.cpp.o
                0x20070030                keymap
 .data.rowPins  0x20070040        0x4 E:\documents\ARDUINO\buildfolder\powerSupply\arduino_due_x_dbg\Debug\powerSupply.cpp.o
                0x20070040                rowPins
 .data.SystemCoreClock
                0x20070044        0x4 C:\Users\Rohit\AppData\Local\arduino15\packages\arduino\hardware\sam\1.6.11\variants\arduino_due_x/libsam_sam3x8e_gcc_rel.a(system_sam3xa.o)
                0x20070044                SystemCoreClock
 .data._ZL5ticks
                0x20070048        0x4 E:\documents\ARDUINO\buildfolder\powerSupply\arduino_due_x_dbg\Debug/core.a(Reset.cpp.o)
 .data.EndPoints
                0x2007004c       0x28 E:\documents\ARDUINO\buildfolder\powerSupply\arduino_due_x_dbg\Debug/core.a(USBCore.cpp.o)
                0x2007004c                EndPoints
 .data._ZL10breakValue
                0x20070074        0x4 E:\documents\ARDUINO\buildfolder\powerSupply\arduino_due_x_dbg\Debug/core.a(CDC.cpp.o)
 .data._ZL12_usbLineInfo
                0x20070078        0x8 E:\documents\ARDUINO\buildfolder\powerSupply\arduino_due_x_dbg\Debug/core.a(CDC.cpp.o)
 .data.g_interrupt_enabled
                0x20070080        0x4 C:\Users\Rohit\AppData\Local\arduino15\packages\arduino\hardware\sam\1.6.11\variants\arduino_due_x/libsam_sam3x8e_gcc_rel.a(interrupt_sam_nvic.o)
                0x20070080                g_interrupt_enabled
 *fill*         0x20070084        0x4 
 .data.impure_data
                0x20070088      0x428 c:/users/rohit/appdata/local/arduino15/packages/arduino/tools/arm-none-eabi-gcc/4.8.3-2014q1/bin/../lib/gcc/arm-none-eabi/4.8.3/../../../../arm-none-eabi/lib/armv7-m\libg.a(lib_a-impure.o)
 .data._impure_ptr
                0x200704b0        0x4 c:/users/rohit/appdata/local/arduino15/packages/arduino/tools/arm-none-eabi-gcc/4.8.3-2014q1/bin/../lib/gcc/arm-none-eabi/4.8.3/../../../../arm-none-eabi/lib/armv7-m\libg.a(lib_a-impure.o)
                0x200704b0                _impure_ptr
 .data.lc_ctype_charset
                0x200704b4       0x20 c:/users/rohit/appdata/local/arduino15/packages/arduino/tools/arm-none-eabi-gcc/4.8.3-2014q1/bin/../lib/gcc/arm-none-eabi/4.8.3/../../../../arm-none-eabi/lib/armv7-m\libg.a(lib_a-locale.o)
 .data.__mb_cur_max
                0x200704d4        0x4 c:/users/rohit/appdata/local/arduino15/packages/arduino/tools/arm-none-eabi-gcc/4.8.3-2014q1/bin/../lib/gcc/arm-none-eabi/4.8.3/../../../../arm-none-eabi/lib/armv7-m\libg.a(lib_a-locale.o)
                0x200704d4                __mb_cur_max
 .data.__malloc_av_
                0x200704d8      0x408 c:/users/rohit/appdata/local/arduino15/packages/arduino/tools/arm-none-eabi-gcc/4.8.3-2014q1/bin/../lib/gcc/arm-none-eabi/4.8.3/../../../../arm-none-eabi/lib/armv7-m\libg.a(lib_a-mallocr.o)
                0x200704d8                __malloc_av_
 .data.__malloc_trim_threshold
                0x200708e0        0x4 c:/users/rohit/appdata/local/arduino15/packages/arduino/tools/arm-none-eabi-gcc/4.8.3-2014q1/bin/../lib/gcc/arm-none-eabi/4.8.3/../../../../arm-none-eabi/lib/armv7-m\libg.a(lib_a-mallocr.o)
                0x200708e0                __malloc_trim_threshold
 .data.__malloc_sbrk_base
                0x200708e4        0x4 c:/users/rohit/appdata/local/arduino15/packages/arduino/tools/arm-none-eabi-gcc/4.8.3-2014q1/bin/../lib/gcc/arm-none-eabi/4.8.3/../../../../arm-none-eabi/lib/armv7-m\libg.a(lib_a-mallocr.o)
                0x200708e4                __malloc_sbrk_base
 .data.__wctomb
                0x200708e8        0x4 c:/users/rohit/appdata/local/arduino15/packages/arduino/tools/arm-none-eabi-gcc/4.8.3-2014q1/bin/../lib/gcc/arm-none-eabi/4.8.3/../../../../arm-none-eabi/lib/armv7-m\libg.a(lib_a-wctomb_r.o)
                0x200708e8                __wctomb
                0x200708ec                . = ALIGN (0x4)
                0x200708ec                _erelocate = .

.bss            0x200708ec      0x91c load address 0x0008656c
                0x200708ec                . = ALIGN (0x4)
                0x200708ec                _sbss = .
                0x200708ec                _szero = .
 *(.bss .bss.*)
 .bss           0x200708ec       0x1c c:/users/rohit/appdata/local/arduino15/packages/arduino/tools/arm-none-eabi-gcc/4.8.3-2014q1/bin/../lib/gcc/arm-none-eabi/4.8.3/armv7-m/crtbegin.o
 .bss.myKeypad  0x20070908       0xd8 E:\documents\ARDUINO\buildfolder\powerSupply\arduino_due_x_dbg\Debug\powerSupply.cpp.o
                0x20070908                myKeypad
 .bss.lcd       0x200709e0       0x1c E:\documents\ARDUINO\buildfolder\powerSupply\arduino_due_x_dbg\Debug\powerSupply.cpp.o
                0x200709e0                lcd
 .bss.tx_buffer2
                0x200709fc       0x88 E:\documents\ARDUINO\buildfolder\powerSupply\arduino_due_x_dbg\Debug\variant\variant.cpp.o
                0x200709fc                tx_buffer2
 .bss.tx_buffer1
                0x20070a84       0x88 E:\documents\ARDUINO\buildfolder\powerSupply\arduino_due_x_dbg\Debug\variant\variant.cpp.o
                0x20070a84                tx_buffer1
 .bss.Serial    0x20070b0c       0x24 E:\documents\ARDUINO\buildfolder\powerSupply\arduino_due_x_dbg\Debug\variant\variant.cpp.o
                0x20070b0c                Serial
 .bss.rx_buffer1
                0x20070b30       0x88 E:\documents\ARDUINO\buildfolder\powerSupply\arduino_due_x_dbg\Debug\variant\variant.cpp.o
                0x20070b30                rx_buffer1
 .bss.Serial1   0x20070bb8       0x28 E:\documents\ARDUINO\buildfolder\powerSupply\arduino_due_x_dbg\Debug\variant\variant.cpp.o
                0x20070bb8                Serial1
 .bss.Serial2   0x20070be0       0x28 E:\documents\ARDUINO\buildfolder\powerSupply\arduino_due_x_dbg\Debug\variant\variant.cpp.o
                0x20070be0                Serial2
 .bss.Serial3   0x20070c08       0x28 E:\documents\ARDUINO\buildfolder\powerSupply\arduino_due_x_dbg\Debug\variant\variant.cpp.o
                0x20070c08                Serial3
 .bss.tx_buffer3
                0x20070c30       0x88 E:\documents\ARDUINO\buildfolder\powerSupply\arduino_due_x_dbg\Debug\variant\variant.cpp.o
                0x20070c30                tx_buffer3
 .bss.tx_buffer4
                0x20070cb8       0x88 E:\documents\ARDUINO\buildfolder\powerSupply\arduino_due_x_dbg\Debug\variant\variant.cpp.o
                0x20070cb8                tx_buffer4
 .bss.g_pinStatus
                0x20070d40       0x4f E:\documents\ARDUINO\buildfolder\powerSupply\arduino_due_x_dbg\Debug\variant\variant.cpp.o
                0x20070d40                g_pinStatus
 *fill*         0x20070d8f        0x1 
 .bss.rx_buffer2
                0x20070d90       0x88 E:\documents\ARDUINO\buildfolder\powerSupply\arduino_due_x_dbg\Debug\variant\variant.cpp.o
                0x20070d90                rx_buffer2
 .bss.rx_buffer3
                0x20070e18       0x88 E:\documents\ARDUINO\buildfolder\powerSupply\arduino_due_x_dbg\Debug\variant\variant.cpp.o
                0x20070e18                rx_buffer3
 .bss.rx_buffer4
                0x20070ea0       0x88 E:\documents\ARDUINO\buildfolder\powerSupply\arduino_due_x_dbg\Debug\variant\variant.cpp.o
                0x20070ea0                rx_buffer4
 .bss.gpf_isr   0x20070f28        0x4 C:\Users\Rohit\AppData\Local\arduino15\packages\arduino\hardware\sam\1.6.11\variants\arduino_due_x/libsam_sam3x8e_gcc_rel.a(uotghs.o)
                0x20070f28                gpf_isr
 .bss.heap.6420
                0x20070f2c        0x4 E:\documents\ARDUINO\buildfolder\powerSupply\arduino_due_x_dbg\Debug/core.a(syscalls_sam3.c.o)
 .bss._cmark    0x20070f30        0x2 E:\documents\ARDUINO\buildfolder\powerSupply\arduino_due_x_dbg\Debug/core.a(USBCore.cpp.o)
                0x20070f30                _cmark
 .bss._ZL14isEndpointHalt
                0x20070f32        0x1 E:\documents\ARDUINO\buildfolder\powerSupply\arduino_due_x_dbg\Debug/core.a(USBCore.cpp.o)
 *fill*         0x20070f33        0x1 
 .bss._cdcComposite
                0x20070f34        0x4 E:\documents\ARDUINO\buildfolder\powerSupply\arduino_due_x_dbg\Debug/core.a(USBCore.cpp.o)
                0x20070f34                _cdcComposite
 .bss._ZL21isRemoteWakeUpEnabled
                0x20070f38        0x1 E:\documents\ARDUINO\buildfolder\powerSupply\arduino_due_x_dbg\Debug/core.a(USBCore.cpp.o)
 *fill*         0x20070f39        0x3 
 .bss._usbInitialized
                0x20070f3c        0x4 E:\documents\ARDUINO\buildfolder\powerSupply\arduino_due_x_dbg\Debug/core.a(USBCore.cpp.o)
                0x20070f3c                _usbInitialized
 .bss.USBDevice
                0x20070f40        0x1 E:\documents\ARDUINO\buildfolder\powerSupply\arduino_due_x_dbg\Debug/core.a(USBCore.cpp.o)
                0x20070f40                USBDevice
 *fill*         0x20070f41        0x3 
 .bss._usbSetInterface
                0x20070f44        0x4 E:\documents\ARDUINO\buildfolder\powerSupply\arduino_due_x_dbg\Debug/core.a(USBCore.cpp.o)
                0x20070f44                _usbSetInterface
 .bss._cend     0x20070f48        0x2 E:\documents\ARDUINO\buildfolder\powerSupply\arduino_due_x_dbg\Debug/core.a(USBCore.cpp.o)
                0x20070f48                _cend
 *fill*         0x20070f4a        0x2 
 .bss._usbConfiguration
                0x20070f4c        0x4 E:\documents\ARDUINO\buildfolder\powerSupply\arduino_due_x_dbg\Debug/core.a(USBCore.cpp.o)
                0x20070f4c                _usbConfiguration
 .bss.cdc_rx_buffer
                0x20070f50      0x208 E:\documents\ARDUINO\buildfolder\powerSupply\arduino_due_x_dbg\Debug/core.a(CDC.cpp.o)
                0x20070f50                cdc_rx_buffer
 .bss._ZZN7Serial_6acceptEvE5guard
                0x20071158        0x4 E:\documents\ARDUINO\buildfolder\powerSupply\arduino_due_x_dbg\Debug/core.a(CDC.cpp.o)
 .bss.SerialUSB
                0x2007115c       0x14 E:\documents\ARDUINO\buildfolder\powerSupply\arduino_due_x_dbg\Debug/core.a(CDC.cpp.o)
                0x2007115c                SerialUSB
 .bss._ZZ12PluggableUSBvE3obj
                0x20071170        0x8 E:\documents\ARDUINO\buildfolder\powerSupply\arduino_due_x_dbg\Debug/core.a(PluggableUSB.cpp.o)
 .bss._ZGVZ12PluggableUSBvE3obj
                0x20071178        0x4 E:\documents\ARDUINO\buildfolder\powerSupply\arduino_due_x_dbg\Debug/core.a(PluggableUSB.cpp.o)
 .bss._dwTickCount
                0x2007117c        0x4 C:\Users\Rohit\AppData\Local\arduino15\packages\arduino\hardware\sam\1.6.11\variants\arduino_due_x/libsam_sam3x8e_gcc_rel.a(timetick.o)
 .bss.ul_recv_fifo_ptr
                0x20071180       0x28 C:\Users\Rohit\AppData\Local\arduino15\packages\arduino\hardware\sam\1.6.11\variants\arduino_due_x/libsam_sam3x8e_gcc_rel.a(uotghs_device.o)
 .bss.ul_send_fifo_ptr
                0x200711a8       0x28 C:\Users\Rohit\AppData\Local\arduino15\packages\arduino\hardware\sam\1.6.11\variants\arduino_due_x/libsam_sam3x8e_gcc_rel.a(uotghs_device.o)
 .bss.__malloc_max_total_mem
                0x200711d0        0x4 c:/users/rohit/appdata/local/arduino15/packages/arduino/tools/arm-none-eabi-gcc/4.8.3-2014q1/bin/../lib/gcc/arm-none-eabi/4.8.3/../../../../arm-none-eabi/lib/armv7-m\libg.a(lib_a-mallocr.o)
                0x200711d0                __malloc_max_total_mem
 .bss.__malloc_max_sbrked_mem
                0x200711d4        0x4 c:/users/rohit/appdata/local/arduino15/packages/arduino/tools/arm-none-eabi-gcc/4.8.3-2014q1/bin/../lib/gcc/arm-none-eabi/4.8.3/../../../../arm-none-eabi/lib/armv7-m\libg.a(lib_a-mallocr.o)
                0x200711d4                __malloc_max_sbrked_mem
 .bss.__malloc_top_pad
                0x200711d8        0x4 c:/users/rohit/appdata/local/arduino15/packages/arduino/tools/arm-none-eabi-gcc/4.8.3-2014q1/bin/../lib/gcc/arm-none-eabi/4.8.3/../../../../arm-none-eabi/lib/armv7-m\libg.a(lib_a-mallocr.o)
                0x200711d8                __malloc_top_pad
 .bss.__malloc_current_mallinfo
                0x200711dc       0x28 c:/users/rohit/appdata/local/arduino15/packages/arduino/tools/arm-none-eabi-gcc/4.8.3-2014q1/bin/../lib/gcc/arm-none-eabi/4.8.3/../../../../arm-none-eabi/lib/armv7-m\libg.a(lib_a-mallocr.o)
                0x200711dc                __malloc_current_mallinfo
 *(COMMON)
 COMMON         0x20071204        0x4 c:/users/rohit/appdata/local/arduino15/packages/arduino/tools/arm-none-eabi-gcc/4.8.3-2014q1/bin/../lib/gcc/arm-none-eabi/4.8.3/../../../../arm-none-eabi/lib/armv7-m\libg.a(lib_a-reent.o)
                0x20071204                errno
                0x20071208                . = ALIGN (0x4)
                0x20071208                _ebss = .
                0x20071208                _ezero = .
                0x20071208                . = ALIGN (0x4)
                0x20071208                _end = .

.stack_dummy    0x20071208        0x0
 *(.stack*)
                0x20088000                __StackTop = (ORIGIN (ram) + 0x18000)
                0x20088000                __StackLimit = (__StackTop - SIZEOF (.stack_dummy))
                0x20088000                PROVIDE (_sstack, __StackLimit)
                0x20088000                PROVIDE (_estack, __StackTop)
OUTPUT(E:\documents\ARDUINO\buildfolder\powerSupply\arduino_due_x_dbg\Debug/powerSupply.ino.elf elf32-littlearm)

.ARM.attributes
                0x00000000       0x29
 .ARM.attributes
                0x00000000       0x1d c:/users/rohit/appdata/local/arduino15/packages/arduino/tools/arm-none-eabi-gcc/4.8.3-2014q1/bin/../lib/gcc/arm-none-eabi/4.8.3/armv7-m/crti.o
 .ARM.attributes
                0x0000001d       0x2d c:/users/rohit/appdata/local/arduino15/packages/arduino/tools/arm-none-eabi-gcc/4.8.3-2014q1/bin/../lib/gcc/arm-none-eabi/4.8.3/armv7-m/crtbegin.o
 .ARM.attributes
                0x0000004a       0x33 E:\documents\ARDUINO\buildfolder\powerSupply\arduino_due_x_dbg\Debug\powerSupply.cpp.o
 .ARM.attributes
                0x0000007d       0x33 E:\documents\ARDUINO\buildfolder\powerSupply\arduino_due_x_dbg\Debug\LiquidCrystal\LiquidCrystal.cpp.o
 .ARM.attributes
                0x000000b0       0x33 E:\documents\ARDUINO\buildfolder\powerSupply\arduino_due_x_dbg\Debug\Keypad\Key.cpp.o
 .ARM.attributes
                0x000000e3       0x33 E:\documents\ARDUINO\buildfolder\powerSupply\arduino_due_x_dbg\Debug\Keypad\Keypad.cpp.o
 .ARM.attributes
                0x00000116       0x33 E:\documents\ARDUINO\buildfolder\powerSupply\arduino_due_x_dbg\Debug\variant\variant.cpp.o
 .ARM.attributes
                0x00000149       0x33 C:\Users\Rohit\AppData\Local\arduino15\packages\arduino\hardware\sam\1.6.11\variants\arduino_due_x/libsam_sam3x8e_gcc_rel.a(pio.o)
 .ARM.attributes
                0x0000017c       0x33 C:\Users\Rohit\AppData\Local\arduino15\packages\arduino\hardware\sam\1.6.11\variants\arduino_due_x/libsam_sam3x8e_gcc_rel.a(pmc.o)
 .ARM.attributes
                0x000001af       0x33 C:\Users\Rohit\AppData\Local\arduino15\packages\arduino\hardware\sam\1.6.11\variants\arduino_due_x/libsam_sam3x8e_gcc_rel.a(system_sam3xa.o)
 .ARM.attributes
                0x000001e2       0x33 C:\Users\Rohit\AppData\Local\arduino15\packages\arduino\hardware\sam\1.6.11\variants\arduino_due_x/libsam_sam3x8e_gcc_rel.a(startup_sam3xa.o)
 .ARM.attributes
                0x00000215       0x33 C:\Users\Rohit\AppData\Local\arduino15\packages\arduino\hardware\sam\1.6.11\variants\arduino_due_x/libsam_sam3x8e_gcc_rel.a(adc.o)
 .ARM.attributes
                0x00000248       0x33 C:\Users\Rohit\AppData\Local\arduino15\packages\arduino\hardware\sam\1.6.11\variants\arduino_due_x/libsam_sam3x8e_gcc_rel.a(uotghs.o)
 .ARM.attributes
                0x0000027b       0x33 E:\documents\ARDUINO\buildfolder\powerSupply\arduino_due_x_dbg\Debug/core.a(cortex_handlers.c.o)
 .ARM.attributes
                0x000002ae       0x33 E:\documents\ARDUINO\buildfolder\powerSupply\arduino_due_x_dbg\Debug/core.a(hooks.c.o)
 .ARM.attributes
                0x000002e1       0x33 E:\documents\ARDUINO\buildfolder\powerSupply\arduino_due_x_dbg\Debug/core.a(syscalls_sam3.c.o)
 .ARM.attributes
                0x00000314       0x33 E:\documents\ARDUINO\buildfolder\powerSupply\arduino_due_x_dbg\Debug/core.a(wiring.c.o)
 .ARM.attributes
                0x00000347       0x33 E:\documents\ARDUINO\buildfolder\powerSupply\arduino_due_x_dbg\Debug/core.a(wiring_analog.c.o)
 .ARM.attributes
                0x0000037a       0x33 E:\documents\ARDUINO\buildfolder\powerSupply\arduino_due_x_dbg\Debug/core.a(wiring_digital.c.o)
 .ARM.attributes
                0x000003ad       0x33 E:\documents\ARDUINO\buildfolder\powerSupply\arduino_due_x_dbg\Debug/core.a(main.cpp.o)
 .ARM.attributes
                0x000003e0       0x33 E:\documents\ARDUINO\buildfolder\powerSupply\arduino_due_x_dbg\Debug/core.a(Print.cpp.o)
 .ARM.attributes
                0x00000413       0x33 E:\documents\ARDUINO\buildfolder\powerSupply\arduino_due_x_dbg\Debug/core.a(Reset.cpp.o)
 .ARM.attributes
                0x00000446       0x33 E:\documents\ARDUINO\buildfolder\powerSupply\arduino_due_x_dbg\Debug/core.a(RingBuffer.cpp.o)
 .ARM.attributes
                0x00000479       0x33 E:\documents\ARDUINO\buildfolder\powerSupply\arduino_due_x_dbg\Debug/core.a(UARTClass.cpp.o)
 .ARM.attributes
                0x000004ac       0x33 E:\documents\ARDUINO\buildfolder\powerSupply\arduino_due_x_dbg\Debug/core.a(USARTClass.cpp.o)
 .ARM.attributes
                0x000004df       0x33 E:\documents\ARDUINO\buildfolder\powerSupply\arduino_due_x_dbg\Debug/core.a(watchdog.cpp.o)
 .ARM.attributes
                0x00000512       0x33 E:\documents\ARDUINO\buildfolder\powerSupply\arduino_due_x_dbg\Debug/core.a(USBCore.cpp.o)
 .ARM.attributes
                0x00000545       0x33 E:\documents\ARDUINO\buildfolder\powerSupply\arduino_due_x_dbg\Debug/core.a(CDC.cpp.o)
 .ARM.attributes
                0x00000578       0x33 E:\documents\ARDUINO\buildfolder\powerSupply\arduino_due_x_dbg\Debug/core.a(PluggableUSB.cpp.o)
 .ARM.attributes
                0x000005ab       0x33 C:\Users\Rohit\AppData\Local\arduino15\packages\arduino\hardware\sam\1.6.11\variants\arduino_due_x/libsam_sam3x8e_gcc_rel.a(timetick.o)
 .ARM.attributes
                0x000005de       0x33 C:\Users\Rohit\AppData\Local\arduino15\packages\arduino\hardware\sam\1.6.11\variants\arduino_due_x/libsam_sam3x8e_gcc_rel.a(wdt.o)
 .ARM.attributes
                0x00000611       0x33 C:\Users\Rohit\AppData\Local\arduino15\packages\arduino\hardware\sam\1.6.11\variants\arduino_due_x/libsam_sam3x8e_gcc_rel.a(interrupt_sam_nvic.o)
 .ARM.attributes
                0x00000644       0x33 C:\Users\Rohit\AppData\Local\arduino15\packages\arduino\hardware\sam\1.6.11\variants\arduino_due_x/libsam_sam3x8e_gcc_rel.a(uotghs_device.o)
 .ARM.attributes
                0x00000677       0x2d c:/users/rohit/appdata/local/arduino15/packages/arduino/tools/arm-none-eabi-gcc/4.8.3-2014q1/bin/../lib/gcc/arm-none-eabi/4.8.3/../../../../arm-none-eabi/lib/armv7-m\libg.a(lib_a-impure.o)
 .ARM.attributes
                0x000006a4       0x2d c:/users/rohit/appdata/local/arduino15/packages/arduino/tools/arm-none-eabi-gcc/4.8.3-2014q1/bin/../lib/gcc/arm-none-eabi/4.8.3/../../../../arm-none-eabi/lib/armv7-m\libg.a(lib_a-init.o)
 .ARM.attributes
                0x000006d1       0x2d c:/users/rohit/appdata/local/arduino15/packages/arduino/tools/arm-none-eabi-gcc/4.8.3-2014q1/bin/../lib/gcc/arm-none-eabi/4.8.3/../../../../arm-none-eabi/lib/armv7-m\libg.a(lib_a-iprintf.o)
 .ARM.attributes
                0x000006fe       0x2d c:/users/rohit/appdata/local/arduino15/packages/arduino/tools/arm-none-eabi-gcc/4.8.3-2014q1/bin/../lib/gcc/arm-none-eabi/4.8.3/../../../../arm-none-eabi/lib/armv7-m\libg.a(lib_a-memset.o)
 .ARM.attributes
                0x0000072b       0x2d c:/users/rohit/appdata/local/arduino15/packages/arduino/tools/arm-none-eabi-gcc/4.8.3-2014q1/bin/../lib/gcc/arm-none-eabi/4.8.3/../../../../arm-none-eabi/lib/armv7-m\libg.a(lib_a-strlen.o)
 .ARM.attributes
                0x00000758       0x2d c:/users/rohit/appdata/local/arduino15/packages/arduino/tools/arm-none-eabi-gcc/4.8.3-2014q1/bin/../lib/gcc/arm-none-eabi/4.8.3/../../../../arm-none-eabi/lib/armv7-m\libg.a(lib_a-syskill.o)
 .ARM.attributes
                0x00000785       0x2d c:/users/rohit/appdata/local/arduino15/packages/arduino/tools/arm-none-eabi-gcc/4.8.3-2014q1/bin/../lib/gcc/arm-none-eabi/4.8.3/../../../../arm-none-eabi/lib/armv7-m\libg.a(lib_a-vfiprintf.o)
 .ARM.attributes
                0x000007b2       0x2d c:/users/rohit/appdata/local/arduino15/packages/arduino/tools/arm-none-eabi-gcc/4.8.3-2014q1/bin/../lib/gcc/arm-none-eabi/4.8.3/../../../../arm-none-eabi/lib/armv7-m\libg.a(lib_a-wsetup.o)
 .ARM.attributes
                0x000007df       0x2d c:/users/rohit/appdata/local/arduino15/packages/arduino/tools/arm-none-eabi-gcc/4.8.3-2014q1/bin/../lib/gcc/arm-none-eabi/4.8.3/../../../../arm-none-eabi/lib/armv7-m\libg.a(lib_a-__call_atexit.o)
 .ARM.attributes
                0x0000080c       0x2d c:/users/rohit/appdata/local/arduino15/packages/arduino/tools/arm-none-eabi-gcc/4.8.3-2014q1/bin/../lib/gcc/arm-none-eabi/4.8.3/../../../../arm-none-eabi/lib/armv7-m\libg.a(lib_a-atexit.o)
 .ARM.attributes
                0x00000839       0x2d c:/users/rohit/appdata/local/arduino15/packages/arduino/tools/arm-none-eabi-gcc/4.8.3-2014q1/bin/../lib/gcc/arm-none-eabi/4.8.3/../../../../arm-none-eabi/lib/armv7-m\libg.a(lib_a-fflush.o)
 .ARM.attributes
                0x00000866       0x2d c:/users/rohit/appdata/local/arduino15/packages/arduino/tools/arm-none-eabi-gcc/4.8.3-2014q1/bin/../lib/gcc/arm-none-eabi/4.8.3/../../../../arm-none-eabi/lib/armv7-m\libg.a(lib_a-findfp.o)
 .ARM.attributes
                0x00000893       0x2d c:/users/rohit/appdata/local/arduino15/packages/arduino/tools/arm-none-eabi-gcc/4.8.3-2014q1/bin/../lib/gcc/arm-none-eabi/4.8.3/../../../../arm-none-eabi/lib/armv7-m\libg.a(lib_a-fini.o)
 .ARM.attributes
                0x000008c0       0x2d c:/users/rohit/appdata/local/arduino15/packages/arduino/tools/arm-none-eabi-gcc/4.8.3-2014q1/bin/../lib/gcc/arm-none-eabi/4.8.3/../../../../arm-none-eabi/lib/armv7-m\libg.a(lib_a-fputwc.o)
 .ARM.attributes
                0x000008ed       0x2d c:/users/rohit/appdata/local/arduino15/packages/arduino/tools/arm-none-eabi-gcc/4.8.3-2014q1/bin/../lib/gcc/arm-none-eabi/4.8.3/../../../../arm-none-eabi/lib/armv7-m\libg.a(lib_a-freer.o)
 .ARM.attributes
                0x0000091a       0x2d c:/users/rohit/appdata/local/arduino15/packages/arduino/tools/arm-none-eabi-gcc/4.8.3-2014q1/bin/../lib/gcc/arm-none-eabi/4.8.3/../../../../arm-none-eabi/lib/armv7-m\libg.a(lib_a-fvwrite.o)
 .ARM.attributes
                0x00000947       0x2d c:/users/rohit/appdata/local/arduino15/packages/arduino/tools/arm-none-eabi-gcc/4.8.3-2014q1/bin/../lib/gcc/arm-none-eabi/4.8.3/../../../../arm-none-eabi/lib/armv7-m\libg.a(lib_a-fwalk.o)
 .ARM.attributes
                0x00000974       0x2d c:/users/rohit/appdata/local/arduino15/packages/arduino/tools/arm-none-eabi-gcc/4.8.3-2014q1/bin/../lib/gcc/arm-none-eabi/4.8.3/../../../../arm-none-eabi/lib/armv7-m\libg.a(lib_a-locale.o)
 .ARM.attributes
                0x000009a1       0x2d c:/users/rohit/appdata/local/arduino15/packages/arduino/tools/arm-none-eabi-gcc/4.8.3-2014q1/bin/../lib/gcc/arm-none-eabi/4.8.3/../../../../arm-none-eabi/lib/armv7-m\libg.a(lib_a-makebuf.o)
 .ARM.attributes
                0x000009ce       0x2d c:/users/rohit/appdata/local/arduino15/packages/arduino/tools/arm-none-eabi-gcc/4.8.3-2014q1/bin/../lib/gcc/arm-none-eabi/4.8.3/../../../../arm-none-eabi/lib/armv7-m\libg.a(lib_a-mallocr.o)
 .ARM.attributes
                0x000009fb       0x2d c:/users/rohit/appdata/local/arduino15/packages/arduino/tools/arm-none-eabi-gcc/4.8.3-2014q1/bin/../lib/gcc/arm-none-eabi/4.8.3/../../../../arm-none-eabi/lib/armv7-m\libg.a(lib_a-memchr-stub.o)
 .ARM.attributes