Archive member included because of file (symbol)

C:\Users\Rohit\AppData\Local\arduino15\packages\arduino\hardware\sam\1.6.11\variants\arduino_due_x/libsam_sam3x8e_gcc_rel.a(pio.o)
                              E:\documents\ARDUINO\buildfolder\powerSupply\arduino_due_x_dbg\Debug\variant\variant.cpp.o (PIO_Configure)
C:\Users\Rohit\AppData\Local\arduino15\packages\arduino\hardware\sam\1.6.11\variants\arduino_due_x/libsam_sam3x8e_gcc_rel.a(pmc.o)
                              E:\documents\ARDUINO\buildfolder\powerSupply\arduino_due_x_dbg\Debug\variant\variant.cpp.o (pmc_enable_periph_clk)
C:\Users\Rohit\AppData\Local\arduino15\packages\arduino\hardware\sam\1.6.11\variants\arduino_due_x/libsam_sam3x8e_gcc_rel.a(system_sam3xa.o)
                              E:\documents\ARDUINO\buildfolder\powerSupply\arduino_due_x_dbg\Debug\variant\variant.cpp.o (SystemInit)
C:\Users\Rohit\AppData\Local\arduino15\packages\arduino\hardware\sam\1.6.11\variants\arduino_due_x/libsam_sam3x8e_gcc_rel.a(startup_sam3xa.o)
                              (Reset_Handler)
C:\Users\Rohit\AppData\Local\arduino15\packages\arduino\hardware\sam\1.6.11\variants\arduino_due_x/libsam_sam3x8e_gcc_rel.a(adc.o)
                              E:\documents\ARDUINO\buildfolder\powerSupply\arduino_due_x_dbg\Debug\variant\variant.cpp.o (adc_init)
C:\Users\Rohit\AppData\Local\arduino15\packages\arduino\hardware\sam\1.6.11\variants\arduino_due_x/libsam_sam3x8e_gcc_rel.a(uotghs.o)
                              C:\Users\Rohit\AppData\Local\arduino15\packages\arduino\hardware\sam\1.6.11\variants\arduino_due_x/libsam_sam3x8e_gcc_rel.a(startup_sam3xa.o) (UOTGHS_Handler)
E:\documents\ARDUINO\buildfolder\powerSupply\arduino_due_x_dbg\Debug/core.a(cortex_handlers.c.o)
                              C:\Users\Rohit\AppData\Local\arduino15\packages\arduino\hardware\sam\1.6.11\variants\arduino_due_x/libsam_sam3x8e_gcc_rel.a(startup_sam3xa.o) (NMI_Handler)
E:\documents\ARDUINO\buildfolder\powerSupply\arduino_due_x_dbg\Debug/core.a(hooks.c.o)
                              E:\documents\ARDUINO\buildfolder\powerSupply\arduino_due_x_dbg\Debug/core.a(cortex_handlers.c.o) (sysTickHook)
E:\documents\ARDUINO\buildfolder\powerSupply\arduino_due_x_dbg\Debug/core.a(syscalls_sam3.c.o)
                              (_sbrk)
E:\documents\ARDUINO\buildfolder\powerSupply\arduino_due_x_dbg\Debug/core.a(WInterrupts.c.o)
                              E:\documents\ARDUINO\buildfolder\powerSupply\arduino_due_x_dbg\Debug\powerSupply.cpp.o (attachInterrupt)
E:\documents\ARDUINO\buildfolder\powerSupply\arduino_due_x_dbg\Debug/core.a(wiring.c.o)
                              E:\documents\ARDUINO\buildfolder\powerSupply\arduino_due_x_dbg\Debug\powerSupply.cpp.o (millis)
E:\documents\ARDUINO\buildfolder\powerSupply\arduino_due_x_dbg\Debug/core.a(wiring_analog.c.o)
                              E:\documents\ARDUINO\buildfolder\powerSupply\arduino_due_x_dbg\Debug\powerSupply.cpp.o (analogReadResolution)
E:\documents\ARDUINO\buildfolder\powerSupply\arduino_due_x_dbg\Debug/core.a(wiring_digital.c.o)
                              E:\documents\ARDUINO\buildfolder\powerSupply\arduino_due_x_dbg\Debug\powerSupply.cpp.o (pinMode)
E:\documents\ARDUINO\buildfolder\powerSupply\arduino_due_x_dbg\Debug/core.a(main.cpp.o)
                              c:/users/rohit/appdata/local/arduino15/packages/arduino/tools/arm-none-eabi-gcc/4.8.3-2014q1/bin/../lib/gcc/arm-none-eabi/4.8.3/../../../../arm-none-eabi/lib/armv7-m/crt0.o (main)
E:\documents\ARDUINO\buildfolder\powerSupply\arduino_due_x_dbg\Debug/core.a(Print.cpp.o)
                              E:\documents\ARDUINO\buildfolder\powerSupply\arduino_due_x_dbg\Debug\LiquidCrystal\LiquidCrystal.cpp.o (Print::write(unsigned char const*, unsigned int))
E:\documents\ARDUINO\buildfolder\powerSupply\arduino_due_x_dbg\Debug/core.a(Reset.cpp.o)
                              E:\documents\ARDUINO\buildfolder\powerSupply\arduino_due_x_dbg\Debug/core.a(cortex_handlers.c.o) (tickReset)
E:\documents\ARDUINO\buildfolder\powerSupply\arduino_due_x_dbg\Debug/core.a(RingBuffer.cpp.o)
                              E:\documents\ARDUINO\buildfolder\powerSupply\arduino_due_x_dbg\Debug\variant\variant.cpp.o (RingBuffer::RingBuffer())
E:\documents\ARDUINO\buildfolder\powerSupply\arduino_due_x_dbg\Debug/core.a(UARTClass.cpp.o)
                              E:\documents\ARDUINO\buildfolder\powerSupply\arduino_due_x_dbg\Debug\variant\variant.cpp.o (UARTClass::available())
E:\documents\ARDUINO\buildfolder\powerSupply\arduino_due_x_dbg\Debug/core.a(USARTClass.cpp.o)
                              E:\documents\ARDUINO\buildfolder\powerSupply\arduino_due_x_dbg\Debug\variant\variant.cpp.o (USARTClass::USARTClass(Usart*, IRQn, unsigned long, RingBuffer*, RingBuffer*))
E:\documents\ARDUINO\buildfolder\powerSupply\arduino_due_x_dbg\Debug/core.a(watchdog.cpp.o)
                              E:\documents\ARDUINO\buildfolder\powerSupply\arduino_due_x_dbg\Debug/core.a(main.cpp.o) (watchdogSetup())
[...]
Memory Configuration

Name             Origin             Length             Attributes
rom              0x00080000         0x00080000         xr
sram0            0x20000000         0x00010000         xrw
sram1            0x20080000         0x00008000         xrw
ram              0x20070000         0x00018000         xrw
*default*        0x00000000         0xffffffff

Linker script and memory map

LOAD c:/users/rohit/appdata/local/arduino15/packages/arduino/tools/arm-none-eabi-gcc/4.8.3-2014q1/bin/../lib/gcc/arm-none-eabi/4.8.3/armv7-m/crti.o
LOAD c:/users/rohit/appdata/local/arduino15/packages/arduino/tools/arm-none-eabi-gcc/4.8.3-2014q1/bin/../lib/gcc/arm-none-eabi/4.8.3/armv7-m/crtbegin.o
LOAD c:/users/rohit/appdata/local/arduino15/packages/arduino/tools/arm-none-eabi-gcc/4.8.3-2014q1/bin/../lib/gcc/arm-none-eabi/4.8.3/../../../../arm-none-eabi/lib/armv7-m/crt0.o
START GROUP
LOAD E:\documents\ARDUINO\buildfolder\powerSupply\arduino_due_x_dbg\Debug\powerSupply.cpp.o
LOAD E:\documents\ARDUINO\buildfolder\powerSupply\arduino_due_x_dbg\Debug\LiquidCrystal\LiquidCrystal.cpp.o
LOAD E:\documents\ARDUINO\buildfolder\powerSupply\arduino_due_x_dbg\Debug\Keypad\Key.cpp.o
LOAD E:\documents\ARDUINO\buildfolder\powerSupply\arduino_due_x_dbg\Debug\Keypad\Keypad.cpp.o
LOAD E:\documents\ARDUINO\buildfolder\powerSupply\arduino_due_x_dbg\Debug\variant\variant.cpp.o
LOAD C:\Users\Rohit\AppData\Local\arduino15\packages\arduino\hardware\sam\1.6.11\variants\arduino_due_x/libsam_sam3x8e_gcc_rel.a
LOAD E:\documents\ARDUINO\buildfolder\powerSupply\arduino_due_x_dbg\Debug/core.a
END GROUP
LOAD c:/users/rohit/appdata/local/arduino15/packages/arduino/tools/arm-none-eabi-gcc/4.8.3-2014q1/bin/../lib/gcc/arm-none-eabi/4.8.3/../../../../arm-none-eabi/lib/armv7-m\libm.a
START GROUP
LOAD c:/users/rohit/appdata/local/arduino15/packages/arduino/tools/arm-none-eabi-gcc/4.8.3-2014q1/bin/../lib/gcc/arm-none-eabi/4.8.3/armv7-m\libgcc.a
LOAD c:/users/rohit/appdata/local/arduino15/packages/arduino/tools/arm-none-eabi-gcc/4.8.3-2014q1/bin/../lib/gcc/arm-none-eabi/4.8.3/../../../../arm-none-eabi/lib/armv7-m\libg.a
LOAD c:/users/rohit/appdata/local/arduino15/packages/arduino/tools/arm-none-eabi-gcc/4.8.3-2014q1/bin/../lib/gcc/arm-none-eabi/4.8.3/../../../../arm-none-eabi/lib/armv7-m\libc.a
END GROUP
LOAD c:/users/rohit/appdata/local/arduino15/packages/arduino/tools/arm-none-eabi-gcc/4.8.3-2014q1/bin/../lib/gcc/arm-none-eabi/4.8.3/armv7-m/crtend.o
LOAD c:/users/rohit/appdata/local/arduino15/packages/arduino/tools/arm-none-eabi-gcc/4.8.3-2014q1/bin/../lib/gcc/arm-none-eabi/4.8.3/armv7-m/crtn.o

.text           0x00080000     0x78a8
                0x00080000                . = ALIGN (0x4)
                0x00080000                _sfixed = .
 *(.vectors .vectors.*)
 .vectors       0x00080000       0xf4 C:\Users\Rohit\AppData\Local\arduino15\packages\arduino\hardware\sam\1.6.11\variants\arduino_due_x/libsam_sam3x8e_gcc_rel.a(startup_sam3xa.o)
                0x00080000                exception_table
 *(.text .text.* .gnu.linkonce.t.*)
 .text          0x000800f4       0x54 c:/users/rohit/appdata/local/arduino15/packages/arduino/tools/arm-none-eabi-gcc/4.8.3-2014q1/bin/../lib/gcc/arm-none-eabi/4.8.3/armv7-m/crtbegin.o
 .text._Z15doEncoderCoarsev
                0x00080148       0x68 E:\documents\ARDUINO\buildfolder\powerSupply\arduino_due_x_dbg\Debug\powerSupply.cpp.o
                0x00080148                doEncoderCoarse()
 .text._Z13doEncoderFinev
                0x000801b0       0x68 E:\documents\ARDUINO\buildfolder\powerSupply\arduino_due_x_dbg\Debug\powerSupply.cpp.o
                0x000801b0                doEncoderFine()
 .text.setup    0x00080218       0x84 E:\documents\ARDUINO\buildfolder\powerSupply\arduino_due_x_dbg\Debug\powerSupply.cpp.o
                0x00080218                setup
 *fill*         0x0008029c        0x4 
 .text.loop     0x000802a0      0x258 E:\documents\ARDUINO\buildfolder\powerSupply\arduino_due_x_dbg\Debug\powerSupply.cpp.o
                0x000802a0                loop
 .text.startup._GLOBAL__sub_I_currentMillis
                0x000804f8       0x44 E:\documents\ARDUINO\buildfolder\powerSupply\arduino_due_x_dbg\Debug\powerSupply.cpp.o
 .text._ZN13LiquidCrystal11pulseEnableEv
                0x0008053c       0x38 E:\documents\ARDUINO\buildfolder\powerSupply\arduino_due_x_dbg\Debug\LiquidCrystal\LiquidCrystal.cpp.o
                0x0008053c                LiquidCrystal::pulseEnable()
 .text._ZN13LiquidCrystal10write4bitsEh
                0x00080574       0x28 E:\documents\ARDUINO\buildfolder\powerSupply\arduino_due_x_dbg\Debug\LiquidCrystal\LiquidCrystal.cpp.o
                0x00080574                LiquidCrystal::write4bits(unsigned char)
 .text._ZN13LiquidCrystal10write8bitsEh
                0x0008059c       0x28 E:\documents\ARDUINO\buildfolder\powerSupply\arduino_due_x_dbg\Debug\LiquidCrystal\LiquidCrystal.cpp.o
                0x0008059c                LiquidCrystal::write8bits(unsigned char)
 .text._ZN13LiquidCrystal4sendEhh
                0x000805c4       0x3e E:\documents\ARDUINO\buildfolder\powerSupply\arduino_due_x_dbg\Debug\LiquidCrystal\LiquidCrystal.cpp.o
                0x000805c4                LiquidCrystal::send(unsigned char, unsigned char)
 .text._ZN13LiquidCrystal7commandEh
                0x00080602        0x6 E:\documents\ARDUINO\buildfolder\powerSupply\arduino_due_x_dbg\Debug\LiquidCrystal\LiquidCrystal.cpp.o
                0x00080602                LiquidCrystal::command(unsigned char)
 .text._ZN13LiquidCrystal5clearEv
                0x00080608       0x14 E:\documents\ARDUINO\buildfolder\powerSupply\arduino_due_x_dbg\Debug\LiquidCrystal\LiquidCrystal.cpp.o
                0x00080608                LiquidCrystal::clear()
 .text._ZN13LiquidCrystal9setCursorEhh
                0x0008061c       0x26 E:\documents\ARDUINO\buildfolder\powerSupply\arduino_due_x_dbg\Debug\LiquidCrystal\LiquidCrystal.cpp.o
                0x0008061c                LiquidCrystal::setCursor(unsigned char, unsigned char)
 .text._ZN13LiquidCrystal7displayEv
                0x00080642       0x14 E:\documents\ARDUINO\buildfolder\powerSupply\arduino_due_x_dbg\Debug\LiquidCrystal\LiquidCrystal.cpp.o
                0x00080642                LiquidCrystal::display()
 *fill*         0x00080656        0x2 
 .text._ZN13LiquidCrystal5beginEhhh
                0x00080658      0x134 E:\documents\ARDUINO\buildfolder\powerSupply\arduino_due_x_dbg\Debug\LiquidCrystal\LiquidCrystal.cpp.o
                0x00080658                LiquidCrystal::begin(unsigned char, unsigned char, unsigned char)
 .text._ZN13LiquidCrystalC2Ehhhhhh
                0x0008078c       0x44 E:\documents\ARDUINO\buildfolder\powerSupply\arduino_due_x_dbg\Debug\LiquidCrystal\LiquidCrystal.cpp.o
                0x0008078c                LiquidCrystal::LiquidCrystal(unsigned char, unsigned char, unsigned char, unsigned char, unsigned char, unsigned char)
                0x0008078c                LiquidCrystal::LiquidCrystal(unsigned char, unsigned char, unsigned char, unsigned char, unsigned char, unsigned char)
 .text._ZN13LiquidCrystal5writeEh
                0x000807d0        0xc E:\documents\ARDUINO\buildfolder\powerSupply\arduino_due_x_dbg\Debug\LiquidCrystal\LiquidCrystal.cpp.o
                0x000807d0                LiquidCrystal::write(unsigned char)
 .text._ZN3KeyC2Ev
                0x000807dc        0xa E:\documents\ARDUINO\buildfolder\powerSupply\arduino_due_x_dbg\Debug\Keypad\Key.cpp.o
                0x000807dc                Key::Key()
                0x000807dc                Key::Key()
 .text._ZN6Keypad8pin_modeEhh
                0x000807e6        0x8 E:\documents\ARDUINO\buildfolder\powerSupply\arduino_due_x_dbg\Debug\Keypad\Keypad.cpp.o
                0x000807e6                Keypad::pin_mode(unsigned char, unsigned char)
 .text._ZN6Keypad9pin_writeEhb
                0x000807ee        0x8 E:\documents\ARDUINO\buildfolder\powerSupply\arduino_due_x_dbg\Debug\Keypad\Keypad.cpp.o
                0x000807ee                Keypad::pin_write(unsigned char, bool)
 .text._ZN6Keypad8pin_readEh
                0x000807f6        0x6 E:\documents\ARDUINO\buildfolder\powerSupply\arduino_due_x_dbg\Debug\Keypad\Keypad.cpp.o
                0x000807f6                Keypad::pin_read(unsigned char)
 .text._ZN6KeypadC2EPcPhS1_hh
                0x000807fc       0x6c E:\documents\ARDUINO\buildfolder\powerSupply\arduino_due_x_dbg\Debug\Keypad\Keypad.cpp.o
                0x000807fc                Keypad::Keypad(char*, unsigned char*, unsigned char*, unsigned char, unsigned char)
                0x000807fc                Keypad::Keypad(char*, unsigned char*, unsigned char*, unsigned char, unsigned char)
 .text._ZN6Keypad8scanKeysEv
                0x00080868       0xbe E:\documents\ARDUINO\buildfolder\powerSupply\arduino_due_x_dbg\Debug\Keypad\Keypad.cpp.o
                0x00080868                Keypad::scanKeys()
 .text._ZN6Keypad10findInListEi
                0x00080926       0x1e E:\documents\ARDUINO\buildfolder\powerSupply\arduino_due_x_dbg\Debug\Keypad\Keypad.cpp.o
                0x00080926                Keypad::findInList(int)
 .text._ZN6Keypad12transitionToEh8KeyState
                0x00080944       0x30 E:\documents\ARDUINO\buildfolder\powerSupply\arduino_due_x_dbg\Debug\Keypad\Keypad.cpp.o
                0x00080944                Keypad::transitionTo(unsigned char, KeyState)
 .text._ZN6Keypad12nextKeyStateEhb
                0x00080974       0x6c E:\documents\ARDUINO\buildfolder\powerSupply\arduino_due_x_dbg\Debug\Keypad\Keypad.cpp.o
                0x00080974                Keypad::nextKeyState(unsigned char, bool)
 .text._ZN6Keypad10updateListEv
                0x000809e0       0xc6 E:\documents\ARDUINO\buildfolder\powerSupply\arduino_due_x_dbg\Debug\Keypad\Keypad.cpp.o
                0x000809e0                Keypad::updateList()
 .text._ZN6Keypad7getKeysEv
                0x00080aa6       0x34 E:\documents\ARDUINO\buildfolder\powerSupply\arduino_due_x_dbg\Debug\Keypad\Keypad.cpp.o
                0x00080aa6                Keypad::getKeys()
 .text._ZN6Keypad6getKeyEv
                0x00080ada       0x2c E:\documents\ARDUINO\buildfolder\powerSupply\arduino_due_x_dbg\Debug\Keypad\Keypad.cpp.o
                0x00080ada                Keypad::getKey()
 .text._Z11serialEventv
                0x00080b06        0x2 E:\documents\ARDUINO\buildfolder\powerSupply\arduino_due_x_dbg\Debug\variant\variant.cpp.o
                0x00080b06                serialEvent()
 .text.UART_Handler
                0x00080b08        0xc E:\documents\ARDUINO\buildfolder\powerSupply\arduino_due_x_dbg\Debug\variant\variant.cpp.o
                0x00080b08                UART_Handler
 .text._Z12serialEvent1v
                0x00080b14        0x2 E:\documents\ARDUINO\buildfolder\powerSupply\arduino_due_x_dbg\Debug\variant\variant.cpp.o
                0x00080b14                serialEvent1()
 .text._Z12serialEvent2v
                0x00080b16        0x2 E:\documents\ARDUINO\buildfolder\powerSupply\arduino_due_x_dbg\Debug\variant\variant.cpp.o
                0x00080b16                serialEvent2()
 .text._Z12serialEvent3v
                0x00080b18        0x2 E:\documents\ARDUINO\buildfolder\powerSupply\arduino_due_x_dbg\Debug\variant\variant.cpp.o
                0x00080b18                serialEvent3()
 *fill*         0x00080b1a        0x2 
 .text.USART0_Handler
                0x00080b1c        0xc E:\documents\ARDUINO\buildfolder\powerSupply\arduino_due_x_dbg\Debug\variant\variant.cpp.o
                0x00080b1c                USART0_Handler
 .text.USART1_Handler
                0x00080b28        0xc E:\documents\ARDUINO\buildfolder\powerSupply\arduino_due_x_dbg\Debug\variant\variant.cpp.o
                0x00080b28                USART1_Handler
 .text.USART3_Handler
                0x00080b34        0xc E:\documents\ARDUINO\buildfolder\powerSupply\arduino_due_x_dbg\Debug\variant\variant.cpp.o
                0x00080b34                USART3_Handler
 .text.init     0x00080b40      0x128 E:\documents\ARDUINO\buildfolder\powerSupply\arduino_due_x_dbg\Debug\variant\variant.cpp.o
                0x00080b40                init
 .text.startup._GLOBAL__sub_I_g_APinDescription
                0x00080c68       0xd4 E:\documents\ARDUINO\buildfolder\powerSupply\arduino_due_x_dbg\Debug\variant\variant.cpp.o
 .text._Z14serialEventRunv
                0x00080d3c       0x44 E:\documents\ARDUINO\buildfolder\powerSupply\arduino_due_x_dbg\Debug\variant\variant.cpp.o
                0x00080d3c                serialEventRun()
 .text.PIO_PullUp
                0x00080d80        0xa C:\Users\Rohit\AppData\Local\arduino15\packages\arduino\hardware\sam\1.6.11\variants\arduino_due_x/libsam_sam3x8e_gcc_rel.a(pio.o)
                0x00080d80                PIO_PullUp
 .text.PIO_Get  0x00080d8a       0x14 C:\Users\Rohit\AppData\Local\arduino15\packages\arduino\hardware\sam\1.6.11\variants\arduino_due_x/libsam_sam3x8e_gcc_rel.a(pio.o)
                0x00080d8a                PIO_Get
 .text.PIO_SetPeripheral
                0x00080d9e       0x26 C:\Users\Rohit\AppData\Local\arduino15\packages\arduino\hardware\sam\1.6.11\variants\arduino_due_x/libsam_sam3x8e_gcc_rel.a(pio.o)
                0x00080d9e                PIO_SetPeripheral
 .text.PIO_SetInput
                0x00080dc4       0x26 C:\Users\Rohit\AppData\Local\arduino15\packages\arduino\hardware\sam\1.6.11\variants\arduino_due_x/libsam_sam3x8e_gcc_rel.a(pio.o)
                0x00080dc4                PIO_SetInput
 .text.PIO_SetOutput
                0x00080dea       0x24 C:\Users\Rohit\AppData\Local\arduino15\packages\arduino\hardware\sam\1.6.11\variants\arduino_due_x/libsam_sam3x8e_gcc_rel.a(pio.o)
                0x00080dea                PIO_SetOutput
 *fill*         0x00080e0e        0x2 
 .text.PIO_Configure
                0x00080e10       0x64 C:\Users\Rohit\AppData\Local\arduino15\packages\arduino\hardware\sam\1.6.11\variants\arduino_due_x/libsam_sam3x8e_gcc_rel.a(pio.o)
                0x00080e10                PIO_Configure
 .text.PIO_GetOutputDataStatus
                0x00080e74       0x14 C:\Users\Rohit\AppData\Local\arduino15\packages\arduino\hardware\sam\1.6.11\variants\arduino_due_x/libsam_sam3x8e_gcc_rel.a(pio.o)
                0x00080e74                PIO_GetOutputDataStatus
 .text.pmc_enable_upll_clock
                0x00080e88       0x14 C:\Users\Rohit\AppData\Local\arduino15\packages\arduino\hardware\sam\1.6.11\variants\arduino_due_x/libsam_sam3x8e_gcc_rel.a(pmc.o)
                0x00080e88                pmc_enable_upll_clock
 .text.pmc_enable_periph_clk
                0x00080e9c       0x44 C:\Users\Rohit\AppData\Local\arduino15\packages\arduino\hardware\sam\1.6.11\variants\arduino_due_x/libsam_sam3x8e_gcc_rel.a(pmc.o)
                0x00080e9c                pmc_enable_periph_clk
 .text.pmc_disable_periph_clk
                0x00080ee0       0x40 C:\Users\Rohit\AppData\Local\arduino15\packages\arduino\hardware\sam\1.6.11\variants\arduino_due_x/libsam_sam3x8e_gcc_rel.a(pmc.o)
                0x00080ee0                pmc_disable_periph_clk
 .text.pmc_switch_udpck_to_upllck
                0x00080f20       0x14 C:\Users\Rohit\AppData\Local\arduino15\packages\arduino\hardware\sam\1.6.11\variants\arduino_due_x/libsam_sam3x8e_gcc_rel.a(pmc.o)
                0x00080f20                pmc_switch_udpck_to_upllck
 .text.pmc_enable_udpck
                0x00080f34        0xc C:\Users\Rohit\AppData\Local\arduino15\packages\arduino\hardware\sam\1.6.11\variants\arduino_due_x/libsam_sam3x8e_gcc_rel.a(pmc.o)
                0x00080f34                pmc_enable_udpck
 .text.SystemInit
                0x00080f40       0x88 C:\Users\Rohit\AppData\Local\arduino15\packages\arduino\hardware\sam\1.6.11\variants\arduino_due_x/libsam_sam3x8e_gcc_rel.a(system_sam3xa.o)
                0x00080f40                SystemInit
 .text.Reset_Handler
                0x00080fc8       0x78 C:\Users\Rohit\AppData\Local\arduino15\packages\arduino\hardware\sam\1.6.11\variants\arduino_due_x/libsam_sam3x8e_gcc_rel.a(startup_sam3xa.o)
                0x00080fc8                Reset_Handler
 .text.adc_init
                0x00081040       0x98 C:\Users\Rohit\AppData\Local\arduino15\packages\arduino\hardware\sam\1.6.11\variants\arduino_due_x/libsam_sam3x8e_gcc_rel.a(adc.o)
                0x00081040                adc_init
 .text.adc_configure_trigger
                0x000810d8        0xe C:\Users\Rohit\AppData\Local\arduino15\packages\arduino\hardware\sam\1.6.11\variants\arduino_due_x/libsam_sam3x8e_gcc_rel.a(adc.o)
                0x000810d8                adc_configure_trigger
 .text.adc_configure_timing
                0x000810e6       0x1a C:\Users\Rohit\AppData\Local\arduino15\packages\arduino\hardware\sam\1.6.11\variants\arduino_due_x/libsam_sam3x8e_gcc_rel.a(adc.o)
                0x000810e6                adc_configure_timing
 .text.adc_start
                0x00081100        0x6 C:\Users\Rohit\AppData\Local\arduino15\packages\arduino\hardware\sam\1.6.11\variants\arduino_due_x/libsam_sam3x8e_gcc_rel.a(adc.o)
                0x00081100                adc_start
 .text.adc_enable_channel
                0x00081106        0xa C:\Users\Rohit\AppData\Local\arduino15\packages\arduino\hardware\sam\1.6.11\variants\arduino_due_x/libsam_sam3x8e_gcc_rel.a(adc.o)
                0x00081106                adc_enable_channel
 .text.adc_disable_channel
                0x00081110        0xa C:\Users\Rohit\AppData\Local\arduino15\packages\arduino\hardware\sam\1.6.11\variants\arduino_due_x/libsam_sam3x8e_gcc_rel.a(adc.o)
                0x00081110                adc_disable_channel
 .text.adc_disable_all_channel
                0x0008111a        0x8 C:\Users\Rohit\AppData\Local\arduino15\packages\arduino\hardware\sam\1.6.11\variants\arduino_due_x/libsam_sam3x8e_gcc_rel.a(adc.o)
                0x0008111a                adc_disable_all_channel
 .text.adc_get_channel_status
                0x00081122        0xa C:\Users\Rohit\AppData\Local\arduino15\packages\arduino\hardware\sam\1.6.11\variants\arduino_due_x/libsam_sam3x8e_gcc_rel.a(adc.o)
                0x00081122                adc_get_channel_status
 .text.adc_get_latest_value
                0x0008112c        0x4 C:\Users\Rohit\AppData\Local\arduino15\packages\arduino\hardware\sam\1.6.11\variants\arduino_due_x/libsam_sam3x8e_gcc_rel.a(adc.o)
                0x0008112c                adc_get_latest_value
 .text.adc_disable_interrupt
                0x00081130        0x4 C:\Users\Rohit\AppData\Local\arduino15\packages\arduino\hardware\sam\1.6.11\variants\arduino_due_x/libsam_sam3x8e_gcc_rel.a(adc.o)
                0x00081130                adc_disable_interrupt
 .text.adc_get_status
                0x00081134        0x4 C:\Users\Rohit\AppData\Local\arduino15\packages\arduino\hardware\sam\1.6.11\variants\arduino_due_x/libsam_sam3x8e_gcc_rel.a(adc.o)
                0x00081134                adc_get_status
 .text.UOTGHS_Handler
                0x00081138       0x10 C:\Users\Rohit\AppData\Local\arduino15\packages\arduino\hardware\sam\1.6.11\variants\arduino_due_x/libsam_sam3x8e_gcc_rel.a(uotghs.o)
                0x00081138                UOTGHS_Handler
 .text.__halt   0x00081148        0x2 E:\documents\ARDUINO\buildfolder\powerSupply\arduino_due_x_dbg\Debug/core.a(cortex_handlers.c.o)
                0x00081148                DACC_Handler
                0x00081148                DebugMon_Handler
                0x00081148                DMAC_Handler
                0x00081148                TRNG_Handler
                0x00081148                HardFault_Handler
                0x00081148                TC2_Handler
                0x00081148                TWI1_Handler
                0x00081148                NMI_Handler
                0x00081148                TC7_Handler
                0x00081148                ADC_Handler
                0x00081148                SMC_Handler
                0x00081148                RTT_Handler
                0x00081148                EFC1_Handler
                0x00081148                RTC_Handler
                0x00081148                UsageFault_Handler
                0x00081148                TC6_Handler
                0x00081148                WDT_Handler
                0x00081148                CAN0_Handler
                0x00081148                TC4_Handler
                0x00081148                TC1_Handler
                0x00081148                HSMCI_Handler
                0x00081148                TC3_Handler
                0x00081148                TWI0_Handler
                0x00081148                SSC_Handler
                0x00081148                EFC0_Handler
                0x00081148                PMC_Handler
                0x00081148                PWM_Handler
                0x00081148                CAN1_Handler
                0x00081148                MemManage_Handler
                0x00081148                SUPC_Handler
                0x00081148                TC8_Handler
                0x00081148                USART2_Handler
                0x00081148                EMAC_Handler
                0x00081148                BusFault_Handler
                0x00081148                RSTC_Handler
                0x00081148                TC0_Handler
                0x00081148                TC5_Handler
                0x00081148                SPI0_Handler
 .text.SVC_Handler
                0x0008114a        0x4 E:\documents\ARDUINO\buildfolder\powerSupply\arduino_due_x_dbg\Debug/core.a(cortex_handlers.c.o)
                0x0008114a                SVC_Handler
 .text.PendSV_Handler
                0x0008114e        0x4 E:\documents\ARDUINO\buildfolder\powerSupply\arduino_due_x_dbg\Debug/core.a(cortex_handlers.c.o)
                0x0008114e                PendSV_Handler
 .text.SysTick_Handler
                0x00081152       0x16 E:\documents\ARDUINO\buildfolder\powerSupply\arduino_due_x_dbg\Debug/core.a(cortex_handlers.c.o)
                0x00081152                SysTick_Handler
 .text.__empty  0x00081168        0x2 E:\documents\ARDUINO\buildfolder\powerSupply\arduino_due_x_dbg\Debug/core.a(hooks.c.o)
                0x00081168                yield
 .text.__false  0x0008116a        0x4 E:\documents\ARDUINO\buildfolder\powerSupply\arduino_due_x_dbg\Debug/core.a(hooks.c.o)
                0x0008116a                sysTickHook
 .text.__halt   0x0008116e        0x2 E:\documents\ARDUINO\buildfolder\powerSupply\arduino_due_x_dbg\Debug/core.a(hooks.c.o)
                0x0008116e                svcHook
                0x0008116e                pendSVHook
 .text._sbrk    0x00081170       0x1c E:\documents\ARDUINO\buildfolder\powerSupply\arduino_due_x_dbg\Debug/core.a(syscalls_sam3.c.o)
                0x00081170                _sbrk
 .text.link     0x0008118c        0x6 E:\documents\ARDUINO\buildfolder\powerSupply\arduino_due_x_dbg\Debug/core.a(syscalls_sam3.c.o)
                0x0008118c                link
 .text._close   0x00081192        0x6 E:\documents\ARDUINO\buildfolder\powerSupply\arduino_due_x_dbg\Debug/core.a(syscalls_sam3.c.o)
                0x00081192                _close
 .text._fstat   0x00081198        0xa E:\documents\ARDUINO\buildfolder\powerSupply\arduino_due_x_dbg\Debug/core.a(syscalls_sam3.c.o)
                0x00081198                _fstat
 .text._isatty  0x000811a2        0x4 E:\documents\ARDUINO\buildfolder\powerSupply\arduino_due_x_dbg\Debug/core.a(syscalls_sam3.c.o)
                0x000811a2                _isatty
 .text._lseek   0x000811a6        0x4 E:\documents\ARDUINO\buildfolder\powerSupply\arduino_due_x_dbg\Debug/core.a(syscalls_sam3.c.o)
                0x000811a6                _lseek
 .text._read    0x000811aa        0x4 E:\documents\ARDUINO\buildfolder\powerSupply\arduino_due_x_dbg\Debug/core.a(syscalls_sam3.c.o)
                0x000811aa                _read
 *fill*         0x000811ae        0x2 
 .text._write   0x000811b0       0x24 E:\documents\ARDUINO\buildfolder\powerSupply\arduino_due_x_dbg\Debug/core.a(syscalls_sam3.c.o)
                0x000811b0                _write
 .text._exit    0x000811d4       0x10 E:\documents\ARDUINO\buildfolder\powerSupply\arduino_due_x_dbg\Debug/core.a(syscalls_sam3.c.o)
                0x000811d4                _exit
 .text._kill    0x000811e4        0x2 E:\documents\ARDUINO\buildfolder\powerSupply\arduino_due_x_dbg\Debug/core.a(syscalls_sam3.c.o)
                0x000811e4                _kill
 .text._getpid  0x000811e6        0x6 E:\documents\ARDUINO\buildfolder\powerSupply\arduino_due_x_dbg\Debug/core.a(syscalls_sam3.c.o)
                0x000811e6                _getpid
 .text.attachInterrupt
                0x000811ec      0x148 E:\documents\ARDUINO\buildfolder\powerSupply\arduino_due_x_dbg\Debug/core.a(WInterrupts.c.o)
                0x000811ec                attachInterrupt
 .text.PIOA_Handler
                0x00081334       0x38 E:\documents\ARDUINO\buildfolder\powerSupply\arduino_due_x_dbg\Debug/core.a(WInterrupts.c.o)
                0x00081334                PIOA_Handler
 .text.PIOB_Handler
                0x0008136c       0x38 E:\documents\ARDUINO\buildfolder\powerSupply\arduino_due_x_dbg\Debug/core.a(WInterrupts.c.o)
                0x0008136c                PIOB_Handler
 .text.PIOC_Handler
                0x000813a4       0x38 E:\documents\ARDUINO\buildfolder\powerSupply\arduino_due_x_dbg\Debug/core.a(WInterrupts.c.o)
                0x000813a4                PIOC_Handler
 .text.PIOD_Handler
                0x000813dc       0x38 E:\documents\ARDUINO\buildfolder\powerSupply\arduino_due_x_dbg\Debug/core.a(WInterrupts.c.o)
                0x000813dc                PIOD_Handler
 .text.millis   0x00081414        0x4 E:\documents\ARDUINO\buildfolder\powerSupply\arduino_due_x_dbg\Debug/core.a(wiring.c.o)
                0x00081414                millis
 .text.delay    0x00081418       0x1c E:\documents\ARDUINO\buildfolder\powerSupply\arduino_due_x_dbg\Debug/core.a(wiring.c.o)
                0x00081418                delay
 .text.mapResolution
                0x00081434       0x12 E:\documents\ARDUINO\buildfolder\powerSupply\arduino_due_x_dbg\Debug/core.a(wiring_analog.c.o)
 *fill*         0x00081446        0x2 
 .text.analogReadResolution
                0x00081448        0xc E:\documents\ARDUINO\buildfolder\powerSupply\arduino_due_x_dbg\Debug/core.a(wiring_analog.c.o)
                0x00081448                analogReadResolution
 .text.analogWriteResolution
                0x00081454        0xc E:\documents\ARDUINO\buildfolder\powerSupply\arduino_due_x_dbg\Debug/core.a(wiring_analog.c.o)
                0x00081454                analogWriteResolution
 .text.analogRead
                0x00081460       0x9c E:\documents\ARDUINO\buildfolder\powerSupply\arduino_due_x_dbg\Debug/core.a(wiring_analog.c.o)
                0x00081460                analogRead
 .text.analogOutputInit
                0x000814fc        0x2 E:\documents\ARDUINO\buildfolder\powerSupply\arduino_due_x_dbg\Debug/core.a(wiring_analog.c.o)
                0x000814fc                analogOutputInit
 *fill*         0x000814fe        0x2 
 .text.analogWrite
                0x00081500      0x2c0 E:\documents\ARDUINO\buildfolder\powerSupply\arduino_due_x_dbg\Debug/core.a(wiring_analog.c.o)
                0x00081500                analogWrite
 .text.pinMode  0x000817c0      0x108 E:\documents\ARDUINO\buildfolder\powerSupply\arduino_due_x_dbg\Debug/core.a(wiring_digital.c.o)
                0x000817c0                pinMode
 .text.digitalWrite
                0x000818c8       0x70 E:\documents\ARDUINO\buildfolder\powerSupply\arduino_due_x_dbg\Debug/core.a(wiring_digital.c.o)
                0x000818c8                digitalWrite
 .text.digitalRead
                0x00081938       0x44 E:\documents\ARDUINO\buildfolder\powerSupply\arduino_due_x_dbg\Debug/core.a(wiring_digital.c.o)
                0x00081938                digitalRead
 .text.initVariant
                0x0008197c        0x2 E:\documents\ARDUINO\buildfolder\powerSupply\arduino_due_x_dbg\Debug/core.a(main.cpp.o)
                0x0008197c                initVariant
 *fill*         0x0008197e        0x2 
 .text.startup.main
                0x00081980       0x38 E:\documents\ARDUINO\buildfolder\powerSupply\arduino_due_x_dbg\Debug/core.a(main.cpp.o)
                0x00081980                main
 .text._ZN5Print5writeEPKhj
                0x000819b8       0x22 E:\documents\ARDUINO\buildfolder\powerSupply\arduino_due_x_dbg\Debug/core.a(Print.cpp.o)
                0x000819b8                Print::write(unsigned char const*, unsigned int)
 .text._ZN5Print5writeEPKc
                0x000819da       0x1e E:\documents\ARDUINO\buildfolder\powerSupply\arduino_due_x_dbg\Debug/core.a(Print.cpp.o)
                0x000819da                Print::write(char const*)
 .text._ZN5Print5printEPKc
                0x000819f8        0x8 E:\documents\ARDUINO\buildfolder\powerSupply\arduino_due_x_dbg\Debug/core.a(Print.cpp.o)
                0x000819f8                Print::print(char const*)
 .text._ZN5Print5printEc
                0x00081a00        0xa E:\documents\ARDUINO\buildfolder\powerSupply\arduino_due_x_dbg\Debug/core.a(Print.cpp.o)
                0x00081a00                Print::print(char)
 .text._ZN5Print11printNumberEmh
                0x00081a0a       0x3e E:\documents\ARDUINO\buildfolder\powerSupply\arduino_due_x_dbg\Debug/core.a(Print.cpp.o)
                0x00081a0a                Print::printNumber(unsigned long, unsigned char)
 .text._ZN5Print10printFloatEdh
                0x00081a48      0x148 E:\documents\ARDUINO\buildfolder\powerSupply\arduino_due_x_dbg\Debug/core.a(Print.cpp.o)
                0x00081a48                Print::printFloat(double, unsigned char)
 .text._ZN5Print5printEdi
                0x00081b90        0xa E:\documents\ARDUINO\buildfolder\powerSupply\arduino_due_x_dbg\Debug/core.a(Print.cpp.o)
                0x00081b90                Print::print(double, int)
 *fill*         0x00081b9a        0x2 
 .text.initiateReset
                0x00081b9c        0xc E:\documents\ARDUINO\buildfolder\powerSupply\arduino_due_x_dbg\Debug/core.a(Reset.cpp.o)
                0x00081b9c                initiateReset
 .text.cancelReset
                0x00081ba8       0x10 E:\documents\ARDUINO\buildfolder\powerSupply\arduino_due_x_dbg\Debug/core.a(Reset.cpp.o)
                0x00081ba8                cancelReset
 .text.tickReset
                0x00081bb8       0x20 E:\documents\ARDUINO\buildfolder\powerSupply\arduino_due_x_dbg\Debug/core.a(Reset.cpp.o)
                0x00081bb8                tickReset
 .text._ZN10RingBufferC2Ev
                0x00081bd8       0x1a E:\documents\ARDUINO\buildfolder\powerSupply\arduino_due_x_dbg\Debug/core.a(RingBuffer.cpp.o)
                0x00081bd8                RingBuffer::RingBuffer()
                0x00081bd8                RingBuffer::RingBuffer()
 .text._ZN10RingBuffer10store_charEh
                0x00081bf2       0x1e E:\documents\ARDUINO\buildfolder\powerSupply\arduino_due_x_dbg\Debug/core.a(RingBuffer.cpp.o)
                0x00081bf2                RingBuffer::store_char(unsigned char)
 .text._ZN9UARTClasscvbEv
                0x00081c10        0x4 E:\documents\ARDUINO\buildfolder\powerSupply\arduino_due_x_dbg\Debug/core.a(UARTClass.cpp.o)
                0x00081c10                UARTClass::operator bool()
 .text._ZN9UARTClass9availableEv
                0x00081c14       0x12 E:\documents\ARDUINO\buildfolder\powerSupply\arduino_due_x_dbg\Debug/core.a(UARTClass.cpp.o)
                0x00081c14                UARTClass::available()
 .text._ZN9UARTClass4peekEv
                0x00081c26       0x1c E:\documents\ARDUINO\buildfolder\powerSupply\arduino_due_x_dbg\Debug/core.a(UARTClass.cpp.o)
                0x00081c26                UARTClass::peek()
 .text._ZN9UARTClass4readEv
                0x00081c42       0x2a E:\documents\ARDUINO\buildfolder\powerSupply\arduino_due_x_dbg\Debug/core.a(UARTClass.cpp.o)
                0x00081c42                UARTClass::read()
 .text._ZN9UARTClass5flushEv
                0x00081c6c       0x18 E:\documents\ARDUINO\buildfolder\powerSupply\arduino_due_x_dbg\Debug/core.a(UARTClass.cpp.o)
                0x00081c6c                UARTClass::flush()
 .text._ZN9UARTClass5writeEh
                0x00081c84       0x54 E:\documents\ARDUINO\buildfolder\powerSupply\arduino_due_x_dbg\Debug/core.a(UARTClass.cpp.o)
                0x00081c84                UARTClass::write(unsigned char)
 .text._ZN9UARTClass3endEv
                0x00081cd8       0x3c E:\documents\ARDUINO\buildfolder\powerSupply\arduino_due_x_dbg\Debug/core.a(UARTClass.cpp.o)
                0x00081cd8                UARTClass::end()
 .text._ZN9UARTClassC2EP4Uart4IRQnmP10RingBufferS4_
                0x00081d14       0x24 E:\documents\ARDUINO\buildfolder\powerSupply\arduino_due_x_dbg\Debug/core.a(UARTClass.cpp.o)
                0x00081d14                UARTClass::UARTClass(Uart*, IRQn, unsigned long, RingBuffer*, RingBuffer*)
                0x00081d14                UARTClass::UARTClass(Uart*, IRQn, unsigned long, RingBuffer*, RingBuffer*)
 .text._ZN9UARTClass4initEmm
                0x00081d38       0x70 E:\documents\ARDUINO\buildfolder\powerSupply\arduino_due_x_dbg\Debug/core.a(UARTClass.cpp.o)
                0x00081d38                UARTClass::init(unsigned long, unsigned long)
 .text._ZN9UARTClass5beginEm
                0x00081da8        0x8 E:\documents\ARDUINO\buildfolder\powerSupply\arduino_due_x_dbg\Debug/core.a(UARTClass.cpp.o)
                0x00081da8                UARTClass::begin(unsigned long)
 .text._ZN9UARTClass10IrqHandlerEv
                0x00081db0       0x5a E:\documents\ARDUINO\buildfolder\powerSupply\arduino_due_x_dbg\Debug/core.a(UARTClass.cpp.o)
                0x00081db0                UARTClass::IrqHandler()
 .text._ZN10USARTClass5beginEm
                0x00081e0a        0x8 E:\documents\ARDUINO\buildfolder\powerSupply\arduino_due_x_dbg\Debug/core.a(USARTClass.cpp.o)
                0x00081e0a                USARTClass::begin(unsigned long)
 *fill*         0x00081e12        0x2 
 .text._ZN10USARTClassC2EP5Usart4IRQnmP10RingBufferS4_
                0x00081e14       0x24 E:\documents\ARDUINO\buildfolder\powerSupply\arduino_due_x_dbg\Debug/core.a(USARTClass.cpp.o)
                0x00081e14                USARTClass::USARTClass(Usart*, IRQn, unsigned long, RingBuffer*, RingBuffer*)
                0x00081e14                USARTClass::USARTClass(Usart*, IRQn, unsigned long, RingBuffer*, RingBuffer*)
 .text._watchdogDefaultSetup
                0x00081e38        0xc E:\documents\ARDUINO\buildfolder\powerSupply\arduino_due_x_dbg\Debug/core.a(watchdog.cpp.o)
                0x00081e38                _watchdogDefaultSetup
                0x00081e38                watchdogSetup()
 .text.unlikely._ZL11USB_SendZlpv
                0x00081e44       0x20 E:\documents\ARDUINO\buildfolder\powerSupply\arduino_due_x_dbg\Debug/core.a(USBCore.cpp.o)
 .text._Z14USBD_Availablem
                0x00081e64       0x2c E:\documents\ARDUINO\buildfolder\powerSupply\arduino_due_x_dbg\Debug/core.a(USBCore.cpp.o)
                0x00081e64                USBD_Available(unsigned long)
 .text._Z9USBD_RecvmPvm
                0x00081e90       0x7c E:\documents\ARDUINO\buildfolder\powerSupply\arduino_due_x_dbg\Debug/core.a(USBCore.cpp.o)
                0x00081e90                USBD_Recv(unsigned long, void*, unsigned long)
 .text._Z9USBD_Recvm
                0x00081f0c       0x22 E:\documents\ARDUINO\buildfolder\powerSupply\arduino_due_x_dbg\Debug/core.a(USBCore.cpp.o)
                0x00081f0c                USBD_Recv(unsigned long)
 *fill*         0x00081f2e        0x2 
 .text._Z9USBD_SendmPKvm
                0x00081f30       0x4c E:\documents\ARDUINO\buildfolder\powerSupply\arduino_due_x_dbg\Debug/core.a(USBCore.cpp.o)
                0x00081f30                USBD_Send(unsigned long, void const*, unsigned long)
 .text._Z16USBD_SendControlhPKvm
                0x00081f7c       0x40 E:\documents\ARDUINO\buildfolder\powerSupply\arduino_due_x_dbg\Debug/core.a(USBCore.cpp.o)
                0x00081f7c                USBD_SendControl(unsigned char, void const*, unsigned long)
 .text.unlikely._ZL24USB_SendStringDescriptorPKhi
                0x00081fbc       0x64 E:\documents\ARDUINO\buildfolder\powerSupply\arduino_due_x_dbg\Debug/core.a(USBCore.cpp.o)
 .text._Z16USBD_RecvControlPvm
                0x00082020       0x1c E:\documents\ARDUINO\buildfolder\powerSupply\arduino_due_x_dbg\Debug/core.a(USBCore.cpp.o)
                0x00082020                USBD_RecvControl(void*, unsigned long)
 .text._Z26USBD_ClassInterfaceRequestR8USBSetup
                0x0008203c       0x1e E:\documents\ARDUINO\buildfolder\powerSupply\arduino_due_x_dbg\Debug/core.a(USBCore.cpp.o)
                0x0008203c                USBD_ClassInterfaceRequest(USBSetup&)
 .text._Z19USBD_SendInterfacesv
                0x0008205a       0x22 E:\documents\ARDUINO\buildfolder\powerSupply\arduino_due_x_dbg\Debug/core.a(USBCore.cpp.o)
                0x0008205a                USBD_SendInterfaces()
 .text._Z24USBD_SendOtherInterfacesv
                0x0008207c       0x22 E:\documents\ARDUINO\buildfolder\powerSupply\arduino_due_x_dbg\Debug/core.a(USBCore.cpp.o)
                0x0008207c                USBD_SendOtherInterfaces()
 .text._Z10USBD_Flushm
                0x0008209e       0x16 E:\documents\ARDUINO\buildfolder\powerSupply\arduino_due_x_dbg\Debug/core.a(USBCore.cpp.o)
                0x0008209e                USBD_Flush(unsigned long)
 .text._ZN10USBDevice_C2Ev
                0x000820b4       0x24 E:\documents\ARDUINO\buildfolder\powerSupply\arduino_due_x_dbg\Debug/core.a(USBCore.cpp.o)
                0x000820b4                USBDevice_::USBDevice_()
                0x000820b4                USBDevice_::USBDevice_()
 .text._ZN10USBDevice_6attachEv
                0x000820d8       0x20 E:\documents\ARDUINO\buildfolder\powerSupply\arduino_due_x_dbg\Debug/core.a(USBCore.cpp.o)
                0x000820d8                USBDevice_::attach()
 .text.startup._GLOBAL__sub_I_EndPoints
                0x000820f8        0xc E:\documents\ARDUINO\buildfolder\powerSupply\arduino_due_x_dbg\Debug/core.a(USBCore.cpp.o)
 .text._ZL7USB_ISRv
                0x00082104      0x454 E:\documents\ARDUINO\buildfolder\powerSupply\arduino_due_x_dbg\Debug/core.a(USBCore.cpp.o)
 .text._ZN7Serial_9availableEv
                0x00082558       0x18 E:\documents\ARDUINO\buildfolder\powerSupply\arduino_due_x_dbg\Debug/core.a(CDC.cpp.o)
                0x00082558                Serial_::available()
 .text._ZN7Serial_17availableForWriteEv
                0x00082570        0x6 E:\documents\ARDUINO\buildfolder\powerSupply\arduino_due_x_dbg\Debug/core.a(CDC.cpp.o)
                0x00082570                Serial_::availableForWrite()
 *fill*         0x00082576        0x2 
 .text._ZN7Serial_4peekEv
                0x00082578       0x20 E:\documents\ARDUINO\buildfolder\powerSupply\arduino_due_x_dbg\Debug/core.a(CDC.cpp.o)
                0x00082578                Serial_::peek()
 .text._ZN7Serial_5writeEh
                0x00082598       0x16 E:\documents\ARDUINO\buildfolder\powerSupply\arduino_due_x_dbg\Debug/core.a(CDC.cpp.o)
                0x00082598                Serial_::write(unsigned char)
 *fill*         0x000825ae        0x2 
 .text._ZN7Serial_4readEv
                0x000825b0       0x44 E:\documents\ARDUINO\buildfolder\powerSupply\arduino_due_x_dbg\Debug/core.a(CDC.cpp.o)
                0x000825b0                Serial_::read()
 .text._ZN7Serial_5flushEv
                0x000825f4        0x6 E:\documents\ARDUINO\buildfolder\powerSupply\arduino_due_x_dbg\Debug/core.a(CDC.cpp.o)
                0x000825f4                Serial_::flush()
 *fill*         0x000825fa        0x2 
 .text._ZN7Serial_6acceptEv
                0x000825fc       0x70 E:\documents\ARDUINO\buildfolder\powerSupply\arduino_due_x_dbg\Debug/core.a(CDC.cpp.o)
                0x000825fc                Serial_::accept()
 .text._ZN7Serial_5writeEPKhj
                0x0008266c       0x2c E:\documents\ARDUINO\buildfolder\powerSupply\arduino_due_x_dbg\Debug/core.a(CDC.cpp.o)
                0x0008266c                Serial_::write(unsigned char const*, unsigned int)
 .text._Z16CDC_GetInterfacePh
                0x00082698       0x14 E:\documents\ARDUINO\buildfolder\powerSupply\arduino_due_x_dbg\Debug/core.a(CDC.cpp.o)
                0x00082698                CDC_GetInterface(unsigned char*)
 .text._Z21CDC_GetOtherInterfacePh
                0x000826ac       0x14 E:\documents\ARDUINO\buildfolder\powerSupply\arduino_due_x_dbg\Debug/core.a(CDC.cpp.o)
                0x000826ac                CDC_GetOtherInterface(unsigned char*)
 .text._Z9CDC_SetupR8USBSetup
                0x000826c0       0x78 E:\documents\ARDUINO\buildfolder\powerSupply\arduino_due_x_dbg\Debug/core.a(CDC.cpp.o)
                0x000826c0                CDC_Setup(USBSetup&)
 .text.startup._GLOBAL__sub_I_cdc_rx_buffer
                0x00082738       0x1c E:\documents\ARDUINO\buildfolder\powerSupply\arduino_due_x_dbg\Debug/core.a(CDC.cpp.o)
 .text._ZN13PluggableUSB_12getInterfaceEPh
                0x00082754       0x28 E:\documents\ARDUINO\buildfolder\powerSupply\arduino_due_x_dbg\Debug/core.a(PluggableUSB.cpp.o)
                0x00082754                PluggableUSB_::getInterface(unsigned char*)
 .text._ZN13PluggableUSB_13getDescriptorER8USBSetup
                0x0008277c       0x1c E:\documents\ARDUINO\buildfolder\powerSupply\arduino_due_x_dbg\Debug/core.a(PluggableUSB.cpp.o)
                0x0008277c                PluggableUSB_::getDescriptor(USBSetup&)
 .text._ZN13PluggableUSB_12getShortNameEPc
                0x00082798       0x1c E:\documents\ARDUINO\buildfolder\powerSupply\arduino_due_x_dbg\Debug/core.a(PluggableUSB.cpp.o)
                0x00082798                PluggableUSB_::getShortName(char*)
 .text._ZN13PluggableUSB_5setupER8USBSetup
                0x000827b4       0x20 E:\documents\ARDUINO\buildfolder\powerSupply\arduino_due_x_dbg\Debug/core.a(PluggableUSB.cpp.o)
                0x000827b4                PluggableUSB_::setup(USBSetup&)
 .text._Z12PluggableUSBv
                0x000827d4       0x28 E:\documents\ARDUINO\buildfolder\powerSupply\arduino_due_x_dbg\Debug/core.a(PluggableUSB.cpp.o)
                0x000827d4                PluggableUSB()
 .text.FindClockConfiguration
                0x000827fc       0x7c C:\Users\Rohit\AppData\Local\arduino15\packages\arduino\hardware\sam\1.6.11\variants\arduino_due_x/libsam_sam3x8e_gcc_rel.a(pwmc.o)
 .text.PWMC_ConfigureChannel
                0x00082878       0x60 C:\Users\Rohit\AppData\Local\arduino15\packages\arduino\hardware\sam\1.6.11\variants\arduino_due_x/libsam_sam3x8e_gcc_rel.a(pwmc.o)
                0x00082878                PWMC_ConfigureChannel
 .text.PWMC_ConfigureClocks
                0x000828d8       0x54 C:\Users\Rohit\AppData\Local\arduino15\packages\arduino\hardware\sam\1.6.11\variants\arduino_due_x/libsam_sam3x8e_gcc_rel.a(pwmc.o)
                0x000828d8                PWMC_ConfigureClocks
 .text.PWMC_SetPeriod
                0x0008292c       0x1a C:\Users\Rohit\AppData\Local\arduino15\packages\arduino\hardware\sam\1.6.11\variants\arduino_due_x/libsam_sam3x8e_gcc_rel.a(pwmc.o)
                0x0008292c                PWMC_SetPeriod
 *fill*         0x00082946        0x2 
 .text.PWMC_SetDutyCycle
                0x00082948       0x44 C:\Users\Rohit\AppData\Local\arduino15\packages\arduino\hardware\sam\1.6.11\variants\arduino_due_x/libsam_sam3x8e_gcc_rel.a(pwmc.o)
                0x00082948                PWMC_SetDutyCycle
 .text.PWMC_EnableChannel
                0x0008298c        0xa C:\Users\Rohit\AppData\Local\arduino15\packages\arduino\hardware\sam\1.6.11\variants\arduino_due_x/libsam_sam3x8e_gcc_rel.a(pwmc.o)
                0x0008298c                PWMC_EnableChannel
 *fill*         0x00082996        0x2 
 .text.TC_Configure
                0x00082998       0x38 C:\Users\Rohit\AppData\Local\arduino15\packages\arduino\hardware\sam\1.6.11\variants\arduino_due_x/libsam_sam3x8e_gcc_rel.a(tc.o)
                0x00082998                TC_Configure
 .text.TC_Start
                0x000829d0       0x2c C:\Users\Rohit\AppData\Local\arduino15\packages\arduino\hardware\sam\1.6.11\variants\arduino_due_x/libsam_sam3x8e_gcc_rel.a(tc.o)
                0x000829d0                TC_Start
 .text.TC_SetRA
                0x000829fc        0x8 C:\Users\Rohit\AppData\Local\arduino15\packages\arduino\hardware\sam\1.6.11\variants\arduino_due_x/libsam_sam3x8e_gcc_rel.a(tc.o)
                0x000829fc                TC_SetRA
 .text.TC_SetRB
                0x00082a04        0x8 C:\Users\Rohit\AppData\Local\arduino15\packages\arduino\hardware\sam\1.6.11\variants\arduino_due_x/libsam_sam3x8e_gcc_rel.a(tc.o)
                0x00082a04                TC_SetRB
 .text.TC_SetRC
                0x00082a0c        0x8 C:\Users\Rohit\AppData\Local\arduino15\packages\arduino\hardware\sam\1.6.11\variants\arduino_due_x/libsam_sam3x8e_gcc_rel.a(tc.o)
                0x00082a0c                TC_SetRC
 .text.TimeTick_Increment
                0x00082a14       0x10 C:\Users\Rohit\AppData\Local\arduino15\packages\arduino\hardware\sam\1.6.11\variants\arduino_due_x/libsam_sam3x8e_gcc_rel.a(timetick.o)
                0x00082a14                TimeTick_Increment
 .text.GetTickCount
                0x00082a24        0xc C:\Users\Rohit\AppData\Local\arduino15\packages\arduino\hardware\sam\1.6.11\variants\arduino_due_x/libsam_sam3x8e_gcc_rel.a(timetick.o)
                0x00082a24                GetTickCount
 .text.WDT_Disable
                0x00082a30        0x8 C:\Users\Rohit\AppData\Local\arduino15\packages\arduino\hardware\sam\1.6.11\variants\arduino_due_x/libsam_sam3x8e_gcc_rel.a(wdt.o)
                0x00082a30                WDT_Disable
 .text.UDD_SetStack
                0x00082a38        0xc C:\Users\Rohit\AppData\Local\arduino15\packages\arduino\hardware\sam\1.6.11\variants\arduino_due_x/libsam_sam3x8e_gcc_rel.a(uotghs_device.o)
                0x00082a38                UDD_SetStack
 .text.UDD_Init
                0x00082a44       0xd0 C:\Users\Rohit\AppData\Local\arduino15\packages\arduino\hardware\sam\1.6.11\variants\arduino_due_x/libsam_sam3x8e_gcc_rel.a(uotghs_device.o)
                0x00082a44                UDD_Init
 .text.UDD_Attach
                0x00082b14       0x50 C:\Users\Rohit\AppData\Local\arduino15\packages\arduino\hardware\sam\1.6.11\variants\arduino_due_x/libsam_sam3x8e_gcc_rel.a(uotghs_device.o)
                0x00082b14                UDD_Attach
 .text.UDD_InitEP
                0x00082b64       0x2c C:\Users\Rohit\AppData\Local\arduino15\packages\arduino\hardware\sam\1.6.11\variants\arduino_due_x/libsam_sam3x8e_gcc_rel.a(uotghs_device.o)
                0x00082b64                UDD_InitEP
 .text.UDD_InitEndpoints
                0x00082b90       0x3c C:\Users\Rohit\AppData\Local\arduino15\packages\arduino\hardware\sam\1.6.11\variants\arduino_due_x/libsam_sam3x8e_gcc_rel.a(uotghs_device.o)
                0x00082b90                UDD_InitEndpoints
 .text.UDD_WaitIN
                0x00082bcc       0x10 C:\Users\Rohit\AppData\Local\arduino15\packages\arduino\hardware\sam\1.6.11\variants\arduino_due_x/libsam_sam3x8e_gcc_rel.a(uotghs_device.o)
                0x00082bcc                UDD_WaitIN
 .text.UDD_WaitOUT
                0x00082bdc       0x10 C:\Users\Rohit\AppData\Local\arduino15\packages\arduino\hardware\sam\1.6.11\variants\arduino_due_x/libsam_sam3x8e_gcc_rel.a(uotghs_device.o)
                0x00082bdc                UDD_WaitOUT
 .text.UDD_ClearIN
                0x00082bec       0x18 C:\Users\Rohit\AppData\Local\arduino15\packages\arduino\hardware\sam\1.6.11\variants\arduino_due_x/libsam_sam3x8e_gcc_rel.a(uotghs_device.o)
                0x00082bec                UDD_ClearIN
 .text.UDD_ClearOUT
                0x00082c04       0x18 C:\Users\Rohit\AppData\Local\arduino15\packages\arduino\hardware\sam\1.6.11\variants\arduino_due_x/libsam_sam3x8e_gcc_rel.a(uotghs_device.o)
                0x00082c04                UDD_ClearOUT
 .text.UDD_ReceivedSetupInt
                0x00082c1c       0x10 C:\Users\Rohit\AppData\Local\arduino15\packages\arduino\hardware\sam\1.6.11\variants\arduino_due_x/libsam_sam3x8e_gcc_rel.a(uotghs_device.o)
                0x00082c1c                UDD_ReceivedSetupInt
 .text.UDD_ClearSetupInt
                0x00082c2c       0x10 C:\Users\Rohit\AppData\Local\arduino15\packages\arduino\hardware\sam\1.6.11\variants\arduino_due_x/libsam_sam3x8e_gcc_rel.a(uotghs_device.o)
                0x00082c2c                UDD_ClearSetupInt
 .text.UDD_Send
                0x00082c3c       0x88 C:\Users\Rohit\AppData\Local\arduino15\packages\arduino\hardware\sam\1.6.11\variants\arduino_due_x/libsam_sam3x8e_gcc_rel.a(uotghs_device.o)
                0x00082c3c                UDD_Send
 .text.UDD_Send8
                0x00082cc4       0x24 C:\Users\Rohit\AppData\Local\arduino15\packages\arduino\hardware\sam\1.6.11\variants\arduino_due_x/libsam_sam3x8e_gcc_rel.a(uotghs_device.o)
                0x00082cc4                UDD_Send8
 .text.UDD_Recv8
                0x00082ce8       0x28 C:\Users\Rohit\AppData\Local\arduino15\packages\arduino\hardware\sam\1.6.11\variants\arduino_due_x/libsam_sam3x8e_gcc_rel.a(uotghs_device.o)
                0x00082ce8                UDD_Recv8
 .text.UDD_Recv
                0x00082d10       0x34 C:\Users\Rohit\AppData\Local\arduino15\packages\arduino\hardware\sam\1.6.11\variants\arduino_due_x/libsam_sam3x8e_gcc_rel.a(uotghs_device.o)
                0x00082d10                UDD_Recv
 .text.UDD_Stall
                0x00082d44       0x14 C:\Users\Rohit\AppData\Local\arduino15\packages\arduino\hardware\sam\1.6.11\variants\arduino_due_x/libsam_sam3x8e_gcc_rel.a(uotghs_device.o)
                0x00082d44                UDD_Stall
 .text.UDD_FifoByteCount
                0x00082d58       0x14 C:\Users\Rohit\AppData\Local\arduino15\packages\arduino\hardware\sam\1.6.11\variants\arduino_due_x/libsam_sam3x8e_gcc_rel.a(uotghs_device.o)
                0x00082d58                UDD_FifoByteCount
 .text.UDD_ReleaseRX
                0x00082d6c       0x28 C:\Users\Rohit\AppData\Local\arduino15\packages\arduino\hardware\sam\1.6.11\variants\arduino_due_x/libsam_sam3x8e_gcc_rel.a(uotghs_device.o)
                0x00082d6c                UDD_ReleaseRX
 .text.UDD_ReleaseTX
                0x00082d94       0x28 C:\Users\Rohit\AppData\Local\arduino15\packages\arduino\hardware\sam\1.6.11\variants\arduino_due_x/libsam_sam3x8e_gcc_rel.a(uotghs_device.o)
                0x00082d94                UDD_ReleaseTX
 .text.UDD_SetAddress
                0x00082dbc       0x20 C:\Users\Rohit\AppData\Local\arduino15\packages\arduino\hardware\sam\1.6.11\variants\arduino_due_x/libsam_sam3x8e_gcc_rel.a(uotghs_device.o)
                0x00082dbc                UDD_SetAddress
 .text.dacc_reset
                0x00082ddc        0x6 C:\Users\Rohit\AppData\Local\arduino15\packages\arduino\hardware\sam\1.6.11\variants\arduino_due_x/libsam_sam3x8e_gcc_rel.a(dacc.o)
                0x00082ddc                dacc_reset
 .text.dacc_set_transfer_mode
                0x00082de2       0x14 C:\Users\Rohit\AppData\Local\arduino15\packages\arduino\hardware\sam\1.6.11\variants\arduino_due_x/libsam_sam3x8e_gcc_rel.a(dacc.o)
                0x00082de2                dacc_set_transfer_mode
 .text.dacc_get_interrupt_status
                0x00082df6        0x4 C:\Users\Rohit\AppData\Local\arduino15\packages\arduino\hardware\sam\1.6.11\variants\arduino_due_x/libsam_sam3x8e_gcc_rel.a(dacc.o)
                0x00082df6                dacc_get_interrupt_status
 .text.dacc_write_conversion_data
                0x00082dfa        0x4 C:\Users\Rohit\AppData\Local\arduino15\packages\arduino\hardware\sam\1.6.11\variants\arduino_due_x/libsam_sam3x8e_gcc_rel.a(dacc.o)
                0x00082dfa                dacc_write_conversion_data
 .text.dacc_set_channel_selection
                0x00082dfe       0x18 C:\Users\Rohit\AppData\Local\arduino15\packages\arduino\hardware\sam\1.6.11\variants\arduino_due_x/libsam_sam3x8e_gcc_rel.a(dacc.o)
                0x00082dfe                dacc_set_channel_selection
 .text.dacc_set_power_save
                0x00082e16       0x24 C:\Users\Rohit\AppData\Local\arduino15\packages\arduino\hardware\sam\1.6.11\variants\arduino_due_x/libsam_sam3x8e_gcc_rel.a(dacc.o)
                0x00082e16                dacc_set_power_save
 .text.dacc_set_timing
                0x00082e3a       0x2c C:\Users\Rohit\AppData\Local\arduino15\packages\arduino\hardware\sam\1.6.11\variants\arduino_due_x/libsam_sam3x8e_gcc_rel.a(dacc.o)
                0x00082e3a                dacc_set_timing
 .text.dacc_enable_channel
                0x00082e66       0x12 C:\Users\Rohit\AppData\Local\arduino15\packages\arduino\hardware\sam\1.6.11\variants\arduino_due_x/libsam_sam3x8e_gcc_rel.a(dacc.o)
                0x00082e66                dacc_enable_channel
 .text.dacc_get_channel_status
                0x00082e78        0x4 C:\Users\Rohit\AppData\Local\arduino15\packages\arduino\hardware\sam\1.6.11\variants\arduino_due_x/libsam_sam3x8e_gcc_rel.a(dacc.o)
                0x00082e78                dacc_get_channel_status
 .text.dacc_set_analog_control
                0x00082e7c        0x8 C:\Users\Rohit\AppData\Local\arduino15\packages\arduino\hardware\sam\1.6.11\variants\arduino_due_x/libsam_sam3x8e_gcc_rel.a(dacc.o)
                0x00082e7c                dacc_set_analog_control
 .text.__fpclassifyd
                0x00082e84       0x50 c:/users/rohit/appdata/local/arduino15/packages/arduino/tools/arm-none-eabi-gcc/4.8.3-2014q1/bin/../lib/gcc/arm-none-eabi/4.8.3/../../../../arm-none-eabi/lib/armv7-m\libm.a(lib_a-s_fpclassify.o)
                0x00082e84                __fpclassifyd
 .text          0x00082ed4      0x370 c:/users/rohit/appdata/local/arduino15/packages/arduino/tools/arm-none-eabi-gcc/4.8.3-2014q1/bin/../lib/gcc/arm-none-eabi/4.8.3/armv7-m\libgcc.a(_arm_addsubdf3.o)
                0x00082ed4                __aeabi_drsub
                0x00082edc                __aeabi_dsub
                0x00082edc                __subdf3
                0x00082ee0                __aeabi_dadd
                0x00082ee0                __adddf3
                0x00083158                __floatunsidf
                0x00083158                __aeabi_ui2d
                0x00083178                __floatsidf
                0x00083178                __aeabi_i2d
                0x0008319c                __aeabi_f2d
                0x0008319c                __extendsfdf2
                0x000831d8                __floatundidf
                0x000831d8                __aeabi_ul2d
                0x000831e8                __floatdidf
                0x000831e8                __aeabi_l2d
 .text          0x00083244      0x424 c:/users/rohit/appdata/local/arduino15/packages/arduino/tools/arm-none-eabi-gcc/4.8.3-2014q1/bin/../lib/gcc/arm-none-eabi/4.8.3/armv7-m\libgcc.a(_arm_muldivdf3.o)
                0x00083244                __aeabi_dmul
                0x00083244                __muldf3
                0x00083498                __divdf3
                0x00083498                __aeabi_ddiv
 .text          0x00083668      0x110 c:/users/rohit/appdata/local/arduino15/packages/arduino/tools/arm-none-eabi-gcc/4.8.3-2014q1/bin/../lib/gcc/arm-none-eabi/4.8.3/armv7-m\libgcc.a(_arm_cmpdf2.o)
                0x00083668                __gtdf2
                0x00083668                __gedf2
                0x00083670                __ltdf2
                0x00083670                __ledf2
                0x00083678                __nedf2
                0x00083678                __eqdf2
                0x00083678                __cmpdf2
                0x000836f4                __aeabi_cdrcmple
                0x00083704                __aeabi_cdcmpeq
                0x00083704                __aeabi_cdcmple
                0x00083714                __aeabi_dcmpeq
                0x00083728                __aeabi_dcmplt
                0x0008373c                __aeabi_dcmple
                0x00083750                __aeabi_dcmpge
                0x00083764                __aeabi_dcmpgt
 .text          0x00083778       0x50 c:/users/rohit/appdata/local/arduino15/packages/arduino/tools/arm-none-eabi-gcc/4.8.3-2014q1/bin/../lib/gcc/arm-none-eabi/4.8.3/armv7-m\libgcc.a(_arm_fixdfsi.o)
                0x00083778                __aeabi_d2iz
                0x00083778                __fixdfsi
 .text          0x000837c8       0x40 c:/users/rohit/appdata/local/arduino15/packages/arduino/tools/arm-none-eabi-gcc/4.8.3-2014q1/bin/../lib/gcc/arm-none-eabi/4.8.3/armv7-m\libgcc.a(_arm_fixunsdfsi.o)
                0x000837c8                __aeabi_d2uiz
                0x000837c8                __fixunsdfsi
 .text.__assert_func
                0x00083808       0x3c c:/users/rohit/appdata/local/arduino15/packages/arduino/tools/arm-none-eabi-gcc/4.8.3-2014q1/bin/../lib/gcc/arm-none-eabi/4.8.3/../../../../arm-none-eabi/lib/armv7-m\libg.a(lib_a-assert.o)
                0x00083808                __assert_func
 .text.fiprintf
                0x00083844       0x28 c:/users/rohit/appdata/local/arduino15/packages/arduino/tools/arm-none-eabi-gcc/4.8.3-2014q1/bin/../lib/gcc/arm-none-eabi/4.8.3/../../../../arm-none-eabi/lib/armv7-m\libg.a(lib_a-fiprintf.o)
                0x00083844                fiprintf
 .text.__libc_init_array
                0x0008386c       0x50 c:/users/rohit/appdata/local/arduino15/packages/arduino/tools/arm-none-eabi-gcc/4.8.3-2014q1/bin/../lib/gcc/arm-none-eabi/4.8.3/../../../../arm-none-eabi/lib/armv7-m\libg.a(lib_a-init.o)
                0x0008386c                __libc_init_array
 .text.iprintf  0x000838bc       0x28 c:/users/rohit/appdata/local/arduino15/packages/arduino/tools/arm-none-eabi-gcc/4.8.3-2014q1/bin/../lib/gcc/arm-none-eabi/4.8.3/../../../../arm-none-eabi/lib/armv7-m\libg.a(lib_a-iprintf.o)
                0x000838bc                iprintf
 .text.memset   0x000838e4       0x94 c:/users/rohit/appdata/local/arduino15/packages/arduino/tools/arm-none-eabi-gcc/4.8.3-2014q1/bin/../lib/gcc/arm-none-eabi/4.8.3/../../../../arm-none-eabi/lib/armv7-m\libg.a(lib_a-memset.o)
                0x000838e4                memset
 .text.strlen   0x00083978       0x60 c:/users/rohit/appdata/local/arduino15/packages/arduino/tools/arm-none-eabi-gcc/4.8.3-2014q1/bin/../lib/gcc/arm-none-eabi/4.8.3/../../../../arm-none-eabi/lib/armv7-m\libg.a(lib_a-strlen.o)
                0x00083978                strlen
 .text.kill     0x000839d8       0x10 c:/users/rohit/appdata/local/arduino15/packages/arduino/tools/arm-none-eabi-gcc/4.8.3-2014q1/bin/../lib/gcc/arm-none-eabi/4.8.3/../../../../arm-none-eabi/lib/armv7-m\libg.a(lib_a-syskill.o)
                0x000839d8                kill
 .text.__sprint_r.part.0
                0x000839e8       0x78 c:/users/rohit/appdata/local/arduino15/packages/arduino/tools/arm-none-eabi-gcc/4.8.3-2014q1/bin/../lib/gcc/arm-none-eabi/4.8.3/../../../../arm-none-eabi/lib/armv7-m\libg.a(lib_a-vfiprintf.o)
 .text._vfiprintf_r
                0x00083a60      0xc54 c:/users/rohit/appdata/local/arduino15/packages/arduino/tools/arm-none-eabi-gcc/4.8.3-2014q1/bin/../lib/gcc/arm-none-eabi/4.8.3/../../../../arm-none-eabi/lib/armv7-m\libg.a(lib_a-vfiprintf.o)
                0x00083a60                _vfiprintf_r
 .text.__sbprintf
                0x000846b4       0x7c c:/users/rohit/appdata/local/arduino15/packages/arduino/tools/arm-none-eabi-gcc/4.8.3-2014q1/bin/../lib/gcc/arm-none-eabi/4.8.3/../../../../arm-none-eabi/lib/armv7-m\libg.a(lib_a-vfiprintf.o)
 .text.__swsetup_r
                0x00084730       0xc4 c:/users/rohit/appdata/local/arduino15/packages/arduino/tools/arm-none-eabi-gcc/4.8.3-2014q1/bin/../lib/gcc/arm-none-eabi/4.8.3/../../../../arm-none-eabi/lib/armv7-m\libg.a(lib_a-wsetup.o)
                0x00084730                __swsetup_r
 .text.startup.register_fini
                0x000847f4       0x14 c:/users/rohit/appdata/local/arduino15/packages/arduino/tools/arm-none-eabi-gcc/4.8.3-2014q1/bin/../lib/gcc/arm-none-eabi/4.8.3/../../../../arm-none-eabi/lib/armv7-m\libg.a(lib_a-__call_atexit.o)
 .text.abort    0x00084808       0x10 c:/users/rohit/appdata/local/arduino15/packages/arduino/tools/arm-none-eabi-gcc/4.8.3-2014q1/bin/../lib/gcc/arm-none-eabi/4.8.3/../../../../arm-none-eabi/lib/armv7-m\libg.a(lib_a-abort.o)
                0x00084808                abort
 .text.atexit   0x00084818        0xc c:/users/rohit/appdata/local/arduino15/packages/arduino/tools/arm-none-eabi-gcc/4.8.3-2014q1/bin/../lib/gcc/arm-none-eabi/4.8.3/../../../../arm-none-eabi/lib/armv7-m\libg.a(lib_a-atexit.o)
                0x00084818                atexit
 .text.__sflush_r
                0x00084824      0x148 c:/users/rohit/appdata/local/arduino15/packages/arduino/tools/arm-none-eabi-gcc/4.8.3-2014q1/bin/../lib/gcc/arm-none-eabi/4.8.3/../../../../arm-none-eabi/lib/armv7-m\libg.a(lib_a-fflush.o)
                0x00084824                __sflush_r
 .text._fflush_r
                0x0008496c       0x2c c:/users/rohit/appdata/local/arduino15/packages/arduino/tools/arm-none-eabi-gcc/4.8.3-2014q1/bin/../lib/gcc/arm-none-eabi/4.8.3/../../../../arm-none-eabi/lib/armv7-m\libg.a(lib_a-fflush.o)
                0x0008496c                _fflush_r
 .text._cleanup_r
                0x00084998        0xc c:/users/rohit/appdata/local/arduino15/packages/arduino/tools/arm-none-eabi-gcc/4.8.3-2014q1/bin/../lib/gcc/arm-none-eabi/4.8.3/../../../../arm-none-eabi/lib/armv7-m\libg.a(lib_a-findfp.o)
                0x00084998                _cleanup_r
 .text.__sinit  0x000849a4       0xf4 c:/users/rohit/appdata/local/arduino15/packages/arduino/tools/arm-none-eabi-gcc/4.8.3-2014q1/bin/../lib/gcc/arm-none-eabi/4.8.3/../../../../arm-none-eabi/lib/armv7-m\libg.a(lib_a-findfp.o)
                0x000849a4                __sinit
 .text.__sfp_lock_acquire
                0x00084a98        0x4 c:/users/rohit/appdata/local/arduino15/packages/arduino/tools/arm-none-eabi-gcc/4.8.3-2014q1/bin/../lib/gcc/arm-none-eabi/4.8.3/../../../../arm-none-eabi/lib/armv7-m\libg.a(lib_a-findfp.o)
                0x00084a98                __sfp_lock_acquire
 .text.__sfp_lock_release
                0x00084a9c        0x4 c:/users/rohit/appdata/local/arduino15/packages/arduino/tools/arm-none-eabi-gcc/4.8.3-2014q1/bin/../lib/gcc/arm-none-eabi/4.8.3/../../../../arm-none-eabi/lib/armv7-m\libg.a(lib_a-findfp.o)
                0x00084a9c                __sfp_lock_release
 .text.__libc_fini_array
                0x00084aa0       0x30 c:/users/rohit/appdata/local/arduino15/packages/arduino/tools/arm-none-eabi-gcc/4.8.3-2014q1/bin/../lib/gcc/arm-none-eabi/4.8.3/../../../../arm-none-eabi/lib/armv7-m\libg.a(lib_a-fini.o)
                0x00084aa0                __libc_fini_array
 .text._fputwc_r
                0x00084ad0       0xc0 c:/users/rohit/appdata/local/arduino15/packages/arduino/tools/arm-none-eabi-gcc/4.8.3-2014q1/bin/../lib/gcc/arm-none-eabi/4.8.3/../../../../arm-none-eabi/lib/armv7-m\libg.a(lib_a-fputwc.o)
                0x00084ad0                _fputwc_r
 .text._malloc_trim_r
                0x00084b90       0x9c c:/users/rohit/appdata/local/arduino15/packages/arduino/tools/arm-none-eabi-gcc/4.8.3-2014q1/bin/../lib/gcc/arm-none-eabi/4.8.3/../../../../arm-none-eabi/lib/armv7-m\libg.a(lib_a-freer.o)
                0x00084b90                _malloc_trim_r
 .text._free_r  0x00084c2c      0x198 c:/users/rohit/appdata/local/arduino15/packages/arduino/tools/arm-none-eabi-gcc/4.8.3-2014q1/bin/../lib/gcc/arm-none-eabi/4.8.3/../../../../arm-none-eabi/lib/armv7-m\libg.a(lib_a-freer.o)
                0x00084c2c                _free_r
 .text.__sfvwrite_r
                0x00084dc4      0x314 c:/users/rohit/appdata/local/arduino15/packages/arduino/tools/arm-none-eabi-gcc/4.8.3-2014q1/bin/../lib/gcc/arm-none-eabi/4.8.3/../../../../arm-none-eabi/lib/armv7-m\libg.a(lib_a-fvwrite.o)
                0x00084dc4                __sfvwrite_r
 .text._fwalk   0x000850d8       0x48 c:/users/rohit/appdata/local/arduino15/packages/arduino/tools/arm-none-eabi-gcc/4.8.3-2014q1/bin/../lib/gcc/arm-none-eabi/4.8.3/../../../../arm-none-eabi/lib/armv7-m\libg.a(lib_a-fwalk.o)
                0x000850d8                _fwalk
 .text.__locale_charset
                0x00085120        0x8 c:/users/rohit/appdata/local/arduino15/packages/arduino/tools/arm-none-eabi-gcc/4.8.3-2014q1/bin/../lib/gcc/arm-none-eabi/4.8.3/../../../../arm-none-eabi/lib/armv7-m\libg.a(lib_a-locale.o)
                0x00085120                __locale_charset
 .text.__locale_mb_cur_max
                0x00085128        0xc c:/users/rohit/appdata/local/arduino15/packages/arduino/tools/arm-none-eabi-gcc/4.8.3-2014q1/bin/../lib/gcc/arm-none-eabi/4.8.3/../../../../arm-none-eabi/lib/armv7-m\libg.a(lib_a-locale.o)
                0x00085128                __locale_mb_cur_max
 .text.__smakebuf_r
                0x00085134       0xe0 c:/users/rohit/appdata/local/arduino15/packages/arduino/tools/arm-none-eabi-gcc/4.8.3-2014q1/bin/../lib/gcc/arm-none-eabi/4.8.3/../../../../arm-none-eabi/lib/armv7-m\libg.a(lib_a-makebuf.o)
                0x00085134                __smakebuf_r
 .text._malloc_r
                0x00085214      0x538 c:/users/rohit/appdata/local/arduino15/packages/arduino/tools/arm-none-eabi-gcc/4.8.3-2014q1/bin/../lib/gcc/arm-none-eabi/4.8.3/../../../../arm-none-eabi/lib/armv7-m\libg.a(lib_a-mallocr.o)
                0x00085214                _malloc_r
 .text.memchr   0x0008574c       0x94 c:/users/rohit/appdata/local/arduino15/packages/arduino/tools/arm-none-eabi-gcc/4.8.3-2014q1/bin/../lib/gcc/arm-none-eabi/4.8.3/../../../../arm-none-eabi/lib/armv7-m\libg.a(lib_a-memchr-stub.o)
                0x0008574c                memchr
 .text          0x000857e0       0xec c:/users/rohit/appdata/local/arduino15/packages/arduino/tools/arm-none-eabi-gcc/4.8.3-2014q1/bin/../lib/gcc/arm-none-eabi/4.8.3/../../../../arm-none-eabi/lib/armv7-m\libg.a(lib_a-memcpy.o)
                0x000857e0                memcpy
 .text.memmove  0x000858cc       0xcc c:/users/rohit/appdata/local/arduino15/packages/arduino/tools/arm-none-eabi-gcc/4.8.3-2014q1/bin/../lib/gcc/arm-none-eabi/4.8.3/../../../../arm-none-eabi/lib/armv7-m\libg.a(lib_a-memmove.o)
                0x000858cc                memmove
 .text.__malloc_lock
                0x00085998        0x4 c:/users/rohit/appdata/local/arduino15/packages/arduino/tools/arm-none-eabi-gcc/4.8.3-2014q1/bin/../lib/gcc/arm-none-eabi/4.8.3/../../../../arm-none-eabi/lib/armv7-m\libg.a(lib_a-mlock.o)
                0x00085998                __malloc_lock
 .text.__malloc_unlock
                0x0008599c        0x4 c:/users/rohit/appdata/local/arduino15/packages/arduino/tools/arm-none-eabi-gcc/4.8.3-2014q1/bin/../lib/gcc/arm-none-eabi/4.8.3/../../../../arm-none-eabi/lib/armv7-m\libg.a(lib_a-mlock.o)
                0x0008599c                __malloc_unlock
 .text._realloc_r
                0x000859a0      0x3c0 c:/users/rohit/appdata/local/arduino15/packages/arduino/tools/arm-none-eabi-gcc/4.8.3-2014q1/bin/../lib/gcc/arm-none-eabi/4.8.3/../../../../arm-none-eabi/lib/armv7-m\libg.a(lib_a-reallocr.o)
                0x000859a0                _realloc_r
 .text._sbrk_r  0x00085d60       0x24 c:/users/rohit/appdata/local/arduino15/packages/arduino/tools/arm-none-eabi-gcc/4.8.3-2014q1/bin/../lib/gcc/arm-none-eabi/4.8.3/../../../../arm-none-eabi/lib/armv7-m\libg.a(lib_a-sbrkr.o)
                0x00085d60                _sbrk_r
 .text._raise_r
                0x00085d84       0x58 c:/users/rohit/appdata/local/arduino15/packages/arduino/tools/arm-none-eabi-gcc/4.8.3-2014q1/bin/../lib/gcc/arm-none-eabi/4.8.3/../../../../arm-none-eabi/lib/armv7-m\libg.a(lib_a-signal.o)
                0x00085d84                _raise_r
 .text.raise    0x00085ddc       0x10 c:/users/rohit/appdata/local/arduino15/packages/arduino/tools/arm-none-eabi-gcc/4.8.3-2014q1/bin/../lib/gcc/arm-none-eabi/4.8.3/../../../../arm-none-eabi/lib/armv7-m\libg.a(lib_a-signal.o)
                0x00085ddc                raise
 .text._kill_r  0x00085dec       0x28 c:/users/rohit/appdata/local/arduino15/packages/arduino/tools/arm-none-eabi-gcc/4.8.3-2014q1/bin/../lib/gcc/arm-none-eabi/4.8.3/../../../../arm-none-eabi/lib/armv7-m\libg.a(lib_a-signalr.o)
                0x00085dec                _kill_r
 .text._getpid_r
                0x00085e14        0x4 c:/users/rohit/appdata/local/arduino15/packages/arduino/tools/arm-none-eabi-gcc/4.8.3-2014q1/bin/../lib/gcc/arm-none-eabi/4.8.3/../../../../arm-none-eabi/lib/armv7-m\libg.a(lib_a-signalr.o)
                0x00085e14                _getpid_r
 .text.__sread  0x00085e18       0x24 c:/users/rohit/appdata/local/arduino15/packages/arduino/tools/arm-none-eabi-gcc/4.8.3-2014q1/bin/../lib/gcc/arm-none-eabi/4.8.3/../../../../arm-none-eabi/lib/armv7-m\libg.a(lib_a-stdio.o)
                0x00085e18                __sread
 .text.__swrite
                0x00085e3c       0x38 c:/users/rohit/appdata/local/arduino15/packages/arduino/tools/arm-none-eabi-gcc/4.8.3-2014q1/bin/../lib/gcc/arm-none-eabi/4.8.3/../../../../arm-none-eabi/lib/armv7-m\libg.a(lib_a-stdio.o)
                0x00085e3c                __swrite
 .text.__sseek  0x00085e74       0x20 c:/users/rohit/appdata/local/arduino15/packages/arduino/tools/arm-none-eabi-gcc/4.8.3-2014q1/bin/../lib/gcc/arm-none-eabi/4.8.3/../../../../arm-none-eabi/lib/armv7-m\libg.a(lib_a-stdio.o)
                0x00085e74                __sseek
 .text.__sclose
                0x00085e94        0x8 c:/users/rohit/appdata/local/arduino15/packages/arduino/tools/arm-none-eabi-gcc/4.8.3-2014q1/bin/../lib/gcc/arm-none-eabi/4.8.3/../../../../arm-none-eabi/lib/armv7-m\libg.a(lib_a-stdio.o)
                0x00085e94                __sclose
 .text.__swbuf_r
                0x00085e9c       0xa8 c:/users/rohit/appdata/local/arduino15/packages/arduino/tools/arm-none-eabi-gcc/4.8.3-2014q1/bin/../lib/gcc/arm-none-eabi/4.8.3/../../../../arm-none-eabi/lib/armv7-m\libg.a(lib_a-wbuf.o)
                0x00085e9c                __swbuf_r
 .text._wcrtomb_r
                0x00085f44       0x50 c:/users/rohit/appdata/local/arduino15/packages/arduino/tools/arm-none-eabi-gcc/4.8.3-2014q1/bin/../lib/gcc/arm-none-eabi/4.8.3/../../../../arm-none-eabi/lib/armv7-m\libg.a(lib_a-wcrtomb.o)
                0x00085f44                _wcrtomb_r
 .text.__ascii_wctomb
                0x00085f94       0x1c c:/users/rohit/appdata/local/arduino15/packages/arduino/tools/arm-none-eabi-gcc/4.8.3-2014q1/bin/../lib/gcc/arm-none-eabi/4.8.3/../../../../arm-none-eabi/lib/armv7-m\libg.a(lib_a-wctomb_r.o)
                0x00085f94                __ascii_wctomb
 .text._write_r
                0x00085fb0       0x28 c:/users/rohit/appdata/local/arduino15/packages/arduino/tools/arm-none-eabi-gcc/4.8.3-2014q1/bin/../lib/gcc/arm-none-eabi/4.8.3/../../../../arm-none-eabi/lib/armv7-m\libg.a(lib_a-writer.o)
                0x00085fb0                _write_r
 .text.__register_exitproc
                0x00085fd8       0xa8 c:/users/rohit/appdata/local/arduino15/packages/arduino/tools/arm-none-eabi-gcc/4.8.3-2014q1/bin/../lib/gcc/arm-none-eabi/4.8.3/../../../../arm-none-eabi/lib/armv7-m\libg.a(lib_a-__atexit.o)
                0x00085fd8                __register_exitproc
 .text._close_r
                0x00086080       0x24 c:/users/rohit/appdata/local/arduino15/packages/arduino/tools/arm-none-eabi-gcc/4.8.3-2014q1/bin/../lib/gcc/arm-none-eabi/4.8.3/../../../../arm-none-eabi/lib/armv7-m\libg.a(lib_a-closer.o)
                0x00086080                _close_r
 .text._fclose_r
                0x000860a4       0x80 c:/users/rohit/appdata/local/arduino15/packages/arduino/tools/arm-none-eabi-gcc/4.8.3-2014q1/bin/../lib/gcc/arm-none-eabi/4.8.3/../../../../arm-none-eabi/lib/armv7-m\libg.a(lib_a-fclose.o)
                0x000860a4                _fclose_r
 .text.fclose   0x00086124       0x10 c:/users/rohit/appdata/local/arduino15/packages/arduino/tools/arm-none-eabi-gcc/4.8.3-2014q1/bin/../lib/gcc/arm-none-eabi/4.8.3/../../../../arm-none-eabi/lib/armv7-m\libg.a(lib_a-fclose.o)
                0x00086124                fclose
 .text._fstat_r
                0x00086134       0x28 c:/users/rohit/appdata/local/arduino15/packages/arduino/tools/arm-none-eabi-gcc/4.8.3-2014q1/bin/../lib/gcc/arm-none-eabi/4.8.3/../../../../arm-none-eabi/lib/armv7-m\libg.a(lib_a-fstatr.o)
                0x00086134                _fstat_r
 .text._isatty_r
                0x0008615c       0x24 c:/users/rohit/appdata/local/arduino15/packages/arduino/tools/arm-none-eabi-gcc/4.8.3-2014q1/bin/../lib/gcc/arm-none-eabi/4.8.3/../../../../arm-none-eabi/lib/armv7-m\libg.a(lib_a-isattyr.o)
                0x0008615c                _isatty_r
 .text._lseek_r
                0x00086180       0x28 c:/users/rohit/appdata/local/arduino15/packages/arduino/tools/arm-none-eabi-gcc/4.8.3-2014q1/bin/../lib/gcc/arm-none-eabi/4.8.3/../../../../arm-none-eabi/lib/armv7-m\libg.a(lib_a-lseekr.o)
                0x00086180                _lseek_r
 .text._read_r  0x000861a8       0x28 c:/users/rohit/appdata/local/arduino15/packages/arduino/tools/arm-none-eabi-gcc/4.8.3-2014q1/bin/../lib/gcc/arm-none-eabi/4.8.3/../../../../arm-none-eabi/lib/armv7-m\libg.a(lib_a-readr.o)
                0x000861a8                _read_r
 .text          0x000861d0       0x2c c:/users/rohit/appdata/local/arduino15/packages/arduino/tools/arm-none-eabi-gcc/4.8.3-2014q1/bin/../lib/gcc/arm-none-eabi/4.8.3/armv7-m\libgcc.a(_aeabi_uldivmod.o)
                0x000861d0                __aeabi_uldivmod
 .text          0x000861fc       0x60 c:/users/rohit/appdata/local/arduino15/packages/arduino/tools/arm-none-eabi-gcc/4.8.3-2014q1/bin/../lib/gcc/arm-none-eabi/4.8.3/armv7-m\libgcc.a(bpabi.o)
                0x000861fc                __gnu_ldivmod_helper
                0x0008622c                __gnu_uldivmod_helper
 .text          0x0008625c        0x4 c:/users/rohit/appdata/local/arduino15/packages/arduino/tools/arm-none-eabi-gcc/4.8.3-2014q1/bin/../lib/gcc/arm-none-eabi/4.8.3/armv7-m\libgcc.a(_dvmd_tls.o)
                0x0008625c                __aeabi_idiv0
                0x0008625c                __aeabi_ldiv0
 .text          0x00086260      0x2a0 c:/users/rohit/appdata/local/arduino15/packages/arduino/tools/arm-none-eabi-gcc/4.8.3-2014q1/bin/../lib/gcc/arm-none-eabi/4.8.3/armv7-m\libgcc.a(_divdi3.o)
                0x00086260                __divdi3
 .text          0x00086500      0x290 c:/users/rohit/appdata/local/arduino15/packages/arduino/tools/arm-none-eabi-gcc/4.8.3-2014q1/bin/../lib/gcc/arm-none-eabi/4.8.3/armv7-m\libgcc.a(_udivdi3.o)
                0x00086500                __udivdi3
 *(.glue_7t)
 .glue_7t       0x00000000        0x0 linker stubs
 *(.glue_7)
 .glue_7        0x00000000        0x0 linker stubs
 *(.rodata .rodata* .gnu.linkonce.r.*)
 .rodata.str1.1
                0x00086790       0x23 E:\documents\ARDUINO\buildfolder\powerSupply\arduino_due_x_dbg\Debug\powerSupply.cpp.o
 *fill*         0x000867b3        0x5 
 .rodata._ZTV13LiquidCrystal
                0x000867b8       0x10 E:\documents\ARDUINO\buildfolder\powerSupply\arduino_due_x_dbg\Debug\LiquidCrystal\LiquidCrystal.cpp.o
                0x000867b8                vtable for LiquidCrystal
 .rodata._ZTV6Keypad
                0x000867c8       0x18 E:\documents\ARDUINO\buildfolder\powerSupply\arduino_due_x_dbg\Debug\Keypad\Keypad.cpp.o
                0x000867c8                vtable for Keypad
 .rodata.g_APinDescription
                0x000867e0      0xa2c E:\documents\ARDUINO\buildfolder\powerSupply\arduino_due_x_dbg\Debug\variant\variant.cpp.o
                0x000867e0                g_APinDescription
 .rodata        0x0008720c       0x40 C:\Users\Rohit\AppData\Local\arduino15\packages\arduino\hardware\sam\1.6.11\variants\arduino_due_x/libsam_sam3x8e_gcc_rel.a(adc.o)
 .rodata.str1.1
                0x0008724c       0x19 E:\documents\ARDUINO\buildfolder\powerSupply\arduino_due_x_dbg\Debug/core.a(syscalls_sam3.c.o)
 *fill*         0x00087265        0x3 
 .rodata.channelToId.9433
                0x00087268       0x48 E:\documents\ARDUINO\buildfolder\powerSupply\arduino_due_x_dbg\Debug/core.a(wiring_analog.c.o)
 .rodata.channelToTC.9432
                0x000872b0       0x48 E:\documents\ARDUINO\buildfolder\powerSupply\arduino_due_x_dbg\Debug/core.a(wiring_analog.c.o)
 .rodata.channelToChNo.9430
                0x000872f8       0x48 E:\documents\ARDUINO\buildfolder\powerSupply\arduino_due_x_dbg\Debug/core.a(wiring_analog.c.o)
 .rodata.channelToAB.9431
                0x00087340       0x48 E:\documents\ARDUINO\buildfolder\powerSupply\arduino_due_x_dbg\Debug/core.a(wiring_analog.c.o)
 .rodata.str1.1
                0x00087388        0xf E:\documents\ARDUINO\buildfolder\powerSupply\arduino_due_x_dbg\Debug/core.a(Print.cpp.o)
 *fill*         0x00087397        0x1 
 .rodata._ZTV9UARTClass
                0x00087398       0x30 E:\documents\ARDUINO\buildfolder\powerSupply\arduino_due_x_dbg\Debug/core.a(UARTClass.cpp.o)
                0x00087398                vtable for UARTClass
 .rodata._ZTV10USARTClass
                0x000873c8       0x30 E:\documents\ARDUINO\buildfolder\powerSupply\arduino_due_x_dbg\Debug/core.a(USARTClass.cpp.o)
                0x000873c8                vtable for USARTClass
 .rodata.STRING_PRODUCT
                0x000873f8        0xc E:\documents\ARDUINO\buildfolder\powerSupply\arduino_due_x_dbg\Debug/core.a(USBCore.cpp.o)
                0x000873f8                STRING_PRODUCT
 .rodata.USB_DeviceDescriptor
                0x00087404       0x12 E:\documents\ARDUINO\buildfolder\powerSupply\arduino_due_x_dbg\Debug/core.a(USBCore.cpp.o)
                0x00087404                USB_DeviceDescriptor
 .rodata.STRING_LANGUAGE
                0x00087416        0x4 E:\documents\ARDUINO\buildfolder\powerSupply\arduino_due_x_dbg\Debug/core.a(USBCore.cpp.o)
                0x00087416                STRING_LANGUAGE
 .rodata._ZL18test_packet_buffer
                0x0008741a       0x35 E:\documents\ARDUINO\buildfolder\powerSupply\arduino_due_x_dbg\Debug/core.a(USBCore.cpp.o)
 .rodata.STRING_MANUFACTURER
                0x0008744f        0xc E:\documents\ARDUINO\buildfolder\powerSupply\arduino_due_x_dbg\Debug/core.a(USBCore.cpp.o)
                0x0008744f                STRING_MANUFACTURER
 .rodata.USB_DeviceDescriptorA
                0x0008745b       0x12 E:\documents\ARDUINO\buildfolder\powerSupply\arduino_due_x_dbg\Debug/core.a(USBCore.cpp.o)
                0x0008745b                USB_DeviceDescriptorA
 .rodata._ZL19USB_DeviceQualifier
                0x0008746d        0x9 E:\documents\ARDUINO\buildfolder\powerSupply\arduino_due_x_dbg\Debug/core.a(USBCore.cpp.o)
 *fill*         0x00087476        0x2 
 .rodata._ZTV7Serial_
                0x00087478       0x28 E:\documents\ARDUINO\buildfolder\powerSupply\arduino_due_x_dbg\Debug/core.a(CDC.cpp.o)
                0x00087478                vtable for Serial_
 .rodata._ZL18_cdcOtherInterface
                0x000874a0       0x42 E:\documents\ARDUINO\buildfolder\powerSupply\arduino_due_x_dbg\Debug/core.a(CDC.cpp.o)
 .rodata._ZL13_cdcInterface
                0x000874e2       0x42 E:\documents\ARDUINO\buildfolder\powerSupply\arduino_due_x_dbg\Debug/core.a(CDC.cpp.o)
 .rodata        0x00087524       0x2c C:\Users\Rohit\AppData\Local\arduino15\packages\arduino\hardware\sam\1.6.11\variants\arduino_due_x/libsam_sam3x8e_gcc_rel.a(pwmc.o)
 .rodata.__func__.6830
                0x00087550       0x15 C:\Users\Rohit\AppData\Local\arduino15\packages\arduino\hardware\sam\1.6.11\variants\arduino_due_x/libsam_sam3x8e_gcc_rel.a(pwmc.o)
 .rodata.__func__.6841
                0x00087565       0x12 C:\Users\Rohit\AppData\Local\arduino15\packages\arduino\hardware\sam\1.6.11\variants\arduino_due_x/libsam_sam3x8e_gcc_rel.a(pwmc.o)
 .rodata.str1.1
                0x00087577      0x1cc C:\Users\Rohit\AppData\Local\arduino15\packages\arduino\hardware\sam\1.6.11\variants\arduino_due_x/libsam_sam3x8e_gcc_rel.a(pwmc.o)
 .rodata.__func__.6804
                0x00087743       0x16 C:\Users\Rohit\AppData\Local\arduino15\packages\arduino\hardware\sam\1.6.11\variants\arduino_due_x/libsam_sam3x8e_gcc_rel.a(pwmc.o)
 .rodata.__func__.6793
                0x00087759       0x17 C:\Users\Rohit\AppData\Local\arduino15\packages\arduino\hardware\sam\1.6.11\variants\arduino_due_x/libsam_sam3x8e_gcc_rel.a(pwmc.o)
 .rodata.__func__.6792
                0x00087770        0xd C:\Users\Rohit\AppData\Local\arduino15\packages\arduino\hardware\sam\1.6.11\variants\arduino_due_x/libsam_sam3x8e_gcc_rel.a(tc.o)
 .rodata.str1.1
                0x0008777d       0x54 C:\Users\Rohit\AppData\Local\arduino15\packages\arduino\hardware\sam\1.6.11\variants\arduino_due_x/libsam_sam3x8e_gcc_rel.a(tc.o)
 .rodata.__func__.6798
                0x000877d1        0x9 C:\Users\Rohit\AppData\Local\arduino15\packages\arduino\hardware\sam\1.6.11\variants\arduino_due_x/libsam_sam3x8e_gcc_rel.a(tc.o)
 *fill*         0x000877da        0x2 
 .rodata.str1.4
                0x000877dc       0x3f c:/users/rohit/appdata/local/arduino15/packages/arduino/tools/arm-none-eabi-gcc/4.8.3-2014q1/bin/../lib/gcc/arm-none-eabi/4.8.3/../../../../arm-none-eabi/lib/armv7-m\libg.a(lib_a-assert.o)
                                 0x44 (size before relaxing)
 *fill*         0x0008781b        0x1 
 .rodata.str1.4
                0x0008781c        0x2 c:/users/rohit/appdata/local/arduino15/packages/arduino/tools/arm-none-eabi-gcc/4.8.3-2014q1/bin/../lib/gcc/arm-none-eabi/4.8.3/../../../../arm-none-eabi/lib/armv7-m\libg.a(lib_a-impure.o)
                                  0x4 (size before relaxing)
 *fill*         0x0008781e        0x2 
 .rodata._global_impure_ptr
                0x00087820        0x4 c:/users/rohit/appdata/local/arduino15/packages/arduino/tools/arm-none-eabi-gcc/4.8.3-2014q1/bin/../lib/gcc/arm-none-eabi/4.8.3/../../../../arm-none-eabi/lib/armv7-m\libg.a(lib_a-impure.o)
                0x00087820                _global_impure_ptr
 .rodata.blanks.6717
                0x00087824       0x10 c:/users/rohit/appdata/local/arduino15/packages/arduino/tools/arm-none-eabi-gcc/4.8.3-2014q1/bin/../lib/gcc/arm-none-eabi/4.8.3/../../../../arm-none-eabi/lib/armv7-m\libg.a(lib_a-vfiprintf.o)
 .rodata.str1.4
                0x00087834       0x30 c:/users/rohit/appdata/local/arduino15/packages/arduino/tools/arm-none-eabi-gcc/4.8.3-2014q1/bin/../lib/gcc/arm-none-eabi/4.8.3/../../../../arm-none-eabi/lib/armv7-m\libg.a(lib_a-vfiprintf.o)
 .rodata.zeroes.6718
                0x00087864       0x10 c:/users/rohit/appdata/local/arduino15/packages/arduino/tools/arm-none-eabi-gcc/4.8.3-2014q1/bin/../lib/gcc/arm-none-eabi/4.8.3/../../../../arm-none-eabi/lib/armv7-m\libg.a(lib_a-vfiprintf.o)
 *(.ARM.extab* .gnu.linkonce.armextab.*)
                0x00087874                . = ALIGN (0x4)
 *(.init)
 .init          0x00087874        0x4 c:/users/rohit/appdata/local/arduino15/packages/arduino/tools/arm-none-eabi-gcc/4.8.3-2014q1/bin/../lib/gcc/arm-none-eabi/4.8.3/armv7-m/crti.o
                0x00087874                _init
 .init          0x00087878        0x8 c:/users/rohit/appdata/local/arduino15/packages/arduino/tools/arm-none-eabi-gcc/4.8.3-2014q1/bin/../lib/gcc/arm-none-eabi/4.8.3/armv7-m/crtn.o
                0x00087880                . = ALIGN (0x4)
                0x00087880                __preinit_array_start = .
 *(.preinit_array)
                0x00087880                __preinit_array_end = .
                0x00087880                . = ALIGN (0x4)
                0x00087880                __init_array_start = .
 *(SORT(.init_array.*))
 .init_array.00000
                0x00087880        0x4 c:/users/rohit/appdata/local/arduino15/packages/arduino/tools/arm-none-eabi-gcc/4.8.3-2014q1/bin/../lib/gcc/arm-none-eabi/4.8.3/../../../../arm-none-eabi/lib/armv7-m\libg.a(lib_a-__call_atexit.o)
 *(.init_array)
 .init_array    0x00087884        0x4 c:/users/rohit/appdata/local/arduino15/packages/arduino/tools/arm-none-eabi-gcc/4.8.3-2014q1/bin/../lib/gcc/arm-none-eabi/4.8.3/armv7-m/crtbegin.o
 .init_array    0x00087888        0x4 E:\documents\ARDUINO\buildfolder\powerSupply\arduino_due_x_dbg\Debug\powerSupply.cpp.o
 .init_array    0x0008788c        0x4 E:\documents\ARDUINO\buildfolder\powerSupply\arduino_due_x_dbg\Debug\variant\variant.cpp.o
 .init_array    0x00087890        0x4 E:\documents\ARDUINO\buildfolder\powerSupply\arduino_due_x_dbg\Debug/core.a(USBCore.cpp.o)
 .init_array    0x00087894        0x4 E:\documents\ARDUINO\buildfolder\powerSupply\arduino_due_x_dbg\Debug/core.a(CDC.cpp.o)
                0x00087898                __init_array_end = .
                0x00087898                . = ALIGN (0x4)
 *crtbegin.o(.ctors)
 *(EXCLUDE_FILE(*crtend.o) .ctors)
 *(SORT(.ctors.*))
 *crtend.o(.ctors)
                0x00087898                . = ALIGN (0x4)
 *(.fini)
 .fini          0x00087898        0x4 c:/users/rohit/appdata/local/arduino15/packages/arduino/tools/arm-none-eabi-gcc/4.8.3-2014q1/bin/../lib/gcc/arm-none-eabi/4.8.3/armv7-m/crti.o
                0x00087898                _fini
 .fini          0x0008789c        0x8 c:/users/rohit/appdata/local/arduino15/packages/arduino/tools/arm-none-eabi-gcc/4.8.3-2014q1/bin/../lib/gcc/arm-none-eabi/4.8.3/armv7-m/crtn.o
                0x000878a4                . = ALIGN (0x4)
                0x000878a4                __fini_array_start = .
 *(.fini_array)
 .fini_array    0x000878a4        0x4 c:/users/rohit/appdata/local/arduino15/packages/arduino/tools/arm-none-eabi-gcc/4.8.3-2014q1/bin/../lib/gcc/arm-none-eabi/4.8.3/armv7-m/crtbegin.o
 *(SORT(.fini_array.*))
                0x000878a8                __fini_array_end = .
 *crtbegin.o(.dtors)
 *(EXCLUDE_FILE(*crtend.o) .dtors)
 *(SORT(.dtors.*))
 *crtend.o(.dtors)
                0x000878a8                . = ALIGN (0x4)
                0x000878a8                _efixed = .
                0x000878a8                PROVIDE (__exidx_start, .)

.vfp11_veneer   0x000878a8        0x0
 .vfp11_veneer  0x00000000        0x0 linker stubs

.v4_bx          0x000878a8        0x0
 .v4_bx         0x00000000        0x0 linker stubs

.iplt           0x000878a8        0x0
 .iplt          0x00000000        0x0 c:/users/rohit/appdata/local/arduino15/packages/arduino/tools/arm-none-eabi-gcc/4.8.3-2014q1/bin/../lib/gcc/arm-none-eabi/4.8.3/armv7-m/crtbegin.o

.ARM.exidx      0x000878a8        0x8
 *(.ARM.exidx* .gnu.linkonce.armexidx.*)
 .ARM.exidx     0x000878a8        0x8 c:/users/rohit/appdata/local/arduino15/packages/arduino/tools/arm-none-eabi-gcc/4.8.3-2014q1/bin/../lib/gcc/arm-none-eabi/4.8.3/armv7-m\libgcc.a(_divdi3.o)
 .ARM.exidx     0x000878b0        0x0 c:/users/rohit/appdata/local/arduino15/packages/arduino/tools/arm-none-eabi-gcc/4.8.3-2014q1/bin/../lib/gcc/arm-none-eabi/4.8.3/armv7-m\libgcc.a(_udivdi3.o)
                                  0x8 (size before relaxing)
                0x000878b0                PROVIDE (__exidx_end, .)

.eh_frame       0x000878b0        0x0
 .eh_frame      0x000878b0        0x0 c:/users/rohit/appdata/local/arduino15/packages/arduino/tools/arm-none-eabi-gcc/4.8.3-2014q1/bin/../lib/gcc/arm-none-eabi/4.8.3/armv7-m/crtbegin.o

.rel.dyn        0x000878b0        0x0
 .rel.iplt      0x00000000        0x0 c:/users/rohit/appdata/local/arduino15/packages/arduino/tools/arm-none-eabi-gcc/4.8.3-2014q1/bin/../lib/gcc/arm-none-eabi/4.8.3/armv7-m/crtbegin.o

.jcr            0x000878b0        0x0
 .jcr           0x000878b0        0x0 c:/users/rohit/appdata/local/arduino15/packages/arduino/tools/arm-none-eabi-gcc/4.8.3-2014q1/bin/../lib/gcc/arm-none-eabi/4.8.3/armv7-m/crtbegin.o

.igot.plt       0x000878b0        0x0
 .igot.plt      0x00000000        0x0 c:/users/rohit/appdata/local/arduino15/packages/arduino/tools/arm-none-eabi-gcc/4.8.3-2014q1/bin/../lib/gcc/arm-none-eabi/4.8.3/armv7-m/crtbegin.o
                0x000878b0                . = ALIGN (0x4)
                0x000878b0                _etext = .

.relocate       0x20070000      0x8fc load address 0x000878b0
                0x20070000                . = ALIGN (0x4)
                0x20070000                _srelocate = .
 *(.ramfunc .ramfunc.*)
 .ramfunc       0x20070000       0x2c E:\documents\ARDUINO\buildfolder\powerSupply\arduino_due_x_dbg\Debug/core.a(Reset.cpp.o)
                0x20070000                banzai
 *(.data .data.*)
 .data.rowPins  0x2007002c        0x4 E:\documents\ARDUINO\buildfolder\powerSupply\arduino_due_x_dbg\Debug\powerSupply.cpp.o
                0x2007002c                rowPins
 .data.colPins  0x20070030        0x4 E:\documents\ARDUINO\buildfolder\powerSupply\arduino_due_x_dbg\Debug\powerSupply.cpp.o
                0x20070030                colPins
 .data.keymap   0x20070034       0x10 E:\documents\ARDUINO\buildfolder\powerSupply\arduino_due_x_dbg\Debug\powerSupply.cpp.o
                0x20070034                keymap
 .data.mode     0x20070044        0x1 E:\documents\ARDUINO\buildfolder\powerSupply\arduino_due_x_dbg\Debug\powerSupply.cpp.o
                0x20070044                mode
 *fill*         0x20070045        0x1 
 .data.sampleNumbers
                0x20070046        0x2 E:\documents\ARDUINO\buildfolder\powerSupply\arduino_due_x_dbg\Debug\powerSupply.cpp.o
                0x20070046                sampleNumbers
 .data.SystemCoreClock
                0x20070048        0x4 C:\Users\Rohit\AppData\Local\arduino15\packages\arduino\hardware\sam\1.6.11\variants\arduino_due_x/libsam_sam3x8e_gcc_rel.a(system_sam3xa.o)
                0x20070048                SystemCoreClock
 .data._writeResolution
                0x2007004c        0x4 E:\documents\ARDUINO\buildfolder\powerSupply\arduino_due_x_dbg\Debug/core.a(wiring_analog.c.o)
 .data.latestSelectedChannel.9384
                0x20070050        0x4 E:\documents\ARDUINO\buildfolder\powerSupply\arduino_due_x_dbg\Debug/core.a(wiring_analog.c.o)
 .data._readResolution
                0x20070054        0x4 E:\documents\ARDUINO\buildfolder\powerSupply\arduino_due_x_dbg\Debug/core.a(wiring_analog.c.o)
 .data._ZL5ticks
                0x20070058        0x4 E:\documents\ARDUINO\buildfolder\powerSupply\arduino_due_x_dbg\Debug/core.a(Reset.cpp.o)
 .data.EndPoints
                0x2007005c       0x28 E:\documents\ARDUINO\buildfolder\powerSupply\arduino_due_x_dbg\Debug/core.a(USBCore.cpp.o)
                0x2007005c                EndPoints
 .data._ZL10breakValue
                0x20070084        0x4 E:\documents\ARDUINO\buildfolder\powerSupply\arduino_due_x_dbg\Debug/core.a(CDC.cpp.o)
 .data._ZL12_usbLineInfo
                0x20070088        0x8 E:\documents\ARDUINO\buildfolder\powerSupply\arduino_due_x_dbg\Debug/core.a(CDC.cpp.o)
 .data.g_interrupt_enabled
                0x20070090        0x4 C:\Users\Rohit\AppData\Local\arduino15\packages\arduino\hardware\sam\1.6.11\variants\arduino_due_x/libsam_sam3x8e_gcc_rel.a(interrupt_sam_nvic.o)
                0x20070090                g_interrupt_enabled
 *fill*         0x20070094        0x4 
 .data.impure_data
                0x20070098      0x428 c:/users/rohit/appdata/local/arduino15/packages/arduino/tools/arm-none-eabi-gcc/4.8.3-2014q1/bin/../lib/gcc/arm-none-eabi/4.8.3/../../../../arm-none-eabi/lib/armv7-m\libg.a(lib_a-impure.o)
 .data._impure_ptr
                0x200704c0        0x4 c:/users/rohit/appdata/local/arduino15/packages/arduino/tools/arm-none-eabi-gcc/4.8.3-2014q1/bin/../lib/gcc/arm-none-eabi/4.8.3/../../../../arm-none-eabi/lib/armv7-m\libg.a(lib_a-impure.o)
                0x200704c0                _impure_ptr
 .data.lc_ctype_charset
                0x200704c4       0x20 c:/users/rohit/appdata/local/arduino15/packages/arduino/tools/arm-none-eabi-gcc/4.8.3-2014q1/bin/../lib/gcc/arm-none-eabi/4.8.3/../../../../arm-none-eabi/lib/armv7-m\libg.a(lib_a-locale.o)
 .data.__mb_cur_max
                0x200704e4        0x4 c:/users/rohit/appdata/local/arduino15/packages/arduino/tools/arm-none-eabi-gcc/4.8.3-2014q1/bin/../lib/gcc/arm-none-eabi/4.8.3/../../../../arm-none-eabi/lib/armv7-m\libg.a(lib_a-locale.o)
                0x200704e4                __mb_cur_max
 .data.__malloc_av_
                0x200704e8      0x408 c:/users/rohit/appdata/local/arduino15/packages/arduino/tools/arm-none-eabi-gcc/4.8.3-2014q1/bin/../lib/gcc/arm-none-eabi/4.8.3/../../../../arm-none-eabi/lib/armv7-m\libg.a(lib_a-mallocr.o)
                0x200704e8                __malloc_av_
 .data.__malloc_trim_threshold
                0x200708f0        0x4 c:/users/rohit/appdata/local/arduino15/packages/arduino/tools/arm-none-eabi-gcc/4.8.3-2014q1/bin/../lib/gcc/arm-none-eabi/4.8.3/../../../../arm-none-eabi/lib/armv7-m\libg.a(lib_a-mallocr.o)
                0x200708f0                __malloc_trim_threshold
 .data.__malloc_sbrk_base
                0x200708f4        0x4 c:/users/rohit/appdata/local/arduino15/packages/arduino/tools/arm-none-eabi-gcc/4.8.3-2014q1/bin/../lib/gcc/arm-none-eabi/4.8.3/../../../../arm-none-eabi/lib/armv7-m\libg.a(lib_a-mallocr.o)
                0x200708f4                __malloc_sbrk_base
 .data.__wctomb
                0x200708f8        0x4 c:/users/rohit/appdata/local/arduino15/packages/arduino/tools/arm-none-eabi-gcc/4.8.3-2014q1/bin/../lib/gcc/arm-none-eabi/4.8.3/../../../../arm-none-eabi/lib/armv7-m\libg.a(lib_a-wctomb_r.o)
                0x200708f8                __wctomb
                0x200708fc                . = ALIGN (0x4)
                0x200708fc                _erelocate = .

.bss            0x200708fc      0xb48 load address 0x000881ac
                0x200708fc                . = ALIGN (0x4)
                0x200708fc                _sbss = .
                0x200708fc                _szero = .
 *(.bss .bss.*)
 .bss           0x200708fc       0x1c c:/users/rohit/appdata/local/arduino15/packages/arduino/tools/arm-none-eabi-gcc/4.8.3-2014q1/bin/../lib/gcc/arm-none-eabi/4.8.3/armv7-m/crtbegin.o
 .bss.previousmillisLCD
                0x20070918        0x4 E:\documents\ARDUINO\buildfolder\powerSupply\arduino_due_x_dbg\Debug\powerSupply.cpp.o
                0x20070918                previousmillisLCD
 .bss.myKeypad  0x2007091c       0xd8 E:\documents\ARDUINO\buildfolder\powerSupply\arduino_due_x_dbg\Debug\powerSupply.cpp.o
                0x2007091c                myKeypad
 .bss.voltmeterPlusValue
                0x200709f4        0x4 E:\documents\ARDUINO\buildfolder\powerSupply\arduino_due_x_dbg\Debug\powerSupply.cpp.o
                0x200709f4                voltmeterPlusValue
 .bss.voltmeterMinusValue
                0x200709f8        0x4 E:\documents\ARDUINO\buildfolder\powerSupply\arduino_due_x_dbg\Debug\powerSupply.cpp.o