Archive member included because of file (symbol)

C:\Users\Rohit\AppData\Local\arduino15\packages\arduino\hardware\sam\1.6.11\variants\arduino_due_x/libsam_sam3x8e_gcc_rel.a(pio.o)
                              E:\documents\ARDUINO\buildfolder\powerSupply\arduino_due_x_dbg\Debug\variant\variant.cpp.o (PIO_Configure)
C:\Users\Rohit\AppData\Local\arduino15\packages\arduino\hardware\sam\1.6.11\variants\arduino_due_x/libsam_sam3x8e_gcc_rel.a(pmc.o)
                              E:\documents\ARDUINO\buildfolder\powerSupply\arduino_due_x_dbg\Debug\variant\variant.cpp.o (pmc_enable_periph_clk)
C:\Users\Rohit\AppData\Local\arduino15\packages\arduino\hardware\sam\1.6.11\variants\arduino_due_x/libsam_sam3x8e_gcc_rel.a(system_sam3xa.o)
                              E:\documents\ARDUINO\buildfolder\powerSupply\arduino_due_x_dbg\Debug\variant\variant.cpp.o (SystemInit)
C:\Users\Rohit\AppData\Local\arduino15\packages\arduino\hardware\sam\1.6.11\variants\arduino_due_x/libsam_sam3x8e_gcc_rel.a(startup_sam3xa.o)
                              (Reset_Handler)
C:\Users\Rohit\AppData\Local\arduino15\packages\arduino\hardware\sam\1.6.11\variants\arduino_due_x/libsam_sam3x8e_gcc_rel.a(adc.o)
                              E:\documents\ARDUINO\buildfolder\powerSupply\arduino_due_x_dbg\Debug\variant\variant.cpp.o (adc_init)
C:\Users\Rohit\AppData\Local\arduino15\packages\arduino\hardware\sam\1.6.11\variants\arduino_due_x/libsam_sam3x8e_gcc_rel.a(uotghs.o)
                              C:\Users\Rohit\AppData\Local\arduino15\packages\arduino\hardware\sam\1.6.11\variants\arduino_due_x/libsam_sam3x8e_gcc_rel.a(startup_sam3xa.o) (UOTGHS_Handler)
E:\documents\ARDUINO\buildfolder\powerSupply\arduino_due_x_dbg\Debug/core.a(cortex_handlers.c.o)
                              C:\Users\Rohit\AppData\Local\arduino15\packages\arduino\hardware\sam\1.6.11\variants\arduino_due_x/libsam_sam3x8e_gcc_rel.a(startup_sam3xa.o) (NMI_Handler)
E:\documents\ARDUINO\buildfolder\powerSupply\arduino_due_x_dbg\Debug/core.a(hooks.c.o)
                              E:\documents\ARDUINO\buildfolder\powerSupply\arduino_due_x_dbg\Debug/core.a(cortex_handlers.c.o) (sysTickHook)
E:\documents\ARDUINO\buildfolder\powerSupply\arduino_due_x_dbg\Debug/core.a(syscalls_sam3.c.o)
                              (_sbrk)
E:\documents\ARDUINO\buildfolder\powerSupply\arduino_due_x_dbg\Debug/core.a(wiring.c.o)
                              E:\documents\ARDUINO\buildfolder\powerSupply\arduino_due_x_dbg\Debug\powerSupply.cpp.o (millis)
E:\documents\ARDUINO\buildfolder\powerSupply\arduino_due_x_dbg\Debug/core.a(wiring_analog.c.o)
                              E:\documents\ARDUINO\buildfolder\powerSupply\arduino_due_x_dbg\Debug\powerSupply.cpp.o (analogReadResolution)
E:\documents\ARDUINO\buildfolder\powerSupply\arduino_due_x_dbg\Debug/core.a(wiring_digital.c.o)
                              E:\documents\ARDUINO\buildfolder\powerSupply\arduino_due_x_dbg\Debug\powerSupply.cpp.o (pinMode)
E:\documents\ARDUINO\buildfolder\powerSupply\arduino_due_x_dbg\Debug/core.a(main.cpp.o)
                              c:/users/rohit/appdata/local/arduino15/packages/arduino/tools/arm-none-eabi-gcc/4.8.3-2014q1/bin/../lib/gcc/arm-none-eabi/4.8.3/../../../../arm-none-eabi/lib/armv7-m/crt0.o (main)
E:\documents\ARDUINO\buildfolder\powerSupply\arduino_due_x_dbg\Debug/core.a(Print.cpp.o)
                              E:\documents\ARDUINO\buildfolder\powerSupply\arduino_due_x_dbg\Debug\LiquidCrystal\LiquidCrystal.cpp.o (Print::write(unsigned char const*, unsigned int))
E:\documents\ARDUINO\buildfolder\powerSupply\arduino_due_x_dbg\Debug/core.a(Reset.cpp.o)
                              E:\documents\ARDUINO\buildfolder\powerSupply\arduino_due_x_dbg\Debug/core.a(cortex_handlers.c.o) (tickReset)
E:\documents\ARDUINO\buildfolder\powerSupply\arduino_due_x_dbg\Debug/core.a(RingBuffer.cpp.o)
                              E:\documents\ARDUINO\buildfolder\powerSupply\arduino_due_x_dbg\Debug\variant\variant.cpp.o (RingBuffer::RingBuffer())
E:\documents\ARDUINO\buildfolder\powerSupply\arduino_due_x_dbg\Debug/core.a(UARTClass.cpp.o)
                              E:\documents\ARDUINO\buildfolder\powerSupply\arduino_due_x_dbg\Debug\variant\variant.cpp.o (UARTClass::available())
E:\documents\ARDUINO\buildfolder\powerSupply\arduino_due_x_dbg\Debug/core.a(USARTClass.cpp.o)
                              E:\documents\ARDUINO\buildfolder\powerSupply\arduino_due_x_dbg\Debug\variant\variant.cpp.o (USARTClass::USARTClass(Usart*, IRQn, unsigned long, RingBuffer*, RingBuffer*))
E:\documents\ARDUINO\buildfolder\powerSupply\arduino_due_x_dbg\Debug/core.a(watchdog.cpp.o)
                              E:\documents\ARDUINO\buildfolder\powerSupply\arduino_due_x_dbg\Debug/core.a(main.cpp.o) (watchdogSetup())
E:\documents\ARDUINO\buildfolder\powerSupply\arduino_due_x_dbg\Debug/core.a(USBCore.cpp.o)
                              E:\documents\ARDUINO\buildfolder\powerSupply\arduino_due_x_dbg\Debug/core.a(main.cpp.o) (USBDevice_::attach())
[...]
Memory Configuration

Name             Origin             Length             Attributes
rom              0x00080000         0x00080000         xr
sram0            0x20000000         0x00010000         xrw
sram1            0x20080000         0x00008000         xrw
ram              0x20070000         0x00018000         xrw
*default*        0x00000000         0xffffffff

Linker script and memory map

LOAD c:/users/rohit/appdata/local/arduino15/packages/arduino/tools/arm-none-eabi-gcc/4.8.3-2014q1/bin/../lib/gcc/arm-none-eabi/4.8.3/armv7-m/crti.o
LOAD c:/users/rohit/appdata/local/arduino15/packages/arduino/tools/arm-none-eabi-gcc/4.8.3-2014q1/bin/../lib/gcc/arm-none-eabi/4.8.3/armv7-m/crtbegin.o
LOAD c:/users/rohit/appdata/local/arduino15/packages/arduino/tools/arm-none-eabi-gcc/4.8.3-2014q1/bin/../lib/gcc/arm-none-eabi/4.8.3/../../../../arm-none-eabi/lib/armv7-m/crt0.o
START GROUP
LOAD E:\documents\ARDUINO\buildfolder\powerSupply\arduino_due_x_dbg\Debug\powerSupply.cpp.o
LOAD E:\documents\ARDUINO\buildfolder\powerSupply\arduino_due_x_dbg\Debug\LiquidCrystal\LiquidCrystal.cpp.o
LOAD E:\documents\ARDUINO\buildfolder\powerSupply\arduino_due_x_dbg\Debug\Keypad\Key.cpp.o
LOAD E:\documents\ARDUINO\buildfolder\powerSupply\arduino_due_x_dbg\Debug\Keypad\Keypad.cpp.o
LOAD E:\documents\ARDUINO\buildfolder\powerSupply\arduino_due_x_dbg\Debug\variant\variant.cpp.o
LOAD C:\Users\Rohit\AppData\Local\arduino15\packages\arduino\hardware\sam\1.6.11\variants\arduino_due_x/libsam_sam3x8e_gcc_rel.a
LOAD E:\documents\ARDUINO\buildfolder\powerSupply\arduino_due_x_dbg\Debug/core.a
END GROUP
LOAD c:/users/rohit/appdata/local/arduino15/packages/arduino/tools/arm-none-eabi-gcc/4.8.3-2014q1/bin/../lib/gcc/arm-none-eabi/4.8.3/../../../../arm-none-eabi/lib/armv7-m\libm.a
START GROUP
LOAD c:/users/rohit/appdata/local/arduino15/packages/arduino/tools/arm-none-eabi-gcc/4.8.3-2014q1/bin/../lib/gcc/arm-none-eabi/4.8.3/armv7-m\libgcc.a
LOAD c:/users/rohit/appdata/local/arduino15/packages/arduino/tools/arm-none-eabi-gcc/4.8.3-2014q1/bin/../lib/gcc/arm-none-eabi/4.8.3/../../../../arm-none-eabi/lib/armv7-m\libg.a
LOAD c:/users/rohit/appdata/local/arduino15/packages/arduino/tools/arm-none-eabi-gcc/4.8.3-2014q1/bin/../lib/gcc/arm-none-eabi/4.8.3/../../../../arm-none-eabi/lib/armv7-m\libc.a
END GROUP
LOAD c:/users/rohit/appdata/local/arduino15/packages/arduino/tools/arm-none-eabi-gcc/4.8.3-2014q1/bin/../lib/gcc/arm-none-eabi/4.8.3/armv7-m/crtend.o
LOAD c:/users/rohit/appdata/local/arduino15/packages/arduino/tools/arm-none-eabi-gcc/4.8.3-2014q1/bin/../lib/gcc/arm-none-eabi/4.8.3/armv7-m/crtn.o

.text           0x00080000     0x69b0
                0x00080000                . = ALIGN (0x4)
                0x00080000                _sfixed = .
 *(.vectors .vectors.*)
 .vectors       0x00080000       0xf4 C:\Users\Rohit\AppData\Local\arduino15\packages\arduino\hardware\sam\1.6.11\variants\arduino_due_x/libsam_sam3x8e_gcc_rel.a(startup_sam3xa.o)
                0x00080000                exception_table
 *(.text .text.* .gnu.linkonce.t.*)
 .text          0x000800f4       0x54 c:/users/rohit/appdata/local/arduino15/packages/arduino/tools/arm-none-eabi-gcc/4.8.3-2014q1/bin/../lib/gcc/arm-none-eabi/4.8.3/armv7-m/crtbegin.o
 .text.loop     0x00080148      0x138 E:\documents\ARDUINO\buildfolder\powerSupply\arduino_due_x_dbg\Debug\powerSupply.cpp.o
                0x00080148                loop
 .text.startup._GLOBAL__sub_I_lcd
                0x00080280       0x44 E:\documents\ARDUINO\buildfolder\powerSupply\arduino_due_x_dbg\Debug\powerSupply.cpp.o
 .text.setup    0x000802c4       0x70 E:\documents\ARDUINO\buildfolder\powerSupply\arduino_due_x_dbg\Debug\powerSupply.cpp.o
                0x000802c4                setup
 .text._ZN13LiquidCrystal11pulseEnableEv
                0x00080334       0x38 E:\documents\ARDUINO\buildfolder\powerSupply\arduino_due_x_dbg\Debug\LiquidCrystal\LiquidCrystal.cpp.o
                0x00080334                LiquidCrystal::pulseEnable()
 .text._ZN13LiquidCrystal10write4bitsEh
                0x0008036c       0x28 E:\documents\ARDUINO\buildfolder\powerSupply\arduino_due_x_dbg\Debug\LiquidCrystal\LiquidCrystal.cpp.o
                0x0008036c                LiquidCrystal::write4bits(unsigned char)
 .text._ZN13LiquidCrystal10write8bitsEh
                0x00080394       0x28 E:\documents\ARDUINO\buildfolder\powerSupply\arduino_due_x_dbg\Debug\LiquidCrystal\LiquidCrystal.cpp.o
                0x00080394                LiquidCrystal::write8bits(unsigned char)
 .text._ZN13LiquidCrystal4sendEhh
                0x000803bc       0x3e E:\documents\ARDUINO\buildfolder\powerSupply\arduino_due_x_dbg\Debug\LiquidCrystal\LiquidCrystal.cpp.o
                0x000803bc                LiquidCrystal::send(unsigned char, unsigned char)
 .text._ZN13LiquidCrystal7commandEh
                0x000803fa        0x6 E:\documents\ARDUINO\buildfolder\powerSupply\arduino_due_x_dbg\Debug\LiquidCrystal\LiquidCrystal.cpp.o
                0x000803fa                LiquidCrystal::command(unsigned char)
 .text._ZN13LiquidCrystal5clearEv
                0x00080400       0x14 E:\documents\ARDUINO\buildfolder\powerSupply\arduino_due_x_dbg\Debug\LiquidCrystal\LiquidCrystal.cpp.o
                0x00080400                LiquidCrystal::clear()
 .text._ZN13LiquidCrystal9setCursorEhh
                0x00080414       0x26 E:\documents\ARDUINO\buildfolder\powerSupply\arduino_due_x_dbg\Debug\LiquidCrystal\LiquidCrystal.cpp.o
                0x00080414                LiquidCrystal::setCursor(unsigned char, unsigned char)
 .text._ZN13LiquidCrystal7displayEv
                0x0008043a       0x14 E:\documents\ARDUINO\buildfolder\powerSupply\arduino_due_x_dbg\Debug\LiquidCrystal\LiquidCrystal.cpp.o
                0x0008043a                LiquidCrystal::display()
 *fill*         0x0008044e        0x2 
 .text._ZN13LiquidCrystal5beginEhhh
                0x00080450      0x134 E:\documents\ARDUINO\buildfolder\powerSupply\arduino_due_x_dbg\Debug\LiquidCrystal\LiquidCrystal.cpp.o
                0x00080450                LiquidCrystal::begin(unsigned char, unsigned char, unsigned char)
 .text._ZN13LiquidCrystalC2Ehhhhhh
                0x00080584       0x44 E:\documents\ARDUINO\buildfolder\powerSupply\arduino_due_x_dbg\Debug\LiquidCrystal\LiquidCrystal.cpp.o
                0x00080584                LiquidCrystal::LiquidCrystal(unsigned char, unsigned char, unsigned char, unsigned char, unsigned char, unsigned char)
                0x00080584                LiquidCrystal::LiquidCrystal(unsigned char, unsigned char, unsigned char, unsigned char, unsigned char, unsigned char)
 .text._ZN13LiquidCrystal5writeEh
                0x000805c8        0xc E:\documents\ARDUINO\buildfolder\powerSupply\arduino_due_x_dbg\Debug\LiquidCrystal\LiquidCrystal.cpp.o
                0x000805c8                LiquidCrystal::write(unsigned char)
 .text._ZN3KeyC2Ev
                0x000805d4        0xa E:\documents\ARDUINO\buildfolder\powerSupply\arduino_due_x_dbg\Debug\Keypad\Key.cpp.o
                0x000805d4                Key::Key()
                0x000805d4                Key::Key()
 .text._ZN6Keypad8pin_modeEhh
                0x000805de        0x8 E:\documents\ARDUINO\buildfolder\powerSupply\arduino_due_x_dbg\Debug\Keypad\Keypad.cpp.o
                0x000805de                Keypad::pin_mode(unsigned char, unsigned char)
 .text._ZN6Keypad9pin_writeEhb
                0x000805e6        0x8 E:\documents\ARDUINO\buildfolder\powerSupply\arduino_due_x_dbg\Debug\Keypad\Keypad.cpp.o
                0x000805e6                Keypad::pin_write(unsigned char, bool)
 .text._ZN6Keypad8pin_readEh
                0x000805ee        0x6 E:\documents\ARDUINO\buildfolder\powerSupply\arduino_due_x_dbg\Debug\Keypad\Keypad.cpp.o
                0x000805ee                Keypad::pin_read(unsigned char)
 .text._ZN6KeypadC2EPcPhS1_hh
                0x000805f4       0x6c E:\documents\ARDUINO\buildfolder\powerSupply\arduino_due_x_dbg\Debug\Keypad\Keypad.cpp.o
                0x000805f4                Keypad::Keypad(char*, unsigned char*, unsigned char*, unsigned char, unsigned char)
                0x000805f4                Keypad::Keypad(char*, unsigned char*, unsigned char*, unsigned char, unsigned char)
 .text._ZN6Keypad8scanKeysEv
                0x00080660       0xbe E:\documents\ARDUINO\buildfolder\powerSupply\arduino_due_x_dbg\Debug\Keypad\Keypad.cpp.o
                0x00080660                Keypad::scanKeys()
 .text._ZN6Keypad10findInListEi
                0x0008071e       0x1e E:\documents\ARDUINO\buildfolder\powerSupply\arduino_due_x_dbg\Debug\Keypad\Keypad.cpp.o
                0x0008071e                Keypad::findInList(int)
 .text._ZN6Keypad12transitionToEh8KeyState
                0x0008073c       0x30 E:\documents\ARDUINO\buildfolder\powerSupply\arduino_due_x_dbg\Debug\Keypad\Keypad.cpp.o
                0x0008073c                Keypad::transitionTo(unsigned char, KeyState)
 .text._ZN6Keypad12nextKeyStateEhb
                0x0008076c       0x6c E:\documents\ARDUINO\buildfolder\powerSupply\arduino_due_x_dbg\Debug\Keypad\Keypad.cpp.o
                0x0008076c                Keypad::nextKeyState(unsigned char, bool)
 .text._ZN6Keypad10updateListEv
                0x000807d8       0xc6 E:\documents\ARDUINO\buildfolder\powerSupply\arduino_due_x_dbg\Debug\Keypad\Keypad.cpp.o
                0x000807d8                Keypad::updateList()
 .text._ZN6Keypad7getKeysEv
                0x0008089e       0x34 E:\documents\ARDUINO\buildfolder\powerSupply\arduino_due_x_dbg\Debug\Keypad\Keypad.cpp.o
                0x0008089e                Keypad::getKeys()
 .text._ZN6Keypad6getKeyEv
                0x000808d2       0x2c E:\documents\ARDUINO\buildfolder\powerSupply\arduino_due_x_dbg\Debug\Keypad\Keypad.cpp.o
                0x000808d2                Keypad::getKey()
 .text._Z11serialEventv
                0x000808fe        0x2 E:\documents\ARDUINO\buildfolder\powerSupply\arduino_due_x_dbg\Debug\variant\variant.cpp.o
                0x000808fe                serialEvent()
 .text.UART_Handler
                0x00080900        0xc E:\documents\ARDUINO\buildfolder\powerSupply\arduino_due_x_dbg\Debug\variant\variant.cpp.o
                0x00080900                UART_Handler
 .text._Z12serialEvent1v
                0x0008090c        0x2 E:\documents\ARDUINO\buildfolder\powerSupply\arduino_due_x_dbg\Debug\variant\variant.cpp.o
                0x0008090c                serialEvent1()
 .text._Z12serialEvent2v
                0x0008090e        0x2 E:\documents\ARDUINO\buildfolder\powerSupply\arduino_due_x_dbg\Debug\variant\variant.cpp.o
                0x0008090e                serialEvent2()
 .text._Z12serialEvent3v
                0x00080910        0x2 E:\documents\ARDUINO\buildfolder\powerSupply\arduino_due_x_dbg\Debug\variant\variant.cpp.o
                0x00080910                serialEvent3()
 *fill*         0x00080912        0x2 
 .text.USART0_Handler
                0x00080914        0xc E:\documents\ARDUINO\buildfolder\powerSupply\arduino_due_x_dbg\Debug\variant\variant.cpp.o
                0x00080914                USART0_Handler
 .text.USART1_Handler
                0x00080920        0xc E:\documents\ARDUINO\buildfolder\powerSupply\arduino_due_x_dbg\Debug\variant\variant.cpp.o
                0x00080920                USART1_Handler
 .text.USART3_Handler
                0x0008092c        0xc E:\documents\ARDUINO\buildfolder\powerSupply\arduino_due_x_dbg\Debug\variant\variant.cpp.o
                0x0008092c                USART3_Handler
 .text.init     0x00080938      0x128 E:\documents\ARDUINO\buildfolder\powerSupply\arduino_due_x_dbg\Debug\variant\variant.cpp.o
                0x00080938                init
 .text.startup._GLOBAL__sub_I_g_APinDescription
                0x00080a60       0xd4 E:\documents\ARDUINO\buildfolder\powerSupply\arduino_due_x_dbg\Debug\variant\variant.cpp.o
 .text._Z14serialEventRunv
                0x00080b34       0x44 E:\documents\ARDUINO\buildfolder\powerSupply\arduino_due_x_dbg\Debug\variant\variant.cpp.o
                0x00080b34                serialEventRun()
 .text.PIO_PullUp
                0x00080b78        0xa C:\Users\Rohit\AppData\Local\arduino15\packages\arduino\hardware\sam\1.6.11\variants\arduino_due_x/libsam_sam3x8e_gcc_rel.a(pio.o)
                0x00080b78                PIO_PullUp
 .text.PIO_Get  0x00080b82       0x14 C:\Users\Rohit\AppData\Local\arduino15\packages\arduino\hardware\sam\1.6.11\variants\arduino_due_x/libsam_sam3x8e_gcc_rel.a(pio.o)
                0x00080b82                PIO_Get
 .text.PIO_SetPeripheral
                0x00080b96       0x26 C:\Users\Rohit\AppData\Local\arduino15\packages\arduino\hardware\sam\1.6.11\variants\arduino_due_x/libsam_sam3x8e_gcc_rel.a(pio.o)
                0x00080b96                PIO_SetPeripheral
 .text.PIO_SetInput
                0x00080bbc       0x26 C:\Users\Rohit\AppData\Local\arduino15\packages\arduino\hardware\sam\1.6.11\variants\arduino_due_x/libsam_sam3x8e_gcc_rel.a(pio.o)
                0x00080bbc                PIO_SetInput
 .text.PIO_SetOutput
                0x00080be2       0x24 C:\Users\Rohit\AppData\Local\arduino15\packages\arduino\hardware\sam\1.6.11\variants\arduino_due_x/libsam_sam3x8e_gcc_rel.a(pio.o)
                0x00080be2                PIO_SetOutput
 *fill*         0x00080c06        0x2 
 .text.PIO_Configure
                0x00080c08       0x64 C:\Users\Rohit\AppData\Local\arduino15\packages\arduino\hardware\sam\1.6.11\variants\arduino_due_x/libsam_sam3x8e_gcc_rel.a(pio.o)
                0x00080c08                PIO_Configure
 .text.PIO_GetOutputDataStatus
                0x00080c6c       0x14 C:\Users\Rohit\AppData\Local\arduino15\packages\arduino\hardware\sam\1.6.11\variants\arduino_due_x/libsam_sam3x8e_gcc_rel.a(pio.o)
                0x00080c6c                PIO_GetOutputDataStatus
 .text.pmc_enable_upll_clock
                0x00080c80       0x14 C:\Users\Rohit\AppData\Local\arduino15\packages\arduino\hardware\sam\1.6.11\variants\arduino_due_x/libsam_sam3x8e_gcc_rel.a(pmc.o)
                0x00080c80                pmc_enable_upll_clock
 .text.pmc_enable_periph_clk
                0x00080c94       0x44 C:\Users\Rohit\AppData\Local\arduino15\packages\arduino\hardware\sam\1.6.11\variants\arduino_due_x/libsam_sam3x8e_gcc_rel.a(pmc.o)
                0x00080c94                pmc_enable_periph_clk
 .text.pmc_disable_periph_clk
                0x00080cd8       0x40 C:\Users\Rohit\AppData\Local\arduino15\packages\arduino\hardware\sam\1.6.11\variants\arduino_due_x/libsam_sam3x8e_gcc_rel.a(pmc.o)
                0x00080cd8                pmc_disable_periph_clk
 .text.pmc_switch_udpck_to_upllck
                0x00080d18       0x14 C:\Users\Rohit\AppData\Local\arduino15\packages\arduino\hardware\sam\1.6.11\variants\arduino_due_x/libsam_sam3x8e_gcc_rel.a(pmc.o)
                0x00080d18                pmc_switch_udpck_to_upllck
 .text.pmc_enable_udpck
                0x00080d2c        0xc C:\Users\Rohit\AppData\Local\arduino15\packages\arduino\hardware\sam\1.6.11\variants\arduino_due_x/libsam_sam3x8e_gcc_rel.a(pmc.o)
                0x00080d2c                pmc_enable_udpck
 .text.SystemInit
                0x00080d38       0x88 C:\Users\Rohit\AppData\Local\arduino15\packages\arduino\hardware\sam\1.6.11\variants\arduino_due_x/libsam_sam3x8e_gcc_rel.a(system_sam3xa.o)
                0x00080d38                SystemInit
 .text.Reset_Handler
                0x00080dc0       0x78 C:\Users\Rohit\AppData\Local\arduino15\packages\arduino\hardware\sam\1.6.11\variants\arduino_due_x/libsam_sam3x8e_gcc_rel.a(startup_sam3xa.o)
                0x00080dc0                Reset_Handler
 .text.adc_init
                0x00080e38       0x98 C:\Users\Rohit\AppData\Local\arduino15\packages\arduino\hardware\sam\1.6.11\variants\arduino_due_x/libsam_sam3x8e_gcc_rel.a(adc.o)
                0x00080e38                adc_init
 .text.adc_configure_trigger
                0x00080ed0        0xe C:\Users\Rohit\AppData\Local\arduino15\packages\arduino\hardware\sam\1.6.11\variants\arduino_due_x/libsam_sam3x8e_gcc_rel.a(adc.o)
                0x00080ed0                adc_configure_trigger
 .text.adc_configure_timing
                0x00080ede       0x1a C:\Users\Rohit\AppData\Local\arduino15\packages\arduino\hardware\sam\1.6.11\variants\arduino_due_x/libsam_sam3x8e_gcc_rel.a(adc.o)
                0x00080ede                adc_configure_timing
 .text.adc_start
                0x00080ef8        0x6 C:\Users\Rohit\AppData\Local\arduino15\packages\arduino\hardware\sam\1.6.11\variants\arduino_due_x/libsam_sam3x8e_gcc_rel.a(adc.o)
                0x00080ef8                adc_start
 .text.adc_enable_channel
                0x00080efe        0xa C:\Users\Rohit\AppData\Local\arduino15\packages\arduino\hardware\sam\1.6.11\variants\arduino_due_x/libsam_sam3x8e_gcc_rel.a(adc.o)
                0x00080efe                adc_enable_channel
 .text.adc_disable_channel
                0x00080f08        0xa C:\Users\Rohit\AppData\Local\arduino15\packages\arduino\hardware\sam\1.6.11\variants\arduino_due_x/libsam_sam3x8e_gcc_rel.a(adc.o)
                0x00080f08                adc_disable_channel
 .text.adc_disable_all_channel
                0x00080f12        0x8 C:\Users\Rohit\AppData\Local\arduino15\packages\arduino\hardware\sam\1.6.11\variants\arduino_due_x/libsam_sam3x8e_gcc_rel.a(adc.o)
                0x00080f12                adc_disable_all_channel
 .text.adc_get_channel_status
                0x00080f1a        0xa C:\Users\Rohit\AppData\Local\arduino15\packages\arduino\hardware\sam\1.6.11\variants\arduino_due_x/libsam_sam3x8e_gcc_rel.a(adc.o)
                0x00080f1a                adc_get_channel_status
 .text.adc_get_latest_value
                0x00080f24        0x4 C:\Users\Rohit\AppData\Local\arduino15\packages\arduino\hardware\sam\1.6.11\variants\arduino_due_x/libsam_sam3x8e_gcc_rel.a(adc.o)
                0x00080f24                adc_get_latest_value
 .text.adc_disable_interrupt
                0x00080f28        0x4 C:\Users\Rohit\AppData\Local\arduino15\packages\arduino\hardware\sam\1.6.11\variants\arduino_due_x/libsam_sam3x8e_gcc_rel.a(adc.o)
                0x00080f28                adc_disable_interrupt
 .text.adc_get_status
                0x00080f2c        0x4 C:\Users\Rohit\AppData\Local\arduino15\packages\arduino\hardware\sam\1.6.11\variants\arduino_due_x/libsam_sam3x8e_gcc_rel.a(adc.o)
                0x00080f2c                adc_get_status
 .text.UOTGHS_Handler
                0x00080f30       0x10 C:\Users\Rohit\AppData\Local\arduino15\packages\arduino\hardware\sam\1.6.11\variants\arduino_due_x/libsam_sam3x8e_gcc_rel.a(uotghs.o)
                0x00080f30                UOTGHS_Handler
 .text.__halt   0x00080f40        0x2 E:\documents\ARDUINO\buildfolder\powerSupply\arduino_due_x_dbg\Debug/core.a(cortex_handlers.c.o)
                0x00080f40                DACC_Handler
                0x00080f40                DebugMon_Handler
                0x00080f40                DMAC_Handler
                0x00080f40                TRNG_Handler
                0x00080f40                HardFault_Handler
                0x00080f40                TC2_Handler
                0x00080f40                TWI1_Handler
                0x00080f40                NMI_Handler
                0x00080f40                TC7_Handler
                0x00080f40                ADC_Handler
                0x00080f40                SMC_Handler
                0x00080f40                RTT_Handler
                0x00080f40                EFC1_Handler
                0x00080f40                PIOB_Handler
                0x00080f40                RTC_Handler
                0x00080f40                UsageFault_Handler
                0x00080f40                TC6_Handler
                0x00080f40                WDT_Handler
                0x00080f40                CAN0_Handler
                0x00080f40                TC4_Handler
                0x00080f40                TC1_Handler
                0x00080f40                HSMCI_Handler
                0x00080f40                TC3_Handler
                0x00080f40                TWI0_Handler
                0x00080f40                PIOA_Handler
                0x00080f40                SSC_Handler
                0x00080f40                EFC0_Handler
                0x00080f40                PMC_Handler
                0x00080f40                PWM_Handler
                0x00080f40                CAN1_Handler
                0x00080f40                MemManage_Handler
                0x00080f40                SUPC_Handler
                0x00080f40                TC8_Handler
                0x00080f40                USART2_Handler
                0x00080f40                PIOD_Handler
                0x00080f40                EMAC_Handler
                0x00080f40                PIOC_Handler
                0x00080f40                BusFault_Handler
                0x00080f40                RSTC_Handler
                0x00080f40                TC0_Handler
                0x00080f40                TC5_Handler
                0x00080f40                SPI0_Handler
 .text.SVC_Handler
                0x00080f42        0x4 E:\documents\ARDUINO\buildfolder\powerSupply\arduino_due_x_dbg\Debug/core.a(cortex_handlers.c.o)
                0x00080f42                SVC_Handler
 .text.PendSV_Handler
                0x00080f46        0x4 E:\documents\ARDUINO\buildfolder\powerSupply\arduino_due_x_dbg\Debug/core.a(cortex_handlers.c.o)
                0x00080f46                PendSV_Handler
 .text.SysTick_Handler
                0x00080f4a       0x16 E:\documents\ARDUINO\buildfolder\powerSupply\arduino_due_x_dbg\Debug/core.a(cortex_handlers.c.o)
                0x00080f4a                SysTick_Handler
 .text.__empty  0x00080f60        0x2 E:\documents\ARDUINO\buildfolder\powerSupply\arduino_due_x_dbg\Debug/core.a(hooks.c.o)
                0x00080f60                yield
 .text.__false  0x00080f62        0x4 E:\documents\ARDUINO\buildfolder\powerSupply\arduino_due_x_dbg\Debug/core.a(hooks.c.o)
                0x00080f62                sysTickHook
 .text.__halt   0x00080f66        0x2 E:\documents\ARDUINO\buildfolder\powerSupply\arduino_due_x_dbg\Debug/core.a(hooks.c.o)
                0x00080f66                svcHook
                0x00080f66                pendSVHook
 .text._sbrk    0x00080f68       0x1c E:\documents\ARDUINO\buildfolder\powerSupply\arduino_due_x_dbg\Debug/core.a(syscalls_sam3.c.o)
                0x00080f68                _sbrk
 .text.link     0x00080f84        0x6 E:\documents\ARDUINO\buildfolder\powerSupply\arduino_due_x_dbg\Debug/core.a(syscalls_sam3.c.o)
                0x00080f84                link
 .text._close   0x00080f8a        0x6 E:\documents\ARDUINO\buildfolder\powerSupply\arduino_due_x_dbg\Debug/core.a(syscalls_sam3.c.o)
                0x00080f8a                _close
 .text._fstat   0x00080f90        0xa E:\documents\ARDUINO\buildfolder\powerSupply\arduino_due_x_dbg\Debug/core.a(syscalls_sam3.c.o)
                0x00080f90                _fstat
 .text._isatty  0x00080f9a        0x4 E:\documents\ARDUINO\buildfolder\powerSupply\arduino_due_x_dbg\Debug/core.a(syscalls_sam3.c.o)
                0x00080f9a                _isatty
 .text._lseek   0x00080f9e        0x4 E:\documents\ARDUINO\buildfolder\powerSupply\arduino_due_x_dbg\Debug/core.a(syscalls_sam3.c.o)
                0x00080f9e                _lseek
 .text._read    0x00080fa2        0x4 E:\documents\ARDUINO\buildfolder\powerSupply\arduino_due_x_dbg\Debug/core.a(syscalls_sam3.c.o)
                0x00080fa2                _read
 *fill*         0x00080fa6        0x2 
 .text._write   0x00080fa8       0x24 E:\documents\ARDUINO\buildfolder\powerSupply\arduino_due_x_dbg\Debug/core.a(syscalls_sam3.c.o)
                0x00080fa8                _write
 .text._exit    0x00080fcc       0x10 E:\documents\ARDUINO\buildfolder\powerSupply\arduino_due_x_dbg\Debug/core.a(syscalls_sam3.c.o)
                0x00080fcc                _exit
 .text._kill    0x00080fdc        0x2 E:\documents\ARDUINO\buildfolder\powerSupply\arduino_due_x_dbg\Debug/core.a(syscalls_sam3.c.o)
                0x00080fdc                _kill
 .text._getpid  0x00080fde        0x6 E:\documents\ARDUINO\buildfolder\powerSupply\arduino_due_x_dbg\Debug/core.a(syscalls_sam3.c.o)
                0x00080fde                _getpid
 .text.millis   0x00080fe4        0x4 E:\documents\ARDUINO\buildfolder\powerSupply\arduino_due_x_dbg\Debug/core.a(wiring.c.o)
                0x00080fe4                millis
 .text.delay    0x00080fe8       0x1c E:\documents\ARDUINO\buildfolder\powerSupply\arduino_due_x_dbg\Debug/core.a(wiring.c.o)
                0x00080fe8                delay
 .text.mapResolution
                0x00081004       0x12 E:\documents\ARDUINO\buildfolder\powerSupply\arduino_due_x_dbg\Debug/core.a(wiring_analog.c.o)
 *fill*         0x00081016        0x2 
 .text.analogReadResolution
                0x00081018        0xc E:\documents\ARDUINO\buildfolder\powerSupply\arduino_due_x_dbg\Debug/core.a(wiring_analog.c.o)
                0x00081018                analogReadResolution
 .text.analogRead
                0x00081024       0x9c E:\documents\ARDUINO\buildfolder\powerSupply\arduino_due_x_dbg\Debug/core.a(wiring_analog.c.o)
                0x00081024                analogRead
 .text.analogOutputInit
                0x000810c0        0x2 E:\documents\ARDUINO\buildfolder\powerSupply\arduino_due_x_dbg\Debug/core.a(wiring_analog.c.o)
                0x000810c0                analogOutputInit
 *fill*         0x000810c2        0x2 
 .text.analogWrite
                0x000810c4      0x2c0 E:\documents\ARDUINO\buildfolder\powerSupply\arduino_due_x_dbg\Debug/core.a(wiring_analog.c.o)
                0x000810c4                analogWrite
 .text.pinMode  0x00081384      0x108 E:\documents\ARDUINO\buildfolder\powerSupply\arduino_due_x_dbg\Debug/core.a(wiring_digital.c.o)
                0x00081384                pinMode
 .text.digitalWrite
                0x0008148c       0x70 E:\documents\ARDUINO\buildfolder\powerSupply\arduino_due_x_dbg\Debug/core.a(wiring_digital.c.o)
                0x0008148c                digitalWrite
 .text.digitalRead
                0x000814fc       0x44 E:\documents\ARDUINO\buildfolder\powerSupply\arduino_due_x_dbg\Debug/core.a(wiring_digital.c.o)
                0x000814fc                digitalRead
 .text.initVariant
                0x00081540        0x2 E:\documents\ARDUINO\buildfolder\powerSupply\arduino_due_x_dbg\Debug/core.a(main.cpp.o)
                0x00081540                initVariant
 *fill*         0x00081542        0x2 
 .text.startup.main
                0x00081544       0x38 E:\documents\ARDUINO\buildfolder\powerSupply\arduino_due_x_dbg\Debug/core.a(main.cpp.o)
                0x00081544                main
 .text._ZN5Print5writeEPKhj
                0x0008157c       0x22 E:\documents\ARDUINO\buildfolder\powerSupply\arduino_due_x_dbg\Debug/core.a(Print.cpp.o)
                0x0008157c                Print::write(unsigned char const*, unsigned int)
 .text._ZN5Print5writeEPKc
                0x0008159e       0x1e E:\documents\ARDUINO\buildfolder\powerSupply\arduino_due_x_dbg\Debug/core.a(Print.cpp.o)
                0x0008159e                Print::write(char const*)
 .text._ZN5Print5printEPKc
                0x000815bc        0x8 E:\documents\ARDUINO\buildfolder\powerSupply\arduino_due_x_dbg\Debug/core.a(Print.cpp.o)
                0x000815bc                Print::print(char const*)
 .text._ZN5Print5printEc
                0x000815c4        0xa E:\documents\ARDUINO\buildfolder\powerSupply\arduino_due_x_dbg\Debug/core.a(Print.cpp.o)
                0x000815c4                Print::print(char)
 .text._ZN5Print11printNumberEmh
                0x000815ce       0x3e E:\documents\ARDUINO\buildfolder\powerSupply\arduino_due_x_dbg\Debug/core.a(Print.cpp.o)
                0x000815ce                Print::printNumber(unsigned long, unsigned char)
 .text._ZN5Print5printEli
                0x0008160c       0x3c E:\documents\ARDUINO\buildfolder\powerSupply\arduino_due_x_dbg\Debug/core.a(Print.cpp.o)
                0x0008160c                Print::print(long, int)
 .text._ZN5Print5printEii
                0x00081648        0x4 E:\documents\ARDUINO\buildfolder\powerSupply\arduino_due_x_dbg\Debug/core.a(Print.cpp.o)
                0x00081648                Print::print(int, int)
 .text.initiateReset
                0x0008164c        0xc E:\documents\ARDUINO\buildfolder\powerSupply\arduino_due_x_dbg\Debug/core.a(Reset.cpp.o)
                0x0008164c                initiateReset
 .text.cancelReset
                0x00081658       0x10 E:\documents\ARDUINO\buildfolder\powerSupply\arduino_due_x_dbg\Debug/core.a(Reset.cpp.o)
                0x00081658                cancelReset
 .text.tickReset
                0x00081668       0x20 E:\documents\ARDUINO\buildfolder\powerSupply\arduino_due_x_dbg\Debug/core.a(Reset.cpp.o)
                0x00081668                tickReset
 .text._ZN10RingBufferC2Ev
                0x00081688       0x1a E:\documents\ARDUINO\buildfolder\powerSupply\arduino_due_x_dbg\Debug/core.a(RingBuffer.cpp.o)
                0x00081688                RingBuffer::RingBuffer()
                0x00081688                RingBuffer::RingBuffer()
 .text._ZN10RingBuffer10store_charEh
                0x000816a2       0x1e E:\documents\ARDUINO\buildfolder\powerSupply\arduino_due_x_dbg\Debug/core.a(RingBuffer.cpp.o)
                0x000816a2                RingBuffer::store_char(unsigned char)
 .text._ZN9UARTClasscvbEv
                0x000816c0        0x4 E:\documents\ARDUINO\buildfolder\powerSupply\arduino_due_x_dbg\Debug/core.a(UARTClass.cpp.o)
                0x000816c0                UARTClass::operator bool()
 .text._ZN9UARTClass9availableEv
                0x000816c4       0x12 E:\documents\ARDUINO\buildfolder\powerSupply\arduino_due_x_dbg\Debug/core.a(UARTClass.cpp.o)
                0x000816c4                UARTClass::available()
 .text._ZN9UARTClass4peekEv
                0x000816d6       0x1c E:\documents\ARDUINO\buildfolder\powerSupply\arduino_due_x_dbg\Debug/core.a(UARTClass.cpp.o)
                0x000816d6                UARTClass::peek()
 .text._ZN9UARTClass4readEv
                0x000816f2       0x2a E:\documents\ARDUINO\buildfolder\powerSupply\arduino_due_x_dbg\Debug/core.a(UARTClass.cpp.o)
                0x000816f2                UARTClass::read()
 .text._ZN9UARTClass5flushEv
                0x0008171c       0x18 E:\documents\ARDUINO\buildfolder\powerSupply\arduino_due_x_dbg\Debug/core.a(UARTClass.cpp.o)
                0x0008171c                UARTClass::flush()
 .text._ZN9UARTClass5writeEh
                0x00081734       0x54 E:\documents\ARDUINO\buildfolder\powerSupply\arduino_due_x_dbg\Debug/core.a(UARTClass.cpp.o)
                0x00081734                UARTClass::write(unsigned char)
 .text._ZN9UARTClass3endEv
                0x00081788       0x3c E:\documents\ARDUINO\buildfolder\powerSupply\arduino_due_x_dbg\Debug/core.a(UARTClass.cpp.o)
                0x00081788                UARTClass::end()
 .text._ZN9UARTClassC2EP4Uart4IRQnmP10RingBufferS4_
                0x000817c4       0x24 E:\documents\ARDUINO\buildfolder\powerSupply\arduino_due_x_dbg\Debug/core.a(UARTClass.cpp.o)
                0x000817c4                UARTClass::UARTClass(Uart*, IRQn, unsigned long, RingBuffer*, RingBuffer*)
                0x000817c4                UARTClass::UARTClass(Uart*, IRQn, unsigned long, RingBuffer*, RingBuffer*)
 .text._ZN9UARTClass4initEmm
                0x000817e8       0x70 E:\documents\ARDUINO\buildfolder\powerSupply\arduino_due_x_dbg\Debug/core.a(UARTClass.cpp.o)
                0x000817e8                UARTClass::init(unsigned long, unsigned long)
 .text._ZN9UARTClass5beginEm
                0x00081858        0x8 E:\documents\ARDUINO\buildfolder\powerSupply\arduino_due_x_dbg\Debug/core.a(UARTClass.cpp.o)
                0x00081858                UARTClass::begin(unsigned long)
 .text._ZN9UARTClass10IrqHandlerEv
                0x00081860       0x5a E:\documents\ARDUINO\buildfolder\powerSupply\arduino_due_x_dbg\Debug/core.a(UARTClass.cpp.o)
                0x00081860                UARTClass::IrqHandler()
 .text._ZN10USARTClass5beginEm
                0x000818ba        0x8 E:\documents\ARDUINO\buildfolder\powerSupply\arduino_due_x_dbg\Debug/core.a(USARTClass.cpp.o)
                0x000818ba                USARTClass::begin(unsigned long)
 *fill*         0x000818c2        0x2 
 .text._ZN10USARTClassC2EP5Usart4IRQnmP10RingBufferS4_
                0x000818c4       0x24 E:\documents\ARDUINO\buildfolder\powerSupply\arduino_due_x_dbg\Debug/core.a(USARTClass.cpp.o)
                0x000818c4                USARTClass::USARTClass(Usart*, IRQn, unsigned long, RingBuffer*, RingBuffer*)
                0x000818c4                USARTClass::USARTClass(Usart*, IRQn, unsigned long, RingBuffer*, RingBuffer*)
 .text._watchdogDefaultSetup
                0x000818e8        0xc E:\documents\ARDUINO\buildfolder\powerSupply\arduino_due_x_dbg\Debug/core.a(watchdog.cpp.o)
                0x000818e8                _watchdogDefaultSetup
                0x000818e8                watchdogSetup()
 .text.unlikely._ZL11USB_SendZlpv
                0x000818f4       0x20 E:\documents\ARDUINO\buildfolder\powerSupply\arduino_due_x_dbg\Debug/core.a(USBCore.cpp.o)
 .text._Z14USBD_Availablem
                0x00081914       0x2c E:\documents\ARDUINO\buildfolder\powerSupply\arduino_due_x_dbg\Debug/core.a(USBCore.cpp.o)
                0x00081914                USBD_Available(unsigned long)
 .text._Z9USBD_RecvmPvm
                0x00081940       0x7c E:\documents\ARDUINO\buildfolder\powerSupply\arduino_due_x_dbg\Debug/core.a(USBCore.cpp.o)
                0x00081940                USBD_Recv(unsigned long, void*, unsigned long)
 .text._Z9USBD_Recvm
                0x000819bc       0x22 E:\documents\ARDUINO\buildfolder\powerSupply\arduino_due_x_dbg\Debug/core.a(USBCore.cpp.o)
                0x000819bc                USBD_Recv(unsigned long)
 *fill*         0x000819de        0x2 
 .text._Z9USBD_SendmPKvm
                0x000819e0       0x4c E:\documents\ARDUINO\buildfolder\powerSupply\arduino_due_x_dbg\Debug/core.a(USBCore.cpp.o)
                0x000819e0                USBD_Send(unsigned long, void const*, unsigned long)
 .text._Z16USBD_SendControlhPKvm
                0x00081a2c       0x40 E:\documents\ARDUINO\buildfolder\powerSupply\arduino_due_x_dbg\Debug/core.a(USBCore.cpp.o)
                0x00081a2c                USBD_SendControl(unsigned char, void const*, unsigned long)
 .text.unlikely._ZL24USB_SendStringDescriptorPKhi
                0x00081a6c       0x64 E:\documents\ARDUINO\buildfolder\powerSupply\arduino_due_x_dbg\Debug/core.a(USBCore.cpp.o)
 .text._Z16USBD_RecvControlPvm
                0x00081ad0       0x1c E:\documents\ARDUINO\buildfolder\powerSupply\arduino_due_x_dbg\Debug/core.a(USBCore.cpp.o)
                0x00081ad0                USBD_RecvControl(void*, unsigned long)
 .text._Z26USBD_ClassInterfaceRequestR8USBSetup
                0x00081aec       0x1e E:\documents\ARDUINO\buildfolder\powerSupply\arduino_due_x_dbg\Debug/core.a(USBCore.cpp.o)
                0x00081aec                USBD_ClassInterfaceRequest(USBSetup&)
 .text._Z19USBD_SendInterfacesv
                0x00081b0a       0x22 E:\documents\ARDUINO\buildfolder\powerSupply\arduino_due_x_dbg\Debug/core.a(USBCore.cpp.o)
                0x00081b0a                USBD_SendInterfaces()
 .text._Z24USBD_SendOtherInterfacesv
                0x00081b2c       0x22 E:\documents\ARDUINO\buildfolder\powerSupply\arduino_due_x_dbg\Debug/core.a(USBCore.cpp.o)
                0x00081b2c                USBD_SendOtherInterfaces()
 .text._Z10USBD_Flushm
                0x00081b4e       0x16 E:\documents\ARDUINO\buildfolder\powerSupply\arduino_due_x_dbg\Debug/core.a(USBCore.cpp.o)
                0x00081b4e                USBD_Flush(unsigned long)
 .text._ZN10USBDevice_C2Ev
                0x00081b64       0x24 E:\documents\ARDUINO\buildfolder\powerSupply\arduino_due_x_dbg\Debug/core.a(USBCore.cpp.o)
                0x00081b64                USBDevice_::USBDevice_()
                0x00081b64                USBDevice_::USBDevice_()
 .text._ZN10USBDevice_6attachEv
                0x00081b88       0x20 E:\documents\ARDUINO\buildfolder\powerSupply\arduino_due_x_dbg\Debug/core.a(USBCore.cpp.o)
                0x00081b88                USBDevice_::attach()
 .text.startup._GLOBAL__sub_I_EndPoints
                0x00081ba8        0xc E:\documents\ARDUINO\buildfolder\powerSupply\arduino_due_x_dbg\Debug/core.a(USBCore.cpp.o)
 .text._ZL7USB_ISRv
                0x00081bb4      0x454 E:\documents\ARDUINO\buildfolder\powerSupply\arduino_due_x_dbg\Debug/core.a(USBCore.cpp.o)
 .text._ZN7Serial_9availableEv
                0x00082008       0x18 E:\documents\ARDUINO\buildfolder\powerSupply\arduino_due_x_dbg\Debug/core.a(CDC.cpp.o)
                0x00082008                Serial_::available()
 .text._ZN7Serial_17availableForWriteEv
                0x00082020        0x6 E:\documents\ARDUINO\buildfolder\powerSupply\arduino_due_x_dbg\Debug/core.a(CDC.cpp.o)
                0x00082020                Serial_::availableForWrite()
 *fill*         0x00082026        0x2 
 .text._ZN7Serial_4peekEv
                0x00082028       0x20 E:\documents\ARDUINO\buildfolder\powerSupply\arduino_due_x_dbg\Debug/core.a(CDC.cpp.o)
                0x00082028                Serial_::peek()
 .text._ZN7Serial_5writeEh
                0x00082048       0x16 E:\documents\ARDUINO\buildfolder\powerSupply\arduino_due_x_dbg\Debug/core.a(CDC.cpp.o)
                0x00082048                Serial_::write(unsigned char)
 *fill*         0x0008205e        0x2 
 .text._ZN7Serial_4readEv
                0x00082060       0x44 E:\documents\ARDUINO\buildfolder\powerSupply\arduino_due_x_dbg\Debug/core.a(CDC.cpp.o)
                0x00082060                Serial_::read()
 .text._ZN7Serial_5flushEv
                0x000820a4        0x6 E:\documents\ARDUINO\buildfolder\powerSupply\arduino_due_x_dbg\Debug/core.a(CDC.cpp.o)
                0x000820a4                Serial_::flush()
 *fill*         0x000820aa        0x2 
 .text._ZN7Serial_6acceptEv
                0x000820ac       0x70 E:\documents\ARDUINO\buildfolder\powerSupply\arduino_due_x_dbg\Debug/core.a(CDC.cpp.o)
                0x000820ac                Serial_::accept()
 .text._ZN7Serial_5writeEPKhj
                0x0008211c       0x2c E:\documents\ARDUINO\buildfolder\powerSupply\arduino_due_x_dbg\Debug/core.a(CDC.cpp.o)
                0x0008211c                Serial_::write(unsigned char const*, unsigned int)
 .text._Z16CDC_GetInterfacePh
                0x00082148       0x14 E:\documents\ARDUINO\buildfolder\powerSupply\arduino_due_x_dbg\Debug/core.a(CDC.cpp.o)
                0x00082148                CDC_GetInterface(unsigned char*)
 .text._Z21CDC_GetOtherInterfacePh
                0x0008215c       0x14 E:\documents\ARDUINO\buildfolder\powerSupply\arduino_due_x_dbg\Debug/core.a(CDC.cpp.o)
                0x0008215c                CDC_GetOtherInterface(unsigned char*)
 .text._Z9CDC_SetupR8USBSetup
                0x00082170       0x78 E:\documents\ARDUINO\buildfolder\powerSupply\arduino_due_x_dbg\Debug/core.a(CDC.cpp.o)
                0x00082170                CDC_Setup(USBSetup&)
 .text.startup._GLOBAL__sub_I_cdc_rx_buffer
                0x000821e8       0x1c E:\documents\ARDUINO\buildfolder\powerSupply\arduino_due_x_dbg\Debug/core.a(CDC.cpp.o)
 .text._ZN13PluggableUSB_12getInterfaceEPh
                0x00082204       0x28 E:\documents\ARDUINO\buildfolder\powerSupply\arduino_due_x_dbg\Debug/core.a(PluggableUSB.cpp.o)
                0x00082204                PluggableUSB_::getInterface(unsigned char*)
 .text._ZN13PluggableUSB_13getDescriptorER8USBSetup
                0x0008222c       0x1c E:\documents\ARDUINO\buildfolder\powerSupply\arduino_due_x_dbg\Debug/core.a(PluggableUSB.cpp.o)
                0x0008222c                PluggableUSB_::getDescriptor(USBSetup&)
 .text._ZN13PluggableUSB_12getShortNameEPc
                0x00082248       0x1c E:\documents\ARDUINO\buildfolder\powerSupply\arduino_due_x_dbg\Debug/core.a(PluggableUSB.cpp.o)
                0x00082248                PluggableUSB_::getShortName(char*)
 .text._ZN13PluggableUSB_5setupER8USBSetup
                0x00082264       0x20 E:\documents\ARDUINO\buildfolder\powerSupply\arduino_due_x_dbg\Debug/core.a(PluggableUSB.cpp.o)
                0x00082264                PluggableUSB_::setup(USBSetup&)
 .text._Z12PluggableUSBv
                0x00082284       0x28 E:\documents\ARDUINO\buildfolder\powerSupply\arduino_due_x_dbg\Debug/core.a(PluggableUSB.cpp.o)
                0x00082284                PluggableUSB()
 .text.FindClockConfiguration
                0x000822ac       0x7c C:\Users\Rohit\AppData\Local\arduino15\packages\arduino\hardware\sam\1.6.11\variants\arduino_due_x/libsam_sam3x8e_gcc_rel.a(pwmc.o)
 .text.PWMC_ConfigureChannel
                0x00082328       0x60 C:\Users\Rohit\AppData\Local\arduino15\packages\arduino\hardware\sam\1.6.11\variants\arduino_due_x/libsam_sam3x8e_gcc_rel.a(pwmc.o)
                0x00082328                PWMC_ConfigureChannel
 .text.PWMC_ConfigureClocks
                0x00082388       0x54 C:\Users\Rohit\AppData\Local\arduino15\packages\arduino\hardware\sam\1.6.11\variants\arduino_due_x/libsam_sam3x8e_gcc_rel.a(pwmc.o)
                0x00082388                PWMC_ConfigureClocks
 .text.PWMC_SetPeriod
                0x000823dc       0x1a C:\Users\Rohit\AppData\Local\arduino15\packages\arduino\hardware\sam\1.6.11\variants\arduino_due_x/libsam_sam3x8e_gcc_rel.a(pwmc.o)
                0x000823dc                PWMC_SetPeriod
 *fill*         0x000823f6        0x2 
 .text.PWMC_SetDutyCycle
                0x000823f8       0x44 C:\Users\Rohit\AppData\Local\arduino15\packages\arduino\hardware\sam\1.6.11\variants\arduino_due_x/libsam_sam3x8e_gcc_rel.a(pwmc.o)
                0x000823f8                PWMC_SetDutyCycle
 .text.PWMC_EnableChannel
                0x0008243c        0xa C:\Users\Rohit\AppData\Local\arduino15\packages\arduino\hardware\sam\1.6.11\variants\arduino_due_x/libsam_sam3x8e_gcc_rel.a(pwmc.o)
                0x0008243c                PWMC_EnableChannel
 *fill*         0x00082446        0x2 
 .text.TC_Configure
                0x00082448       0x38 C:\Users\Rohit\AppData\Local\arduino15\packages\arduino\hardware\sam\1.6.11\variants\arduino_due_x/libsam_sam3x8e_gcc_rel.a(tc.o)
                0x00082448                TC_Configure
 .text.TC_Start
                0x00082480       0x2c C:\Users\Rohit\AppData\Local\arduino15\packages\arduino\hardware\sam\1.6.11\variants\arduino_due_x/libsam_sam3x8e_gcc_rel.a(tc.o)
                0x00082480                TC_Start
 .text.TC_SetRA
                0x000824ac        0x8 C:\Users\Rohit\AppData\Local\arduino15\packages\arduino\hardware\sam\1.6.11\variants\arduino_due_x/libsam_sam3x8e_gcc_rel.a(tc.o)
                0x000824ac                TC_SetRA
 .text.TC_SetRB
                0x000824b4        0x8 C:\Users\Rohit\AppData\Local\arduino15\packages\arduino\hardware\sam\1.6.11\variants\arduino_due_x/libsam_sam3x8e_gcc_rel.a(tc.o)
                0x000824b4                TC_SetRB
 .text.TC_SetRC
                0x000824bc        0x8 C:\Users\Rohit\AppData\Local\arduino15\packages\arduino\hardware\sam\1.6.11\variants\arduino_due_x/libsam_sam3x8e_gcc_rel.a(tc.o)
                0x000824bc                TC_SetRC
 .text.TimeTick_Increment
                0x000824c4       0x10 C:\Users\Rohit\AppData\Local\arduino15\packages\arduino\hardware\sam\1.6.11\variants\arduino_due_x/libsam_sam3x8e_gcc_rel.a(timetick.o)
                0x000824c4                TimeTick_Increment
 .text.GetTickCount
                0x000824d4        0xc C:\Users\Rohit\AppData\Local\arduino15\packages\arduino\hardware\sam\1.6.11\variants\arduino_due_x/libsam_sam3x8e_gcc_rel.a(timetick.o)
                0x000824d4                GetTickCount
 .text.WDT_Disable
                0x000824e0        0x8 C:\Users\Rohit\AppData\Local\arduino15\packages\arduino\hardware\sam\1.6.11\variants\arduino_due_x/libsam_sam3x8e_gcc_rel.a(wdt.o)
                0x000824e0                WDT_Disable
 .text.UDD_SetStack
                0x000824e8        0xc C:\Users\Rohit\AppData\Local\arduino15\packages\arduino\hardware\sam\1.6.11\variants\arduino_due_x/libsam_sam3x8e_gcc_rel.a(uotghs_device.o)
                0x000824e8                UDD_SetStack
 .text.UDD_Init
                0x000824f4       0xd0 C:\Users\Rohit\AppData\Local\arduino15\packages\arduino\hardware\sam\1.6.11\variants\arduino_due_x/libsam_sam3x8e_gcc_rel.a(uotghs_device.o)
                0x000824f4                UDD_Init
 .text.UDD_Attach
                0x000825c4       0x50 C:\Users\Rohit\AppData\Local\arduino15\packages\arduino\hardware\sam\1.6.11\variants\arduino_due_x/libsam_sam3x8e_gcc_rel.a(uotghs_device.o)
                0x000825c4                UDD_Attach
 .text.UDD_InitEP
                0x00082614       0x2c C:\Users\Rohit\AppData\Local\arduino15\packages\arduino\hardware\sam\1.6.11\variants\arduino_due_x/libsam_sam3x8e_gcc_rel.a(uotghs_device.o)
                0x00082614                UDD_InitEP
 .text.UDD_InitEndpoints
                0x00082640       0x3c C:\Users\Rohit\AppData\Local\arduino15\packages\arduino\hardware\sam\1.6.11\variants\arduino_due_x/libsam_sam3x8e_gcc_rel.a(uotghs_device.o)
                0x00082640                UDD_InitEndpoints
 .text.UDD_WaitIN
                0x0008267c       0x10 C:\Users\Rohit\AppData\Local\arduino15\packages\arduino\hardware\sam\1.6.11\variants\arduino_due_x/libsam_sam3x8e_gcc_rel.a(uotghs_device.o)
                0x0008267c                UDD_WaitIN
 .text.UDD_WaitOUT
                0x0008268c       0x10 C:\Users\Rohit\AppData\Local\arduino15\packages\arduino\hardware\sam\1.6.11\variants\arduino_due_x/libsam_sam3x8e_gcc_rel.a(uotghs_device.o)
                0x0008268c                UDD_WaitOUT
 .text.UDD_ClearIN
                0x0008269c       0x18 C:\Users\Rohit\AppData\Local\arduino15\packages\arduino\hardware\sam\1.6.11\variants\arduino_due_x/libsam_sam3x8e_gcc_rel.a(uotghs_device.o)
                0x0008269c                UDD_ClearIN
 .text.UDD_ClearOUT
                0x000826b4       0x18 C:\Users\Rohit\AppData\Local\arduino15\packages\arduino\hardware\sam\1.6.11\variants\arduino_due_x/libsam_sam3x8e_gcc_rel.a(uotghs_device.o)
                0x000826b4                UDD_ClearOUT
 .text.UDD_ReceivedSetupInt
                0x000826cc       0x10 C:\Users\Rohit\AppData\Local\arduino15\packages\arduino\hardware\sam\1.6.11\variants\arduino_due_x/libsam_sam3x8e_gcc_rel.a(uotghs_device.o)
                0x000826cc                UDD_ReceivedSetupInt
 .text.UDD_ClearSetupInt
                0x000826dc       0x10 C:\Users\Rohit\AppData\Local\arduino15\packages\arduino\hardware\sam\1.6.11\variants\arduino_due_x/libsam_sam3x8e_gcc_rel.a(uotghs_device.o)
                0x000826dc                UDD_ClearSetupInt
 .text.UDD_Send
                0x000826ec       0x88 C:\Users\Rohit\AppData\Local\arduino15\packages\arduino\hardware\sam\1.6.11\variants\arduino_due_x/libsam_sam3x8e_gcc_rel.a(uotghs_device.o)
                0x000826ec                UDD_Send
 .text.UDD_Send8
                0x00082774       0x24 C:\Users\Rohit\AppData\Local\arduino15\packages\arduino\hardware\sam\1.6.11\variants\arduino_due_x/libsam_sam3x8e_gcc_rel.a(uotghs_device.o)
                0x00082774                UDD_Send8
 .text.UDD_Recv8
                0x00082798       0x28 C:\Users\Rohit\AppData\Local\arduino15\packages\arduino\hardware\sam\1.6.11\variants\arduino_due_x/libsam_sam3x8e_gcc_rel.a(uotghs_device.o)
                0x00082798                UDD_Recv8
 .text.UDD_Recv
                0x000827c0       0x34 C:\Users\Rohit\AppData\Local\arduino15\packages\arduino\hardware\sam\1.6.11\variants\arduino_due_x/libsam_sam3x8e_gcc_rel.a(uotghs_device.o)
                0x000827c0                UDD_Recv
 .text.UDD_Stall
                0x000827f4       0x14 C:\Users\Rohit\AppData\Local\arduino15\packages\arduino\hardware\sam\1.6.11\variants\arduino_due_x/libsam_sam3x8e_gcc_rel.a(uotghs_device.o)
                0x000827f4                UDD_Stall
 .text.UDD_FifoByteCount
                0x00082808       0x14 C:\Users\Rohit\AppData\Local\arduino15\packages\arduino\hardware\sam\1.6.11\variants\arduino_due_x/libsam_sam3x8e_gcc_rel.a(uotghs_device.o)
                0x00082808                UDD_FifoByteCount
 .text.UDD_ReleaseRX
                0x0008281c       0x28 C:\Users\Rohit\AppData\Local\arduino15\packages\arduino\hardware\sam\1.6.11\variants\arduino_due_x/libsam_sam3x8e_gcc_rel.a(uotghs_device.o)
                0x0008281c                UDD_ReleaseRX
 .text.UDD_ReleaseTX
                0x00082844       0x28 C:\Users\Rohit\AppData\Local\arduino15\packages\arduino\hardware\sam\1.6.11\variants\arduino_due_x/libsam_sam3x8e_gcc_rel.a(uotghs_device.o)
                0x00082844                UDD_ReleaseTX
 .text.UDD_SetAddress
                0x0008286c       0x20 C:\Users\Rohit\AppData\Local\arduino15\packages\arduino\hardware\sam\1.6.11\variants\arduino_due_x/libsam_sam3x8e_gcc_rel.a(uotghs_device.o)
                0x0008286c                UDD_SetAddress
 .text.dacc_reset
                0x0008288c        0x6 C:\Users\Rohit\AppData\Local\arduino15\packages\arduino\hardware\sam\1.6.11\variants\arduino_due_x/libsam_sam3x8e_gcc_rel.a(dacc.o)
                0x0008288c                dacc_reset
 .text.dacc_set_transfer_mode
                0x00082892       0x14 C:\Users\Rohit\AppData\Local\arduino15\packages\arduino\hardware\sam\1.6.11\variants\arduino_due_x/libsam_sam3x8e_gcc_rel.a(dacc.o)
                0x00082892                dacc_set_transfer_mode
 .text.dacc_get_interrupt_status
                0x000828a6        0x4 C:\Users\Rohit\AppData\Local\arduino15\packages\arduino\hardware\sam\1.6.11\variants\arduino_due_x/libsam_sam3x8e_gcc_rel.a(dacc.o)
                0x000828a6                dacc_get_interrupt_status
 .text.dacc_write_conversion_data
                0x000828aa        0x4 C:\Users\Rohit\AppData\Local\arduino15\packages\arduino\hardware\sam\1.6.11\variants\arduino_due_x/libsam_sam3x8e_gcc_rel.a(dacc.o)
                0x000828aa                dacc_write_conversion_data
 .text.dacc_set_channel_selection
                0x000828ae       0x18 C:\Users\Rohit\AppData\Local\arduino15\packages\arduino\hardware\sam\1.6.11\variants\arduino_due_x/libsam_sam3x8e_gcc_rel.a(dacc.o)
                0x000828ae                dacc_set_channel_selection
 .text.dacc_set_power_save
                0x000828c6       0x24 C:\Users\Rohit\AppData\Local\arduino15\packages\arduino\hardware\sam\1.6.11\variants\arduino_due_x/libsam_sam3x8e_gcc_rel.a(dacc.o)
                0x000828c6                dacc_set_power_save
 .text.dacc_set_timing
                0x000828ea       0x2c C:\Users\Rohit\AppData\Local\arduino15\packages\arduino\hardware\sam\1.6.11\variants\arduino_due_x/libsam_sam3x8e_gcc_rel.a(dacc.o)
                0x000828ea                dacc_set_timing
 .text.dacc_enable_channel
                0x00082916       0x12 C:\Users\Rohit\AppData\Local\arduino15\packages\arduino\hardware\sam\1.6.11\variants\arduino_due_x/libsam_sam3x8e_gcc_rel.a(dacc.o)
                0x00082916                dacc_enable_channel
 .text.dacc_get_channel_status
                0x00082928        0x4 C:\Users\Rohit\AppData\Local\arduino15\packages\arduino\hardware\sam\1.6.11\variants\arduino_due_x/libsam_sam3x8e_gcc_rel.a(dacc.o)
                0x00082928                dacc_get_channel_status
 .text.dacc_set_analog_control
                0x0008292c        0x8 C:\Users\Rohit\AppData\Local\arduino15\packages\arduino\hardware\sam\1.6.11\variants\arduino_due_x/libsam_sam3x8e_gcc_rel.a(dacc.o)
                0x0008292c                dacc_set_analog_control
 .text.__assert_func
                0x00082934       0x3c c:/users/rohit/appdata/local/arduino15/packages/arduino/tools/arm-none-eabi-gcc/4.8.3-2014q1/bin/../lib/gcc/arm-none-eabi/4.8.3/../../../../arm-none-eabi/lib/armv7-m\libg.a(lib_a-assert.o)
                0x00082934                __assert_func
 .text.fiprintf
                0x00082970       0x28 c:/users/rohit/appdata/local/arduino15/packages/arduino/tools/arm-none-eabi-gcc/4.8.3-2014q1/bin/../lib/gcc/arm-none-eabi/4.8.3/../../../../arm-none-eabi/lib/armv7-m\libg.a(lib_a-fiprintf.o)
                0x00082970                fiprintf
 .text.__libc_init_array
                0x00082998       0x50 c:/users/rohit/appdata/local/arduino15/packages/arduino/tools/arm-none-eabi-gcc/4.8.3-2014q1/bin/../lib/gcc/arm-none-eabi/4.8.3/../../../../arm-none-eabi/lib/armv7-m\libg.a(lib_a-init.o)
                0x00082998                __libc_init_array
 .text.iprintf  0x000829e8       0x28 c:/users/rohit/appdata/local/arduino15/packages/arduino/tools/arm-none-eabi-gcc/4.8.3-2014q1/bin/../lib/gcc/arm-none-eabi/4.8.3/../../../../arm-none-eabi/lib/armv7-m\libg.a(lib_a-iprintf.o)
                0x000829e8                iprintf
 .text.memset   0x00082a10       0x94 c:/users/rohit/appdata/local/arduino15/packages/arduino/tools/arm-none-eabi-gcc/4.8.3-2014q1/bin/../lib/gcc/arm-none-eabi/4.8.3/../../../../arm-none-eabi/lib/armv7-m\libg.a(lib_a-memset.o)
                0x00082a10                memset
 .text.strlen   0x00082aa4       0x60 c:/users/rohit/appdata/local/arduino15/packages/arduino/tools/arm-none-eabi-gcc/4.8.3-2014q1/bin/../lib/gcc/arm-none-eabi/4.8.3/../../../../arm-none-eabi/lib/armv7-m\libg.a(lib_a-strlen.o)
                0x00082aa4                strlen
 .text.kill     0x00082b04       0x10 c:/users/rohit/appdata/local/arduino15/packages/arduino/tools/arm-none-eabi-gcc/4.8.3-2014q1/bin/../lib/gcc/arm-none-eabi/4.8.3/../../../../arm-none-eabi/lib/armv7-m\libg.a(lib_a-syskill.o)
                0x00082b04                kill
 .text.__sprint_r.part.0
                0x00082b14       0x78 c:/users/rohit/appdata/local/arduino15/packages/arduino/tools/arm-none-eabi-gcc/4.8.3-2014q1/bin/../lib/gcc/arm-none-eabi/4.8.3/../../../../arm-none-eabi/lib/armv7-m\libg.a(lib_a-vfiprintf.o)
 .text._vfiprintf_r
                0x00082b8c      0xc54 c:/users/rohit/appdata/local/arduino15/packages/arduino/tools/arm-none-eabi-gcc/4.8.3-2014q1/bin/../lib/gcc/arm-none-eabi/4.8.3/../../../../arm-none-eabi/lib/armv7-m\libg.a(lib_a-vfiprintf.o)
                0x00082b8c                _vfiprintf_r
 .text.__sbprintf
                0x000837e0       0x7c c:/users/rohit/appdata/local/arduino15/packages/arduino/tools/arm-none-eabi-gcc/4.8.3-2014q1/bin/../lib/gcc/arm-none-eabi/4.8.3/../../../../arm-none-eabi/lib/armv7-m\libg.a(lib_a-vfiprintf.o)
 .text.__swsetup_r
                0x0008385c       0xc4 c:/users/rohit/appdata/local/arduino15/packages/arduino/tools/arm-none-eabi-gcc/4.8.3-2014q1/bin/../lib/gcc/arm-none-eabi/4.8.3/../../../../arm-none-eabi/lib/armv7-m\libg.a(lib_a-wsetup.o)
                0x0008385c                __swsetup_r
 .text.startup.register_fini
                0x00083920       0x14 c:/users/rohit/appdata/local/arduino15/packages/arduino/tools/arm-none-eabi-gcc/4.8.3-2014q1/bin/../lib/gcc/arm-none-eabi/4.8.3/../../../../arm-none-eabi/lib/armv7-m\libg.a(lib_a-__call_atexit.o)
 .text.abort    0x00083934       0x10 c:/users/rohit/appdata/local/arduino15/packages/arduino/tools/arm-none-eabi-gcc/4.8.3-2014q1/bin/../lib/gcc/arm-none-eabi/4.8.3/../../../../arm-none-eabi/lib/armv7-m\libg.a(lib_a-abort.o)
                0x00083934                abort
 .text.atexit   0x00083944        0xc c:/users/rohit/appdata/local/arduino15/packages/arduino/tools/arm-none-eabi-gcc/4.8.3-2014q1/bin/../lib/gcc/arm-none-eabi/4.8.3/../../../../arm-none-eabi/lib/armv7-m\libg.a(lib_a-atexit.o)
                0x00083944                atexit
 .text.__sflush_r
                0x00083950      0x148 c:/users/rohit/appdata/local/arduino15/packages/arduino/tools/arm-none-eabi-gcc/4.8.3-2014q1/bin/../lib/gcc/arm-none-eabi/4.8.3/../../../../arm-none-eabi/lib/armv7-m\libg.a(lib_a-fflush.o)
                0x00083950                __sflush_r
 .text._fflush_r
                0x00083a98       0x2c c:/users/rohit/appdata/local/arduino15/packages/arduino/tools/arm-none-eabi-gcc/4.8.3-2014q1/bin/../lib/gcc/arm-none-eabi/4.8.3/../../../../arm-none-eabi/lib/armv7-m\libg.a(lib_a-fflush.o)
                0x00083a98                _fflush_r
 .text._cleanup_r
                0x00083ac4        0xc c:/users/rohit/appdata/local/arduino15/packages/arduino/tools/arm-none-eabi-gcc/4.8.3-2014q1/bin/../lib/gcc/arm-none-eabi/4.8.3/../../../../arm-none-eabi/lib/armv7-m\libg.a(lib_a-findfp.o)
                0x00083ac4                _cleanup_r
 .text.__sinit  0x00083ad0       0xf4 c:/users/rohit/appdata/local/arduino15/packages/arduino/tools/arm-none-eabi-gcc/4.8.3-2014q1/bin/../lib/gcc/arm-none-eabi/4.8.3/../../../../arm-none-eabi/lib/armv7-m\libg.a(lib_a-findfp.o)
                0x00083ad0                __sinit
 .text.__sfp_lock_acquire
                0x00083bc4        0x4 c:/users/rohit/appdata/local/arduino15/packages/arduino/tools/arm-none-eabi-gcc/4.8.3-2014q1/bin/../lib/gcc/arm-none-eabi/4.8.3/../../../../arm-none-eabi/lib/armv7-m\libg.a(lib_a-findfp.o)
                0x00083bc4                __sfp_lock_acquire
 .text.__sfp_lock_release
                0x00083bc8        0x4 c:/users/rohit/appdata/local/arduino15/packages/arduino/tools/arm-none-eabi-gcc/4.8.3-2014q1/bin/../lib/gcc/arm-none-eabi/4.8.3/../../../../arm-none-eabi/lib/armv7-m\libg.a(lib_a-findfp.o)
                0x00083bc8                __sfp_lock_release
 .text.__libc_fini_array
                0x00083bcc       0x30 c:/users/rohit/appdata/local/arduino15/packages/arduino/tools/arm-none-eabi-gcc/4.8.3-2014q1/bin/../lib/gcc/arm-none-eabi/4.8.3/../../../../arm-none-eabi/lib/armv7-m\libg.a(lib_a-fini.o)
                0x00083bcc                __libc_fini_array
 .text._fputwc_r
                0x00083bfc       0xc0 c:/users/rohit/appdata/local/arduino15/packages/arduino/tools/arm-none-eabi-gcc/4.8.3-2014q1/bin/../lib/gcc/arm-none-eabi/4.8.3/../../../../arm-none-eabi/lib/armv7-m\libg.a(lib_a-fputwc.o)
                0x00083bfc                _fputwc_r
 .text._malloc_trim_r
                0x00083cbc       0x9c c:/users/rohit/appdata/local/arduino15/packages/arduino/tools/arm-none-eabi-gcc/4.8.3-2014q1/bin/../lib/gcc/arm-none-eabi/4.8.3/../../../../arm-none-eabi/lib/armv7-m\libg.a(lib_a-freer.o)
                0x00083cbc                _malloc_trim_r
 .text._free_r  0x00083d58      0x198 c:/users/rohit/appdata/local/arduino15/packages/arduino/tools/arm-none-eabi-gcc/4.8.3-2014q1/bin/../lib/gcc/arm-none-eabi/4.8.3/../../../../arm-none-eabi/lib/armv7-m\libg.a(lib_a-freer.o)
                0x00083d58                _free_r
 .text.__sfvwrite_r
                0x00083ef0      0x314 c:/users/rohit/appdata/local/arduino15/packages/arduino/tools/arm-none-eabi-gcc/4.8.3-2014q1/bin/../lib/gcc/arm-none-eabi/4.8.3/../../../../arm-none-eabi/lib/armv7-m\libg.a(lib_a-fvwrite.o)
                0x00083ef0                __sfvwrite_r
 .text._fwalk   0x00084204       0x48 c:/users/rohit/appdata/local/arduino15/packages/arduino/tools/arm-none-eabi-gcc/4.8.3-2014q1/bin/../lib/gcc/arm-none-eabi/4.8.3/../../../../arm-none-eabi/lib/armv7-m\libg.a(lib_a-fwalk.o)
                0x00084204                _fwalk
 .text.__locale_charset
                0x0008424c        0x8 c:/users/rohit/appdata/local/arduino15/packages/arduino/tools/arm-none-eabi-gcc/4.8.3-2014q1/bin/../lib/gcc/arm-none-eabi/4.8.3/../../../../arm-none-eabi/lib/armv7-m\libg.a(lib_a-locale.o)
                0x0008424c                __locale_charset
 .text.__locale_mb_cur_max
                0x00084254        0xc c:/users/rohit/appdata/local/arduino15/packages/arduino/tools/arm-none-eabi-gcc/4.8.3-2014q1/bin/../lib/gcc/arm-none-eabi/4.8.3/../../../../arm-none-eabi/lib/armv7-m\libg.a(lib_a-locale.o)
                0x00084254                __locale_mb_cur_max
 .text.__smakebuf_r
                0x00084260       0xe0 c:/users/rohit/appdata/local/arduino15/packages/arduino/tools/arm-none-eabi-gcc/4.8.3-2014q1/bin/../lib/gcc/arm-none-eabi/4.8.3/../../../../arm-none-eabi/lib/armv7-m\libg.a(lib_a-makebuf.o)
                0x00084260                __smakebuf_r
 .text._malloc_r
                0x00084340      0x538 c:/users/rohit/appdata/local/arduino15/packages/arduino/tools/arm-none-eabi-gcc/4.8.3-2014q1/bin/../lib/gcc/arm-none-eabi/4.8.3/../../../../arm-none-eabi/lib/armv7-m\libg.a(lib_a-mallocr.o)
                0x00084340                _malloc_r
 .text.memchr   0x00084878       0x94 c:/users/rohit/appdata/local/arduino15/packages/arduino/tools/arm-none-eabi-gcc/4.8.3-2014q1/bin/../lib/gcc/arm-none-eabi/4.8.3/../../../../arm-none-eabi/lib/armv7-m\libg.a(lib_a-memchr-stub.o)
                0x00084878                memchr
 .text          0x0008490c       0xec c:/users/rohit/appdata/local/arduino15/packages/arduino/tools/arm-none-eabi-gcc/4.8.3-2014q1/bin/../lib/gcc/arm-none-eabi/4.8.3/../../../../arm-none-eabi/lib/armv7-m\libg.a(lib_a-memcpy.o)
                0x0008490c                memcpy
 .text.memmove  0x000849f8       0xcc c:/users/rohit/appdata/local/arduino15/packages/arduino/tools/arm-none-eabi-gcc/4.8.3-2014q1/bin/../lib/gcc/arm-none-eabi/4.8.3/../../../../arm-none-eabi/lib/armv7-m\libg.a(lib_a-memmove.o)
                0x000849f8                memmove
 .text.__malloc_lock
                0x00084ac4        0x4 c:/users/rohit/appdata/local/arduino15/packages/arduino/tools/arm-none-eabi-gcc/4.8.3-2014q1/bin/../lib/gcc/arm-none-eabi/4.8.3/../../../../arm-none-eabi/lib/armv7-m\libg.a(lib_a-mlock.o)
                0x00084ac4                __malloc_lock
 .text.__malloc_unlock
                0x00084ac8        0x4 c:/users/rohit/appdata/local/arduino15/packages/arduino/tools/arm-none-eabi-gcc/4.8.3-2014q1/bin/../lib/gcc/arm-none-eabi/4.8.3/../../../../arm-none-eabi/lib/armv7-m\libg.a(lib_a-mlock.o)
                0x00084ac8                __malloc_unlock
 .text._realloc_r
                0x00084acc      0x3c0 c:/users/rohit/appdata/local/arduino15/packages/arduino/tools/arm-none-eabi-gcc/4.8.3-2014q1/bin/../lib/gcc/arm-none-eabi/4.8.3/../../../../arm-none-eabi/lib/armv7-m\libg.a(lib_a-reallocr.o)
                0x00084acc                _realloc_r
 .text._sbrk_r  0x00084e8c       0x24 c:/users/rohit/appdata/local/arduino15/packages/arduino/tools/arm-none-eabi-gcc/4.8.3-2014q1/bin/../lib/gcc/arm-none-eabi/4.8.3/../../../../arm-none-eabi/lib/armv7-m\libg.a(lib_a-sbrkr.o)
                0x00084e8c                _sbrk_r
 .text._raise_r
                0x00084eb0       0x58 c:/users/rohit/appdata/local/arduino15/packages/arduino/tools/arm-none-eabi-gcc/4.8.3-2014q1/bin/../lib/gcc/arm-none-eabi/4.8.3/../../../../arm-none-eabi/lib/armv7-m\libg.a(lib_a-signal.o)
                0x00084eb0                _raise_r
 .text.raise    0x00084f08       0x10 c:/users/rohit/appdata/local/arduino15/packages/arduino/tools/arm-none-eabi-gcc/4.8.3-2014q1/bin/../lib/gcc/arm-none-eabi/4.8.3/../../../../arm-none-eabi/lib/armv7-m\libg.a(lib_a-signal.o)
                0x00084f08                raise
 .text._kill_r  0x00084f18       0x28 c:/users/rohit/appdata/local/arduino15/packages/arduino/tools/arm-none-eabi-gcc/4.8.3-2014q1/bin/../lib/gcc/arm-none-eabi/4.8.3/../../../../arm-none-eabi/lib/armv7-m\libg.a(lib_a-signalr.o)
                0x00084f18                _kill_r
 .text._getpid_r
                0x00084f40        0x4 c:/users/rohit/appdata/local/arduino15/packages/arduino/tools/arm-none-eabi-gcc/4.8.3-2014q1/bin/../lib/gcc/arm-none-eabi/4.8.3/../../../../arm-none-eabi/lib/armv7-m\libg.a(lib_a-signalr.o)
                0x00084f40                _getpid_r
 .text.__sread  0x00084f44       0x24 c:/users/rohit/appdata/local/arduino15/packages/arduino/tools/arm-none-eabi-gcc/4.8.3-2014q1/bin/../lib/gcc/arm-none-eabi/4.8.3/../../../../arm-none-eabi/lib/armv7-m\libg.a(lib_a-stdio.o)
                0x00084f44                __sread
 .text.__swrite
                0x00084f68       0x38 c:/users/rohit/appdata/local/arduino15/packages/arduino/tools/arm-none-eabi-gcc/4.8.3-2014q1/bin/../lib/gcc/arm-none-eabi/4.8.3/../../../../arm-none-eabi/lib/armv7-m\libg.a(lib_a-stdio.o)
                0x00084f68                __swrite
 .text.__sseek  0x00084fa0       0x20 c:/users/rohit/appdata/local/arduino15/packages/arduino/tools/arm-none-eabi-gcc/4.8.3-2014q1/bin/../lib/gcc/arm-none-eabi/4.8.3/../../../../arm-none-eabi/lib/armv7-m\libg.a(lib_a-stdio.o)
                0x00084fa0                __sseek
 .text.__sclose
                0x00084fc0        0x8 c:/users/rohit/appdata/local/arduino15/packages/arduino/tools/arm-none-eabi-gcc/4.8.3-2014q1/bin/../lib/gcc/arm-none-eabi/4.8.3/../../../../arm-none-eabi/lib/armv7-m\libg.a(lib_a-stdio.o)
                0x00084fc0                __sclose
 .text.__swbuf_r
                0x00084fc8       0xa8 c:/users/rohit/appdata/local/arduino15/packages/arduino/tools/arm-none-eabi-gcc/4.8.3-2014q1/bin/../lib/gcc/arm-none-eabi/4.8.3/../../../../arm-none-eabi/lib/armv7-m\libg.a(lib_a-wbuf.o)
                0x00084fc8                __swbuf_r
 .text._wcrtomb_r
                0x00085070       0x50 c:/users/rohit/appdata/local/arduino15/packages/arduino/tools/arm-none-eabi-gcc/4.8.3-2014q1/bin/../lib/gcc/arm-none-eabi/4.8.3/../../../../arm-none-eabi/lib/armv7-m\libg.a(lib_a-wcrtomb.o)
                0x00085070                _wcrtomb_r
 .text.__ascii_wctomb
                0x000850c0       0x1c c:/users/rohit/appdata/local/arduino15/packages/arduino/tools/arm-none-eabi-gcc/4.8.3-2014q1/bin/../lib/gcc/arm-none-eabi/4.8.3/../../../../arm-none-eabi/lib/armv7-m\libg.a(lib_a-wctomb_r.o)
                0x000850c0                __ascii_wctomb
 .text._write_r
                0x000850dc       0x28 c:/users/rohit/appdata/local/arduino15/packages/arduino/tools/arm-none-eabi-gcc/4.8.3-2014q1/bin/../lib/gcc/arm-none-eabi/4.8.3/../../../../arm-none-eabi/lib/armv7-m\libg.a(lib_a-writer.o)
                0x000850dc                _write_r
 .text.__register_exitproc
                0x00085104       0xa8 c:/users/rohit/appdata/local/arduino15/packages/arduino/tools/arm-none-eabi-gcc/4.8.3-2014q1/bin/../lib/gcc/arm-none-eabi/4.8.3/../../../../arm-none-eabi/lib/armv7-m\libg.a(lib_a-__atexit.o)
                0x00085104                __register_exitproc
 .text._close_r
                0x000851ac       0x24 c:/users/rohit/appdata/local/arduino15/packages/arduino/tools/arm-none-eabi-gcc/4.8.3-2014q1/bin/../lib/gcc/arm-none-eabi/4.8.3/../../../../arm-none-eabi/lib/armv7-m\libg.a(lib_a-closer.o)
                0x000851ac                _close_r
 .text._fclose_r
                0x000851d0       0x80 c:/users/rohit/appdata/local/arduino15/packages/arduino/tools/arm-none-eabi-gcc/4.8.3-2014q1/bin/../lib/gcc/arm-none-eabi/4.8.3/../../../../arm-none-eabi/lib/armv7-m\libg.a(lib_a-fclose.o)
                0x000851d0                _fclose_r
 .text.fclose   0x00085250       0x10 c:/users/rohit/appdata/local/arduino15/packages/arduino/tools/arm-none-eabi-gcc/4.8.3-2014q1/bin/../lib/gcc/arm-none-eabi/4.8.3/../../../../arm-none-eabi/lib/armv7-m\libg.a(lib_a-fclose.o)
                0x00085250                fclose
 .text._fstat_r
                0x00085260       0x28 c:/users/rohit/appdata/local/arduino15/packages/arduino/tools/arm-none-eabi-gcc/4.8.3-2014q1/bin/../lib/gcc/arm-none-eabi/4.8.3/../../../../arm-none-eabi/lib/armv7-m\libg.a(lib_a-fstatr.o)
                0x00085260                _fstat_r
 .text._isatty_r
                0x00085288       0x24 c:/users/rohit/appdata/local/arduino15/packages/arduino/tools/arm-none-eabi-gcc/4.8.3-2014q1/bin/../lib/gcc/arm-none-eabi/4.8.3/../../../../arm-none-eabi/lib/armv7-m\libg.a(lib_a-isattyr.o)
                0x00085288                _isatty_r
 .text._lseek_r
                0x000852ac       0x28 c:/users/rohit/appdata/local/arduino15/packages/arduino/tools/arm-none-eabi-gcc/4.8.3-2014q1/bin/../lib/gcc/arm-none-eabi/4.8.3/../../../../arm-none-eabi/lib/armv7-m\libg.a(lib_a-lseekr.o)
                0x000852ac                _lseek_r
 .text._read_r  0x000852d4       0x28 c:/users/rohit/appdata/local/arduino15/packages/arduino/tools/arm-none-eabi-gcc/4.8.3-2014q1/bin/../lib/gcc/arm-none-eabi/4.8.3/../../../../arm-none-eabi/lib/armv7-m\libg.a(lib_a-readr.o)
                0x000852d4                _read_r
 .text          0x000852fc       0x2c c:/users/rohit/appdata/local/arduino15/packages/arduino/tools/arm-none-eabi-gcc/4.8.3-2014q1/bin/../lib/gcc/arm-none-eabi/4.8.3/armv7-m\libgcc.a(_aeabi_uldivmod.o)
                0x000852fc                __aeabi_uldivmod
 .text          0x00085328       0x60 c:/users/rohit/appdata/local/arduino15/packages/arduino/tools/arm-none-eabi-gcc/4.8.3-2014q1/bin/../lib/gcc/arm-none-eabi/4.8.3/armv7-m\libgcc.a(bpabi.o)
                0x00085328                __gnu_ldivmod_helper
                0x00085358                __gnu_uldivmod_helper
 .text          0x00085388        0x4 c:/users/rohit/appdata/local/arduino15/packages/arduino/tools/arm-none-eabi-gcc/4.8.3-2014q1/bin/../lib/gcc/arm-none-eabi/4.8.3/armv7-m\libgcc.a(_dvmd_tls.o)
                0x00085388                __aeabi_idiv0
                0x00085388                __aeabi_ldiv0
 .text          0x0008538c      0x2a0 c:/users/rohit/appdata/local/arduino15/packages/arduino/tools/arm-none-eabi-gcc/4.8.3-2014q1/bin/../lib/gcc/arm-none-eabi/4.8.3/armv7-m\libgcc.a(_divdi3.o)
                0x0008538c                __divdi3
 .text          0x0008562c      0x290 c:/users/rohit/appdata/local/arduino15/packages/arduino/tools/arm-none-eabi-gcc/4.8.3-2014q1/bin/../lib/gcc/arm-none-eabi/4.8.3/armv7-m\libgcc.a(_udivdi3.o)
                0x0008562c                __udivdi3
 *(.glue_7t)
 .glue_7t       0x00000000        0x0 linker stubs
 *(.glue_7)
 .glue_7        0x00000000        0x0 linker stubs
 *(.rodata .rodata* .gnu.linkonce.r.*)
 .rodata.str1.1
                0x000858bc       0x12 E:\documents\ARDUINO\buildfolder\powerSupply\arduino_due_x_dbg\Debug\powerSupply.cpp.o
 *fill*         0x000858ce        0x2 
 .rodata._ZTV13LiquidCrystal
                0x000858d0       0x10 E:\documents\ARDUINO\buildfolder\powerSupply\arduino_due_x_dbg\Debug\LiquidCrystal\LiquidCrystal.cpp.o
                0x000858d0                vtable for LiquidCrystal
 .rodata._ZTV6Keypad
                0x000858e0       0x18 E:\documents\ARDUINO\buildfolder\powerSupply\arduino_due_x_dbg\Debug\Keypad\Keypad.cpp.o
                0x000858e0                vtable for Keypad
 .rodata.g_APinDescription
                0x000858f8      0xa2c E:\documents\ARDUINO\buildfolder\powerSupply\arduino_due_x_dbg\Debug\variant\variant.cpp.o
                0x000858f8                g_APinDescription
 .rodata        0x00086324       0x40 C:\Users\Rohit\AppData\Local\arduino15\packages\arduino\hardware\sam\1.6.11\variants\arduino_due_x/libsam_sam3x8e_gcc_rel.a(adc.o)
 .rodata.str1.1
                0x00086364       0x19 E:\documents\ARDUINO\buildfolder\powerSupply\arduino_due_x_dbg\Debug/core.a(syscalls_sam3.c.o)
 *fill*         0x0008637d        0x3 
 .rodata.channelToId.9433
                0x00086380       0x48 E:\documents\ARDUINO\buildfolder\powerSupply\arduino_due_x_dbg\Debug/core.a(wiring_analog.c.o)
 .rodata.channelToTC.9432
                0x000863c8       0x48 E:\documents\ARDUINO\buildfolder\powerSupply\arduino_due_x_dbg\Debug/core.a(wiring_analog.c.o)
 .rodata.channelToChNo.9430
                0x00086410       0x48 E:\documents\ARDUINO\buildfolder\powerSupply\arduino_due_x_dbg\Debug/core.a(wiring_analog.c.o)
 .rodata.channelToAB.9431
                0x00086458       0x48 E:\documents\ARDUINO\buildfolder\powerSupply\arduino_due_x_dbg\Debug/core.a(wiring_analog.c.o)
 .rodata._ZTV9UARTClass
                0x000864a0       0x30 E:\documents\ARDUINO\buildfolder\powerSupply\arduino_due_x_dbg\Debug/core.a(UARTClass.cpp.o)
                0x000864a0                vtable for UARTClass
 .rodata._ZTV10USARTClass
                0x000864d0       0x30 E:\documents\ARDUINO\buildfolder\powerSupply\arduino_due_x_dbg\Debug/core.a(USARTClass.cpp.o)
                0x000864d0                vtable for USARTClass
 .rodata.STRING_PRODUCT
                0x00086500        0xc E:\documents\ARDUINO\buildfolder\powerSupply\arduino_due_x_dbg\Debug/core.a(USBCore.cpp.o)
                0x00086500                STRING_PRODUCT
 .rodata.USB_DeviceDescriptor
                0x0008650c       0x12 E:\documents\ARDUINO\buildfolder\powerSupply\arduino_due_x_dbg\Debug/core.a(USBCore.cpp.o)
                0x0008650c                USB_DeviceDescriptor
 .rodata.STRING_LANGUAGE
                0x0008651e        0x4 E:\documents\ARDUINO\buildfolder\powerSupply\arduino_due_x_dbg\Debug/core.a(USBCore.cpp.o)
                0x0008651e                STRING_LANGUAGE
 .rodata._ZL18test_packet_buffer
                0x00086522       0x35 E:\documents\ARDUINO\buildfolder\powerSupply\arduino_due_x_dbg\Debug/core.a(USBCore.cpp.o)
 .rodata.STRING_MANUFACTURER
                0x00086557        0xc E:\documents\ARDUINO\buildfolder\powerSupply\arduino_due_x_dbg\Debug/core.a(USBCore.cpp.o)
                0x00086557                STRING_MANUFACTURER
 .rodata.USB_DeviceDescriptorA
                0x00086563       0x12 E:\documents\ARDUINO\buildfolder\powerSupply\arduino_due_x_dbg\Debug/core.a(USBCore.cpp.o)
                0x00086563                USB_DeviceDescriptorA
 .rodata._ZL19USB_DeviceQualifier
                0x00086575        0x9 E:\documents\ARDUINO\buildfolder\powerSupply\arduino_due_x_dbg\Debug/core.a(USBCore.cpp.o)
 *fill*         0x0008657e        0x2 
 .rodata._ZTV7Serial_
                0x00086580       0x28 E:\documents\ARDUINO\buildfolder\powerSupply\arduino_due_x_dbg\Debug/core.a(CDC.cpp.o)
                0x00086580                vtable for Serial_
 .rodata._ZL18_cdcOtherInterface
                0x000865a8       0x42 E:\documents\ARDUINO\buildfolder\powerSupply\arduino_due_x_dbg\Debug/core.a(CDC.cpp.o)
 .rodata._ZL13_cdcInterface
                0x000865ea       0x42 E:\documents\ARDUINO\buildfolder\powerSupply\arduino_due_x_dbg\Debug/core.a(CDC.cpp.o)
 .rodata        0x0008662c       0x2c C:\Users\Rohit\AppData\Local\arduino15\packages\arduino\hardware\sam\1.6.11\variants\arduino_due_x/libsam_sam3x8e_gcc_rel.a(pwmc.o)
 .rodata.__func__.6830
                0x00086658       0x15 C:\Users\Rohit\AppData\Local\arduino15\packages\arduino\hardware\sam\1.6.11\variants\arduino_due_x/libsam_sam3x8e_gcc_rel.a(pwmc.o)
 .rodata.__func__.6841
                0x0008666d       0x12 C:\Users\Rohit\AppData\Local\arduino15\packages\arduino\hardware\sam\1.6.11\variants\arduino_due_x/libsam_sam3x8e_gcc_rel.a(pwmc.o)
 .rodata.str1.1
                0x0008667f      0x1cc C:\Users\Rohit\AppData\Local\arduino15\packages\arduino\hardware\sam\1.6.11\variants\arduino_due_x/libsam_sam3x8e_gcc_rel.a(pwmc.o)
 .rodata.__func__.6804
                0x0008684b       0x16 C:\Users\Rohit\AppData\Local\arduino15\packages\arduino\hardware\sam\1.6.11\variants\arduino_due_x/libsam_sam3x8e_gcc_rel.a(pwmc.o)
 .rodata.__func__.6793
                0x00086861       0x17 C:\Users\Rohit\AppData\Local\arduino15\packages\arduino\hardware\sam\1.6.11\variants\arduino_due_x/libsam_sam3x8e_gcc_rel.a(pwmc.o)
 .rodata.__func__.6792
                0x00086878        0xd C:\Users\Rohit\AppData\Local\arduino15\packages\arduino\hardware\sam\1.6.11\variants\arduino_due_x/libsam_sam3x8e_gcc_rel.a(tc.o)
 .rodata.str1.1
                0x00086885       0x54 C:\Users\Rohit\AppData\Local\arduino15\packages\arduino\hardware\sam\1.6.11\variants\arduino_due_x/libsam_sam3x8e_gcc_rel.a(tc.o)
 .rodata.__func__.6798
                0x000868d9        0x9 C:\Users\Rohit\AppData\Local\arduino15\packages\arduino\hardware\sam\1.6.11\variants\arduino_due_x/libsam_sam3x8e_gcc_rel.a(tc.o)
 *fill*         0x000868e2        0x2 
 .rodata.str1.4
                0x000868e4       0x3f c:/users/rohit/appdata/local/arduino15/packages/arduino/tools/arm-none-eabi-gcc/4.8.3-2014q1/bin/../lib/gcc/arm-none-eabi/4.8.3/../../../../arm-none-eabi/lib/armv7-m\libg.a(lib_a-assert.o)
                                 0x44 (size before relaxing)
 *fill*         0x00086923        0x1 
 .rodata.str1.4
                0x00086924        0x2 c:/users/rohit/appdata/local/arduino15/packages/arduino/tools/arm-none-eabi-gcc/4.8.3-2014q1/bin/../lib/gcc/arm-none-eabi/4.8.3/../../../../arm-none-eabi/lib/armv7-m\libg.a(lib_a-impure.o)
                                  0x4 (size before relaxing)
 *fill*         0x00086926        0x2 
 .rodata._global_impure_ptr
                0x00086928        0x4 c:/users/rohit/appdata/local/arduino15/packages/arduino/tools/arm-none-eabi-gcc/4.8.3-2014q1/bin/../lib/gcc/arm-none-eabi/4.8.3/../../../../arm-none-eabi/lib/armv7-m\libg.a(lib_a-impure.o)
                0x00086928                _global_impure_ptr
 .rodata.blanks.6717
                0x0008692c       0x10 c:/users/rohit/appdata/local/arduino15/packages/arduino/tools/arm-none-eabi-gcc/4.8.3-2014q1/bin/../lib/gcc/arm-none-eabi/4.8.3/../../../../arm-none-eabi/lib/armv7-m\libg.a(lib_a-vfiprintf.o)
 .rodata.str1.4
                0x0008693c       0x30 c:/users/rohit/appdata/local/arduino15/packages/arduino/tools/arm-none-eabi-gcc/4.8.3-2014q1/bin/../lib/gcc/arm-none-eabi/4.8.3/../../../../arm-none-eabi/lib/armv7-m\libg.a(lib_a-vfiprintf.o)
 .rodata.zeroes.6718
                0x0008696c       0x10 c:/users/rohit/appdata/local/arduino15/packages/arduino/tools/arm-none-eabi-gcc/4.8.3-2014q1/bin/../lib/gcc/arm-none-eabi/4.8.3/../../../../arm-none-eabi/lib/armv7-m\libg.a(lib_a-vfiprintf.o)
 *(.ARM.extab* .gnu.linkonce.armextab.*)
                0x0008697c                . = ALIGN (0x4)
 *(.init)
 .init          0x0008697c        0x4 c:/users/rohit/appdata/local/arduino15/packages/arduino/tools/arm-none-eabi-gcc/4.8.3-2014q1/bin/../lib/gcc/arm-none-eabi/4.8.3/armv7-m/crti.o
                0x0008697c                _init
 .init          0x00086980        0x8 c:/users/rohit/appdata/local/arduino15/packages/arduino/tools/arm-none-eabi-gcc/4.8.3-2014q1/bin/../lib/gcc/arm-none-eabi/4.8.3/armv7-m/crtn.o
                0x00086988                . = ALIGN (0x4)
                0x00086988                __preinit_array_start = .
 *(.preinit_array)
                0x00086988                __preinit_array_end = .
                0x00086988                . = ALIGN (0x4)
                0x00086988                __init_array_start = .
 *(SORT(.init_array.*))
 .init_array.00000
                0x00086988        0x4 c:/users/rohit/appdata/local/arduino15/packages/arduino/tools/arm-none-eabi-gcc/4.8.3-2014q1/bin/../lib/gcc/arm-none-eabi/4.8.3/../../../../arm-none-eabi/lib/armv7-m\libg.a(lib_a-__call_atexit.o)
 *(.init_array)
 .init_array    0x0008698c        0x4 c:/users/rohit/appdata/local/arduino15/packages/arduino/tools/arm-none-eabi-gcc/4.8.3-2014q1/bin/../lib/gcc/arm-none-eabi/4.8.3/armv7-m/crtbegin.o
 .init_array    0x00086990        0x4 E:\documents\ARDUINO\buildfolder\powerSupply\arduino_due_x_dbg\Debug\powerSupply.cpp.o
 .init_array    0x00086994        0x4 E:\documents\ARDUINO\buildfolder\powerSupply\arduino_due_x_dbg\Debug\variant\variant.cpp.o
 .init_array    0x00086998        0x4 E:\documents\ARDUINO\buildfolder\powerSupply\arduino_due_x_dbg\Debug/core.a(USBCore.cpp.o)
 .init_array    0x0008699c        0x4 E:\documents\ARDUINO\buildfolder\powerSupply\arduino_due_x_dbg\Debug/core.a(CDC.cpp.o)
                0x000869a0                __init_array_end = .
                0x000869a0                . = ALIGN (0x4)
 *crtbegin.o(.ctors)
 *(EXCLUDE_FILE(*crtend.o) .ctors)
 *(SORT(.ctors.*))
 *crtend.o(.ctors)
                0x000869a0                . = ALIGN (0x4)
 *(.fini)
 .fini          0x000869a0        0x4 c:/users/rohit/appdata/local/arduino15/packages/arduino/tools/arm-none-eabi-gcc/4.8.3-2014q1/bin/../lib/gcc/arm-none-eabi/4.8.3/armv7-m/crti.o
                0x000869a0                _fini
 .fini          0x000869a4        0x8 c:/users/rohit/appdata/local/arduino15/packages/arduino/tools/arm-none-eabi-gcc/4.8.3-2014q1/bin/../lib/gcc/arm-none-eabi/4.8.3/armv7-m/crtn.o
                0x000869ac                . = ALIGN (0x4)
                0x000869ac                __fini_array_start = .
 *(.fini_array)
 .fini_array    0x000869ac        0x4 c:/users/rohit/appdata/local/arduino15/packages/arduino/tools/arm-none-eabi-gcc/4.8.3-2014q1/bin/../lib/gcc/arm-none-eabi/4.8.3/armv7-m/crtbegin.o
 *(SORT(.fini_array.*))
                0x000869b0                __fini_array_end = .
 *crtbegin.o(.dtors)
 *(EXCLUDE_FILE(*crtend.o) .dtors)
 *(SORT(.dtors.*))
 *crtend.o(.dtors)
                0x000869b0                . = ALIGN (0x4)
                0x000869b0                _efixed = .
                0x000869b0                PROVIDE (__exidx_start, .)

.vfp11_veneer   0x000869b0        0x0
 .vfp11_veneer  0x00000000        0x0 linker stubs

.v4_bx          0x000869b0        0x0
 .v4_bx         0x00000000        0x0 linker stubs

.iplt           0x000869b0        0x0
 .iplt          0x00000000        0x0 c:/users/rohit/appdata/local/arduino15/packages/arduino/tools/arm-none-eabi-gcc/4.8.3-2014q1/bin/../lib/gcc/arm-none-eabi/4.8.3/armv7-m/crtbegin.o

.ARM.exidx      0x000869b0        0x8
 *(.ARM.exidx* .gnu.linkonce.armexidx.*)
 .ARM.exidx     0x000869b0        0x8 c:/users/rohit/appdata/local/arduino15/packages/arduino/tools/arm-none-eabi-gcc/4.8.3-2014q1/bin/../lib/gcc/arm-none-eabi/4.8.3/armv7-m\libgcc.a(_divdi3.o)
 .ARM.exidx     0x000869b8        0x0 c:/users/rohit/appdata/local/arduino15/packages/arduino/tools/arm-none-eabi-gcc/4.8.3-2014q1/bin/../lib/gcc/arm-none-eabi/4.8.3/armv7-m\libgcc.a(_udivdi3.o)
                                  0x8 (size before relaxing)
                0x000869b8                PROVIDE (__exidx_end, .)

.eh_frame       0x000869b8        0x0
 .eh_frame      0x000869b8        0x0 c:/users/rohit/appdata/local/arduino15/packages/arduino/tools/arm-none-eabi-gcc/4.8.3-2014q1/bin/../lib/gcc/arm-none-eabi/4.8.3/armv7-m/crtbegin.o

.rel.dyn        0x000869b8        0x0
 .rel.iplt      0x00000000        0x0 c:/users/rohit/appdata/local/arduino15/packages/arduino/tools/arm-none-eabi-gcc/4.8.3-2014q1/bin/../lib/gcc/arm-none-eabi/4.8.3/armv7-m/crtbegin.o

.jcr            0x000869b8        0x0
 .jcr           0x000869b8        0x0 c:/users/rohit/appdata/local/arduino15/packages/arduino/tools/arm-none-eabi-gcc/4.8.3-2014q1/bin/../lib/gcc/arm-none-eabi/4.8.3/armv7-m/crtbegin.o

.igot.plt       0x000869b8        0x0
 .igot.plt      0x00000000        0x0 c:/users/rohit/appdata/local/arduino15/packages/arduino/tools/arm-none-eabi-gcc/4.8.3-2014q1/bin/../lib/gcc/arm-none-eabi/4.8.3/armv7-m/crtbegin.o
                0x000869b8                . = ALIGN (0x4)
                0x000869b8                _etext = .

.relocate       0x20070000      0x8fc load address 0x000869b8
                0x20070000                . = ALIGN (0x4)
                0x20070000                _srelocate = .
 *(.ramfunc .ramfunc.*)
 .ramfunc       0x20070000       0x2c E:\documents\ARDUINO\buildfolder\powerSupply\arduino_due_x_dbg\Debug/core.a(Reset.cpp.o)
                0x20070000                banzai
 *(.data .data.*)
 .data.digitPlace
                0x2007002c        0x4 E:\documents\ARDUINO\buildfolder\powerSupply\arduino_due_x_dbg\Debug\powerSupply.cpp.o
                0x2007002c                digitPlace
 .data.colPins  0x20070030        0x4 E:\documents\ARDUINO\buildfolder\powerSupply\arduino_due_x_dbg\Debug\powerSupply.cpp.o
                0x20070030                colPins
 .data.rowPins  0x20070034        0x4 E:\documents\ARDUINO\buildfolder\powerSupply\arduino_due_x_dbg\Debug\powerSupply.cpp.o
                0x20070034                rowPins
 .data.keymap   0x20070038       0x10 E:\documents\ARDUINO\buildfolder\powerSupply\arduino_due_x_dbg\Debug\powerSupply.cpp.o
                0x20070038                keymap
 .data.SystemCoreClock
                0x20070048        0x4 C:\Users\Rohit\AppData\Local\arduino15\packages\arduino\hardware\sam\1.6.11\variants\arduino_due_x/libsam_sam3x8e_gcc_rel.a(system_sam3xa.o)
                0x20070048                SystemCoreClock
 .data._writeResolution
                0x2007004c        0x4 E:\documents\ARDUINO\buildfolder\powerSupply\arduino_due_x_dbg\Debug/core.a(wiring_analog.c.o)
 .data.latestSelectedChannel.9384
                0x20070050        0x4 E:\documents\ARDUINO\buildfolder\powerSupply\arduino_due_x_dbg\Debug/core.a(wiring_analog.c.o)
 .data._readResolution
                0x20070054        0x4 E:\documents\ARDUINO\buildfolder\powerSupply\arduino_due_x_dbg\Debug/core.a(wiring_analog.c.o)
 .data._ZL5ticks
                0x20070058        0x4 E:\documents\ARDUINO\buildfolder\powerSupply\arduino_due_x_dbg\Debug/core.a(Reset.cpp.o)
 .data.EndPoints
                0x2007005c       0x28 E:\documents\ARDUINO\buildfolder\powerSupply\arduino_due_x_dbg\Debug/core.a(USBCore.cpp.o)
                0x2007005c                EndPoints
 .data._ZL10breakValue
                0x20070084        0x4 E:\documents\ARDUINO\buildfolder\powerSupply\arduino_due_x_dbg\Debug/core.a(CDC.cpp.o)
 .data._ZL12_usbLineInfo
                0x20070088        0x8 E:\documents\ARDUINO\buildfolder\powerSupply\arduino_due_x_dbg\Debug/core.a(CDC.cpp.o)
 .data.g_interrupt_enabled
                0x20070090        0x4 C:\Users\Rohit\AppData\Local\arduino15\packages\arduino\hardware\sam\1.6.11\variants\arduino_due_x/libsam_sam3x8e_gcc_rel.a(interrupt_sam_nvic.o)
                0x20070090                g_interrupt_enabled
 *fill*         0x20070094        0x4 
 .data.impure_data
                0x20070098      0x428 c:/users/rohit/appdata/local/arduino15/packages/arduino/tools/arm-none-eabi-gcc/4.8.3-2014q1/bin/../lib/gcc/arm-none-eabi/4.8.3/../../../../arm-none-eabi/lib/armv7-m\libg.a(lib_a-impure.o)
 .data._impure_ptr
                0x200704c0        0x4 c:/users/rohit/appdata/local/arduino15/packages/arduino/tools/arm-none-eabi-gcc/4.8.3-2014q1/bin/../lib/gcc/arm-none-eabi/4.8.3/../../../../arm-none-eabi/lib/armv7-m\libg.a(lib_a-impure.o)
                0x200704c0                _impure_ptr
 .data.lc_ctype_charset
                0x200704c4       0x20 c:/users/rohit/appdata/local/arduino15/packages/arduino/tools/arm-none-eabi-gcc/4.8.3-2014q1/bin/../lib/gcc/arm-none-eabi/4.8.3/../../../../arm-none-eabi/lib/armv7-m\libg.a(lib_a-locale.o)
 .data.__mb_cur_max
                0x200704e4        0x4 c:/users/rohit/appdata/local/arduino15/packages/arduino/tools/arm-none-eabi-gcc/4.8.3-2014q1/bin/../lib/gcc/arm-none-eabi/4.8.3/../../../../arm-none-eabi/lib/armv7-m\libg.a(lib_a-locale.o)
                0x200704e4                __mb_cur_max
 .data.__malloc_av_
                0x200704e8      0x408 c:/users/rohit/appdata/local/arduino15/packages/arduino/tools/arm-none-eabi-gcc/4.8.3-2014q1/bin/../lib/gcc/arm-none-eabi/4.8.3/../../../../arm-none-eabi/lib/armv7-m\libg.a(lib_a-mallocr.o)
                0x200704e8                __malloc_av_
 .data.__malloc_trim_threshold
                0x200708f0        0x4 c:/users/rohit/appdata/local/arduino15/packages/arduino/tools/arm-none-eabi-gcc/4.8.3-2014q1/bin/../lib/gcc/arm-none-eabi/4.8.3/../../../../arm-none-eabi/lib/armv7-m\libg.a(lib_a-mallocr.o)
                0x200708f0                __malloc_trim_threshold
 .data.__malloc_sbrk_base
                0x200708f4        0x4 c:/users/rohit/appdata/local/arduino15/packages/arduino/tools/arm-none-eabi-gcc/4.8.3-2014q1/bin/../lib/gcc/arm-none-eabi/4.8.3/../../../../arm-none-eabi/lib/armv7-m\libg.a(lib_a-mallocr.o)
                0x200708f4                __malloc_sbrk_base
 .data.__wctomb
                0x200708f8        0x4 c:/users/rohit/appdata/local/arduino15/packages/arduino/tools/arm-none-eabi-gcc/4.8.3-2014q1/bin/../lib/gcc/arm-none-eabi/4.8.3/../../../../arm-none-eabi/lib/armv7-m\libg.a(lib_a-wctomb_r.o)
                0x200708f8                __wctomb
                0x200708fc                . = ALIGN (0x4)
                0x200708fc                _erelocate = .

.bss            0x200708fc      0x948 load address 0x000872b4
                0x200708fc                . = ALIGN (0x4)
                0x200708fc                _sbss = .
                0x200708fc                _szero = .
 *(.bss .bss.*)
 .bss           0x200708fc       0x1c c:/users/rohit/appdata/local/arduino15/packages/arduino/tools/arm-none-eabi-gcc/4.8.3-2014q1/bin/../lib/gcc/arm-none-eabi/4.8.3/armv7-m/crtbegin.o
 .bss.previousmillisLCD
                0x20070918        0x4 E:\documents\ARDUINO\buildfolder\powerSupply\arduino_due_x_dbg\Debug\powerSupply.cpp.o
                0x20070918                previousmillisLCD
 .bss.vHundreds
                0x2007091c        0x4 E:\documents\ARDUINO\buildfolder\powerSupply\arduino_due_x_dbg\Debug\powerSupply.cpp.o
                0x2007091c                vHundreds
 .bss.dacValue  0x20070920        0x4 E:\documents\ARDUINO\buildfolder\powerSupply\arduino_due_x_dbg\Debug\powerSupply.cpp.o
                0x20070920                dacValue
 .bss.myKeypad  0x20070924       0xd8 E:\documents\ARDUINO\buildfolder\powerSupply\arduino_due_x_dbg\Debug\powerSupply.cpp.o
                0x20070924                myKeypad
 .bss.vTens     0x200709fc        0x4 E:\documents\ARDUINO\buildfolder\powerSupply\arduino_due_x_dbg\Debug\powerSupply.cpp.o
                0x200709fc                vTens
 .bss.voltmeterMinusValue
                0x20070a00        0x4 E:\documents\ARDUINO\buildfolder\powerSupply\arduino_due_x_dbg\Debug\powerSupply.cpp.o
                0x20070a00                voltmeterMinusValue
 .bss.voltmeterPlusValue
                0x20070a04        0x4 E:\documents\ARDUINO\buildfolder\powerSupply\arduino_due_x_dbg\Debug\powerSupply.cpp.o
                0x20070a04                voltmeterPlusValue
 .bss.vUnits    0x20070a08        0x4 E:\documents\ARDUINO\buildfolder\powerSupply\arduino_due_x_dbg\Debug\powerSupply.cpp.o
                0x20070a08                vUnits
 .bss.currentmillisLCD
                0x20070a0c        0x4 E:\documents\ARDUINO\buildfolder\powerSupply\arduino_due_x_dbg\Debug\powerSupply.cpp.o
                0x20070a0c                currentmillisLCD
 .bss.lcd       0x20070a10       0x1c E:\documents\ARDUINO\buildfolder\powerSupply\arduino_due_x_dbg\Debug\powerSupply.cpp.o
                0x20070a10                lcd
 .bss.tx_buffer2
                0x20070a2c       0x88 E:\documents\ARDUINO\buildfolder\powerSupply\arduino_due_x_dbg\Debug\variant\variant.cpp.o
                0x20070a2c                tx_buffer2
 .bss.tx_buffer1
                0x20070ab4       0x88 E:\documents\ARDUINO\buildfolder\powerSupply\arduino_due_x_dbg\Debug\variant\variant.cpp.o
                0x20070ab4                tx_buffer1
 .bss.Serial    0x20070b3c       0x24 E:\documents\ARDUINO\buildfolder\powerSupply\arduino_due_x_dbg\Debug\variant\variant.cpp.o
                0x20070b3c                Serial
 .bss.rx_buffer1
                0x20070b60       0x88 E:\documents\ARDUINO\buildfolder\powerSupply\arduino_due_x_dbg\Debug\variant\variant.cpp.o
                0x20070b60                rx_buffer1
 .bss.Serial1   0x20070be8       0x28 E:\documents\ARDUINO\buildfolder\powerSupply\arduino_due_x_dbg\Debug\variant\variant.cpp.o
                0x20070be8                Serial1
 .bss.Serial2   0x20070c10       0x28 E:\documents\ARDUINO\buildfolder\powerSupply\arduino_due_x_dbg\Debug\variant\variant.cpp.o
                0x20070c10                Serial2
 .bss.Serial3   0x20070c38       0x28 E:\documents\ARDUINO\buildfolder\powerSupply\arduino_due_x_dbg\Debug\variant\variant.cpp.o
                0x20070c38                Serial3
 .bss.tx_buffer3
                0x20070c60       0x88 E:\documents\ARDUINO\buildfolder\powerSupply\arduino_due_x_dbg\Debug\variant\variant.cpp.o
                0x20070c60                tx_buffer3
 .bss.tx_buffer4
                0x20070ce8       0x88 E:\documents\ARDUINO\buildfolder\powerSupply\arduino_due_x_dbg\Debug\variant\variant.cpp.o
                0x20070ce8                tx_buffer4
 .bss.g_pinStatus
                0x20070d70       0x4f E:\documents\ARDUINO\buildfolder\powerSupply\arduino_due_x_dbg\Debug\variant\variant.cpp.o
                0x20070d70                g_pinStatus
 *fill*         0x20070dbf        0x1 
 .bss.rx_buffer2
                0x20070dc0       0x88 E:\documents\ARDUINO\buildfolder\powerSupply\arduino_due_x_dbg\Debug\variant\variant.cpp.o
                0x20070dc0                rx_buffer2
 .bss.rx_buffer3
                0x20070e48       0x88 E:\documents\ARDUINO\buildfolder\powerSupply\arduino_due_x_dbg\Debug\variant\variant.cpp.o
                0x20070e48                rx_buffer3
 .bss.rx_buffer4
                0x20070ed0       0x88 E:\documents\ARDUINO\buildfolder\powerSupply\arduino_due_x_dbg\Debug\variant\variant.cpp.o
                0x20070ed0                rx_buffer4
 .bss.gpf_isr   0x20070f58        0x4 C:\Users\Rohit\AppData\Local\arduino15\packages\arduino\hardware\sam\1.6.11\variants\arduino_due_x/libsam_sam3x8e_gcc_rel.a(uotghs.o)
                0x20070f58                gpf_isr
 .bss.heap.6420
                0x20070f5c        0x4 E:\documents\ARDUINO\buildfolder\powerSupply\arduino_due_x_dbg\Debug/core.a(syscalls_sam3.c.o)
 .bss.PWMEnabled
                0x20070f60        0x1 E:\documents\ARDUINO\buildfolder\powerSupply\arduino_due_x_dbg\Debug/core.a(wiring_analog.c.o)
 .bss.TCChanEnabled
                0x20070f61        0x9 E:\documents\ARDUINO\buildfolder\powerSupply\arduino_due_x_dbg\Debug/core.a(wiring_analog.c.o)
 .bss._cmark    0x20070f6a        0x2 E:\documents\ARDUINO\buildfolder\powerSupply\arduino_due_x_dbg\Debug/core.a(USBCore.cpp.o)
                0x20070f6a                _cmark
 .bss._ZL14isEndpointHalt
                0x20070f6c        0x1 E:\documents\ARDUINO\buildfolder\powerSupply\arduino_due_x_dbg\Debug/core.a(USBCore.cpp.o)
 *fill*         0x20070f6d        0x3 
 .bss._cdcComposite
                0x20070f70        0x4 E:\documents\ARDUINO\buildfolder\powerSupply\arduino_due_x_dbg\Debug/core.a(USBCore.cpp.o)
                0x20070f70                _cdcComposite
 .bss._ZL21isRemoteWakeUpEnabled
                0x20070f74        0x1 E:\documents\ARDUINO\buildfolder\powerSupply\arduino_due_x_dbg\Debug/core.a(USBCore.cpp.o)
 *fill*         0x20070f75        0x3 
 .bss._usbInitialized
                0x20070f78        0x4 E:\documents\ARDUINO\buildfolder\powerSupply\arduino_due_x_dbg\Debug/core.a(USBCore.cpp.o)
                0x20070f78                _usbInitialized